!***************  ANT CONTRIBUTION  ******************************************************** 

plugin@org.eclipse.ant.core=GIT,tag=v20110808,repo=git://git.eclipse.org/gitroot/platform/eclipse.platform.git,path=ant/org.eclipse.ant.core
plugin@org.eclipse.ant.launching=GIT,tag=v20110808,repo=git://git.eclipse.org/gitroot/platform/eclipse.platform.git,path=ant/org.eclipse.ant.launching

plugin@org.eclipse.ant.ui=GIT,tag=v20110919,repo=git://git.eclipse.org/gitroot/platform/eclipse.platform.git,path=ant/org.eclipse.ant.ui

plugin@org.eclipse.ui.externaltools=GIT,tag=v20110822,repo=git://git.eclipse.org/gitroot/platform/eclipse.platform.git,path=ant/org.eclipse.ui.externaltools
plugin@org.eclipse.core.externaltools=GIT,tag=v20110808,repo=git://git.eclipse.org/gitroot/platform/eclipse.platform.git,path=ant/org.eclipse.core.externaltools

plugin@org.eclipse.ant.tests.core=GIT,tag=v20110808,repo=git://git.eclipse.org/gitroot/platform/eclipse.platform.git,path=ant/org.eclipse.ant.tests.core
plugin@org.eclipse.ant.tests.ui=GIT,tag=v20110808,repo=git://git.eclipse.org/gitroot/platform/eclipse.platform.git,path=ant/org.eclipse.ant.tests.ui