!***************  ANT CONTRIBUTION  ******************************************************** 

#plugin@org.apache.ant=p2IU,id=org.apache.ant,version=,repository=http://download.eclipse.org/eclipse/updates/3.6/
plugin@org.eclipse.ant.core=p2IU,id=org.eclipse.ant.core,version=,repository=http://download.eclipse.org/eclipse/updates/3.6/
plugin@org.eclipse.ant.launching=p2IU,id=org.eclipse.ant.launching,version=,repository=http://download.eclipse.org/eclipse/updates/3.6/

plugin@org.eclipse.ant.ui=p2IU,id=org.eclipse.ant.ui,version=,repository=http://download.eclipse.org/eclipse/updates/3.6/

plugin@org.eclipse.ui.externaltools=p2IU,id=org.eclipse.ui.externaltools,version=,repository=http://download.eclipse.org/eclipse/updates/3.6/
plugin@org.eclipse.core.externaltools=p2IU,id=org.eclipse.core.externaltools,version=,repository=http://download.eclipse.org/eclipse/updates/3.6/

plugin@org.eclipse.ant.tests.core=p2IU,id=org.eclipse.ant.tests.core,version=,repository=http://download.eclipse.org/eclipse/updates/3.6/
plugin@org.eclipse.ant.tests.ui=p2IU,id=org.eclipse.ant.tests.ui,version=,repository=http://download.eclipse.org/eclipse/updates/3.6/

