!***************  ANT CONTRIBUTION  ******************************************************** 

#plugin@org.apache.ant=v20070416,:pserver:anonymous@dev.eclipse.org:/cvsroot/eclipse,
plugin@org.eclipse.ant.core=p2IU,id=org.eclipse.ant.core,version=,repository=http://download.eclipse.org/eclipse/updates/3.6/
plugin@org.eclipse.ant.core.source=p2IU,id=org.eclipse.ant.core.source,version=,repository=http://download.eclipse.org/eclipse/updates/3.6/
plugin@org.eclipse.ant.launching=p2IU,id=org.eclipse.ant.launching,version=,repository=http://download.eclipse.org/eclipse/updates/3.6/
plugin@org.eclipse.ant.launching.source=p2IU,id=org.eclipse.ant.launching.source,version=,repository=http://download.eclipse.org/eclipse/updates/3.6/

plugin@org.eclipse.ant.ui=p2IU,id=org.eclipse.ant.ui,version=,repository=http://download.eclipse.org/eclipse/updates/3.6/
plugin@org.eclipse.ant.ui.source=p2IU,id=org.eclipse.ant.ui.source,version=,repository=http://download.eclipse.org/eclipse/updates/3.6/

plugin@org.eclipse.ui.externaltools=p2IU,id=org.eclipse.ui.externaltools,version=,repository=http://download.eclipse.org/eclipse/updates/3.6/
plugin@org.eclipse.ui.externaltools.source=p2IU,id=org.eclipse.ui.externaltools.source,version=,repository=http://download.eclipse.org/eclipse/updates/3.6/
plugin@org.eclipse.core.externaltools=p2IU,id=org.eclipse.core.externaltools,version=,repository=http://download.eclipse.org/eclipse/updates/3.6/
plugin@org.eclipse.core.externaltools.source=p2IU,id=org.eclipse.core.externaltools.source,version=,repository=http://download.eclipse.org/eclipse/updates/3.6/

plugin@org.eclipse.ant.tests.core=p2IU,id=org.eclipse.ant.tests.core,version=,repository=http://download.eclipse.org/eclipse/updates/3.6/
plugin@org.eclipse.ant.tests.core.source=p2IU,id=org.eclipse.ant.tests.core.source,version=,repository=http://download.eclipse.org/eclipse/updates/3.6/
plugin@org.eclipse.ant.tests.ui=p2IU,id=org.eclipse.ant.tests.ui,version=,repository=http://download.eclipse.org/eclipse/updates/3.6/
plugin@org.eclipse.ant.tests.ui.source=p2IU,id=org.eclipse.ant.tests.ui.source,version=,repository=http://download.eclipse.org/eclipse/updates/3.6/