! map file used as input to custom Ant task <fetch.base> implemented in org.eclipse.releng.basebuilder.
! Generates a fetch script which populates a baseLocation with prebuilt plug-ins or features.

base.plugin@com.ibm.icu=v20070123,:pserver:anonymous@dev.eclipse.org:/cvsroot/eclipse,,org.eclipse.sdk-feature/plugins/com.ibm.icu/com.ibm.icu_3.6.0.20061215.jar
base.plugin@com.ibm.icu.source=v20070123,:pserver:anonymous@dev.eclipse.org:/cvsroot/eclipse,,org.eclipse.sdk-feature/plugins/com.ibm.icu/com.ibm.icu.source_3.6.0.20061215

base.plugin@com.ibm.icu.base=v20070123,:pserver:anonymous@dev.eclipse.org:/cvsroot/eclipse,,org.eclipse.sdk-feature/plugins/com.ibm.icu/com.ibm.icu.base_3.6.0.20061215.jar
base.plugin@com.ibm.icu.base.source=v20070123,:pserver:anonymous@dev.eclipse.org:/cvsroot/eclipse,,org.eclipse.sdk-feature/plugins/com.ibm.icu/com.ibm.icu.base.source_3.6.0.20061215

#base.plugin@com.jcraft.jsch=v20060601,:pserver:anonymous@dev.eclipse.org:/cvsroot/eclipse,,org.eclipse.team.cvs.ssh2/com.jcraft.jsch_0.1.28.jar

#base.plugin@javax.servlet=HEAD,:pserver:anonymous@dev.eclipse.org:/cvsroot/eclipse,,org.eclipse.sdk-feature/plugins/other/javax.servlet_2.4.0.200609281713.jar
#base.plugin@org.apache.commons.logging=HEAD,:pserver:anonymous@dev.eclipse.org:/cvsroot/eclipse,,org.eclipse.sdk-feature/plugins/other/org.apache.commons.logging_1.0.4.jar
#base.plugin@org.mortbay.jetty=HEAD,:pserver:anonymous@dev.eclipse.org:/cvsroot/eclipse,,org.eclipse.sdk-feature/plugins/other/org.mortbay.jetty_5.1.11.200609281713.jar
