!***************  COMPARE CONTRIBUTION  ******************************************************** 

plugin@org.eclipse.compare=GIT,tag=I20111011-0800,repo=git://git.eclipse.org/gitroot/platform/eclipse.platform.team.git,path=bundles/org.eclipse.compare
plugin@org.eclipse.compare.core=GIT,tag=I20111011-0800,repo=git://git.eclipse.org/gitroot/platform/eclipse.platform.team.git,path=bundles/org.eclipse.compare.core
plugin@org.eclipse.compare.win32=GIT,tag=I20111011-0800,repo=git://git.eclipse.org/gitroot/platform/eclipse.platform.team.git,path=bundles/org.eclipse.compare.win32

plugin@org.eclipse.compare.examples=GIT,tag=I20111011-0800,repo=git://git.eclipse.org/gitroot/platform/eclipse.platform.team.git,path=examples/org.eclipse.compare.examples
plugin@org.eclipse.compare.examples.xml=GIT,tag=I20111011-0800,repo=git://git.eclipse.org/gitroot/platform/eclipse.platform.team.git,path=examples/org.eclipse.compare.examples.xml

plugin@org.eclipse.compare.tests=GIT,tag=I20111011-0800,repo=git://git.eclipse.org/gitroot/platform/eclipse.platform.team.git,path=tests/org.eclipse.compare.tests