!***************  CORE CONTRIBUTION  ******************************************************** 

!**** OSGi
plugin@org.eclipse.osgi=v20051121,:pserver:anonymous@dev.eclipse.org:/cvsroot/eclipse,
plugin@org.eclipse.osgi.services=v20051108,:pserver:anonymous@dev.eclipse.org:/cvsroot/eclipse,
plugin@org.eclipse.osgi.util=v20051108,:pserver:anonymous@dev.eclipse.org:/cvsroot/eclipse,

!**** Equinox
plugin@org.eclipse.equinox.common=HEAD,:pserver:anonymous@dev.eclipse.org:/cvsroot/eclipse,,equinox-incubator/runtime-split/org.eclipse.equinox.common
plugin@org.eclipse.equinox.preferences=HEAD,:pserver:anonymous@dev.eclipse.org:/cvsroot/eclipse,,equinox-incubator/runtime-split/org.eclipse.equinox.preferences
plugin@org.eclipse.equinox.registry=HEAD,:pserver:anonymous@dev.eclipse.org:/cvsroot/eclipse,,equinox-incubator/runtime-split/org.eclipse.equinox.registry
plugin@org.eclipse.equinox.supplement=HEAD,:pserver:anonymous@dev.eclipse.org:/cvsroot/eclipse,,equinox-incubator/runtime-split/org.eclipse.equinox.supplement

!**** Runtime
#plugin@org.eclipse.core.runtime=v20051114,:pserver:anonymous@dev.eclipse.org:/cvsroot/eclipse,
plugin@org.eclipse.core.runtime=HEAD,:pserver:anonymous@dev.eclipse.org:/cvsroot/eclipse,,equinox-incubator/runtime-split/org.eclipse.core.runtime
plugin@org.eclipse.core.contenttype=HEAD,:pserver:anonymous@dev.eclipse.org:/cvsroot/eclipse,,equinox-incubator/runtime-split/org.eclipse.core.contenttype
plugin@org.eclipse.core.jobs=HEAD,:pserver:anonymous@dev.eclipse.org:/cvsroot/eclipse,,equinox-incubator/runtime-split/org.eclipse.core.jobs

!**** Resources
plugin@org.eclipse.core.resources=v20051121,:pserver:anonymous@dev.eclipse.org:/cvsroot/eclipse,
fragment@org.eclipse.core.resources.win32=v20051121,:pserver:anonymous@dev.eclipse.org:/cvsroot/eclipse,
fragment@org.eclipse.core.resources.compatibility=v20051114,:pserver:anonymous@dev.eclipse.org:/cvsroot/eclipse,

!**** File System
plugin@org.eclipse.core.filesystem=v20051121,:pserver:anonymous@dev.eclipse.org:/cvsroot/eclipse,
fragment@org.eclipse.core.filesystem.win32.x86=v20051114,:pserver:anonymous@dev.eclipse.org:/cvsroot/eclipse,
fragment@org.eclipse.core.filesystem.linux.x86=v20051114,:pserver:anonymous@dev.eclipse.org:/cvsroot/eclipse,
fragment@org.eclipse.core.filesystem.linux.x86_64=v20051114,:pserver:anonymous@dev.eclipse.org:/cvsroot/eclipse,

!**** Legacy Runtime
plugin@org.eclipse.core.boot=v20051108,:pserver:anonymous@dev.eclipse.org:/cvsroot/eclipse,
#plugin@org.eclipse.core.runtime.compatibility=v20051108,:pserver:anonymous@dev.eclipse.org:/cvsroot/eclipse,
plugin@org.eclipse.core.runtime.compatibility=HEAD,:pserver:anonymous@dev.eclipse.org:/cvsroot/eclipse,,equinox-incubator/runtime-split/org.eclipse.core.runtime.compatibility

!**** Other Core Code
plugin@org.eclipse.pde.build=v20051031a,:pserver:anonymous@dev.eclipse.org:/cvsroot/eclipse,
feature@org.eclipse.pde.builder=v20040624a,:pserver:anonymous@dev.eclipse.org:/cvsroot/eclipse,,org.eclipse.pde.build/feature
plugin@org.eclipse.webdav=v20050623-1600,:pserver:anonymous@dev.eclipse.org:/cvsroot/eclipse,

!**** Test Suites
#plugin@org.eclipse.core.tests.harness=v20051114,:pserver:anonymous@dev.eclipse.org:/cvsroot/eclipse,
plugin@org.eclipse.core.tests.harness=HEAD,:pserver:anonymous@dev.eclipse.org:/cvsroot/eclipse,,equinox-incubator/runtime-split/org.eclipse.tests.harness
plugin@org.eclipse.core.tests.resources=v20051121,:pserver:anonymous@dev.eclipse.org:/cvsroot/eclipse,
#plugin@org.eclipse.core.tests.runtime=v20051114,:pserver:anonymous@dev.eclipse.org:/cvsroot/eclipse,
plugin@org.eclipse.core.tests.runtime=HEAD,:pserver:anonymous@dev.eclipse.org:/cvsroot/eclipse,,equinox-incubator/runtime-split/org.eclipse.tests.runtime
plugin@org.eclipse.osgi.tests=v20050726,:pserver:anonymous@dev.eclipse.org:/cvsroot/eclipse,