!***************  CORE CONTRIBUTION  ******************************************************** 

fragment@org.eclipse.core.resources.win32=v20031111,:pserver:anonymous@dev.eclipse.org:/home/eclipse,
fragment@org.eclipse.core.resources.linux=v20031111,:pserver:anonymous@dev.eclipse.org:/home/eclipse,

plugin@org.apache.xerces=v20031106,:pserver:anonymous@dev.eclipse.org:/home/eclipse,

plugin@org.eclipse.core.boot=v20031111,:pserver:anonymous@dev.eclipse.org:/home/eclipse,
plugin@org.eclipse.core.resources=v20031113,:pserver:anonymous@dev.eclipse.org:/home/eclipse,
plugin@org.eclipse.core.runtime=v20031113,:pserver:anonymous@dev.eclipse.org:/home/eclipse,
plugin@org.eclipse.pde.build=v20031111,:pserver:anonymous@dev.eclipse.org:/home/eclipse,
plugin@org.eclipse.webdav=v20031111,:pserver:anonymous@dev.eclipse.org:/home/eclipse,

plugin@org.eclipse.core.tests.harness=v20031111,:pserver:anonymous@dev.eclipse.org:/home/eclipse,
plugin@org.eclipse.core.tests.resources=v20031113,:pserver:anonymous@dev.eclipse.org:/home/eclipse,
plugin@org.eclipse.core.tests.runtime=v20031113,:pserver:anonymous@dev.eclipse.org:/home/eclipse,
