!***************  CORE CONTRIBUTION  ******************************************************** 

!**** OSGi
plugin@org.eclipse.osgi=v20050131,:pserver:anonymous@dev.eclipse.org:/home/eclipse,
plugin@org.eclipse.osgi.services=v20041012a,:pserver:anonymous@dev.eclipse.org:/home/eclipse,
plugin@org.eclipse.osgi.util=v20041012a,:pserver:anonymous@dev.eclipse.org:/home/eclipse,

!**** Runtime
plugin@org.eclipse.core.runtime=v20050201,:pserver:anonymous@dev.eclipse.org:/home/eclipse,

!**** Resources
plugin@org.eclipse.core.resources=v20050202b,:pserver:anonymous@dev.eclipse.org:/home/eclipse,
fragment@org.eclipse.core.resources.win32=v20050124,:pserver:anonymous@dev.eclipse.org:/home/eclipse,
fragment@org.eclipse.core.resources.linux=v20050131,:pserver:anonymous@dev.eclipse.org:/home/eclipse,
fragment@org.eclipse.core.resources.compatibility=v20050202b,:pserver:anonymous@dev.eclipse.org:/home/eclipse,

!**** Legacy Runtime
plugin@org.eclipse.core.boot=v20040622,:pserver:anonymous@dev.eclipse.org:/home/eclipse,
plugin@org.eclipse.core.runtime.compatibility=v20050124,:pserver:anonymous@dev.eclipse.org:/home/eclipse,

!**** Other Core Code
plugin@org.eclipse.pde.build=v20050201,:pserver:anonymous@dev.eclipse.org:/home/eclipse,
feature@org.eclipse.pde.builder=v20040624a,:pserver:anonymous@dev.eclipse.org:/home/eclipse,,org.eclipse.pde.build/feature
plugin@org.eclipse.webdav=v20041127,:pserver:anonymous@dev.eclipse.org:/home/eclipse,

!**** Test Suites
plugin@org.eclipse.core.tests.harness=v20041223,:pserver:anonymous@dev.eclipse.org:/home/eclipse,
plugin@org.eclipse.core.tests.resources=v20050202b,:pserver:anonymous@dev.eclipse.org:/home/eclipse,
plugin@org.eclipse.core.tests.runtime=v20050131,:pserver:anonymous@dev.eclipse.org:/home/eclipse,
plugin@org.eclipse.osgi.tests=v20050124,:pserver:anonymous@dev.eclipse.org:/home/eclipse,