!*** This file was created on October 26, 2009 8:48:15 PM GMT
plugin@ch.ethz.iks.slp,1.0.0=p2IU,id=ch.ethz.iks.slp,version=1.0.0.RC5_v20080820-1500,repository=http://download.eclipse.org/tools/orbit/downloads/drops/S20091026190351/updateSite

plugin@ch.ethz.iks.slp.source,1.0.0=p2IU,id=ch.ethz.iks.slp.source,version=1.0.0.RC2_v20080604-1500,repository=http://download.eclipse.org/tools/orbit/downloads/drops/S20091026190351/updateSite

plugin@com.google.gwt.servlet,1.7.0=p2IU,id=com.google.gwt.servlet,version=1.7.0.v20091020-1225,repository=http://download.eclipse.org/tools/orbit/downloads/drops/S20091026190351/updateSite

plugin@com.google.gwt.servlet.source,1.7.0=p2IU,id=com.google.gwt.servlet.source,version=1.7.0.v20091020-1225,repository=http://download.eclipse.org/tools/orbit/downloads/drops/S20091026190351/updateSite

plugin@com.google.gwt.user,1.7.0=p2IU,id=com.google.gwt.user,version=1.7.0.v20091019-0813,repository=http://download.eclipse.org/tools/orbit/downloads/drops/S20091026190351/updateSite

plugin@com.google.gwt.user.source,1.7.0=p2IU,id=com.google.gwt.user.source,version=1.7.0.v20091019-0813,repository=http://download.eclipse.org/tools/orbit/downloads/drops/S20091026190351/updateSite

plugin@com.ibm.icu,3.6.1=p2IU,id=com.ibm.icu,version=3.6.1.v20080530,repository=http://download.eclipse.org/tools/orbit/downloads/drops/S20091026190351/updateSite

plugin@com.ibm.icu,3.6.0=p2IU,id=com.ibm.icu,version=3.6.0.v20080530,repository=http://download.eclipse.org/tools/orbit/downloads/drops/S20091026190351/updateSite

plugin@com.ibm.icu,4.0.1=p2IU,id=com.ibm.icu,version=4.0.1.v20090822,repository=http://download.eclipse.org/tools/orbit/downloads/drops/S20091026190351/updateSite

plugin@com.ibm.icu,4.0.0=p2IU,id=com.ibm.icu,version=4.0.0.v20081201,repository=http://download.eclipse.org/tools/orbit/downloads/drops/S20091026190351/updateSite

plugin@com.ibm.icu,3.8.1=p2IU,id=com.ibm.icu,version=3.8.1.v20081217,repository=http://download.eclipse.org/tools/orbit/downloads/drops/S20091026190351/updateSite

plugin@com.ibm.icu,3.4.5=p2IU,id=com.ibm.icu,version=3.4.5,repository=http://download.eclipse.org/tools/orbit/downloads/drops/S20091026190351/updateSite

plugin@com.ibm.icu.base,3.6.1=p2IU,id=com.ibm.icu.base,version=3.6.1.v20080530,repository=http://download.eclipse.org/tools/orbit/downloads/drops/S20091026190351/updateSite

plugin@com.ibm.icu.base,3.6.0=p2IU,id=com.ibm.icu.base,version=3.6.0.v20080530,repository=http://download.eclipse.org/tools/orbit/downloads/drops/S20091026190351/updateSite

plugin@com.ibm.icu.base,4.0.1=p2IU,id=com.ibm.icu.base,version=4.0.1.v20090822,repository=http://download.eclipse.org/tools/orbit/downloads/drops/S20091026190351/updateSite

plugin@com.ibm.icu.base,4.0.0=p2IU,id=com.ibm.icu.base,version=4.0.0.v20081201,repository=http://download.eclipse.org/tools/orbit/downloads/drops/S20091026190351/updateSite

plugin@com.ibm.icu.base,3.8.1=p2IU,id=com.ibm.icu.base,version=3.8.1.v20081217,repository=http://download.eclipse.org/tools/orbit/downloads/drops/S20091026190351/updateSite

plugin@com.ibm.icu.base,3.4.5=p2IU,id=com.ibm.icu.base,version=3.4.5,repository=http://download.eclipse.org/tools/orbit/downloads/drops/S20091026190351/updateSite

plugin@com.ibm.icu.base.source,4.0.1=p2IU,id=com.ibm.icu.base.source,version=4.0.1.v20090822,repository=http://download.eclipse.org/tools/orbit/downloads/drops/S20091026190351/updateSite

plugin@com.ibm.icu.base.source,4.0.0=p2IU,id=com.ibm.icu.base.source,version=4.0.0.v20081201,repository=http://download.eclipse.org/tools/orbit/downloads/drops/S20091026190351/updateSite

plugin@com.ibm.icu.base.source,3.8.1=p2IU,id=com.ibm.icu.base.source,version=3.8.1.v20081217,repository=http://download.eclipse.org/tools/orbit/downloads/drops/S20091026190351/updateSite

plugin@com.ibm.icu.base.source,3.4.5=p2IU,id=com.ibm.icu.base.source,version=3.4.5,repository=http://download.eclipse.org/tools/orbit/downloads/drops/S20091026190351/updateSite

plugin@com.ibm.icu.base.source,3.6.1=p2IU,id=com.ibm.icu.base.source,version=3.6.1.v20080530,repository=http://download.eclipse.org/tools/orbit/downloads/drops/S20091026190351/updateSite

plugin@com.ibm.icu.base.source,3.6.0=p2IU,id=com.ibm.icu.base.source,version=3.6.0.v20080530,repository=http://download.eclipse.org/tools/orbit/downloads/drops/S20091026190351/updateSite

plugin@com.ibm.icu.source,3.6.1=p2IU,id=com.ibm.icu.source,version=3.6.1.v20080530,repository=http://download.eclipse.org/tools/orbit/downloads/drops/S20091026190351/updateSite

plugin@com.ibm.icu.source,3.6.0=p2IU,id=com.ibm.icu.source,version=3.6.0.v20080530,repository=http://download.eclipse.org/tools/orbit/downloads/drops/S20091026190351/updateSite

plugin@com.ibm.icu.source,4.0.1=p2IU,id=com.ibm.icu.source,version=4.0.1.v20090822,repository=http://download.eclipse.org/tools/orbit/downloads/drops/S20091026190351/updateSite

plugin@com.ibm.icu.source,4.0.0=p2IU,id=com.ibm.icu.source,version=4.0.0.v20081201,repository=http://download.eclipse.org/tools/orbit/downloads/drops/S20091026190351/updateSite

plugin@com.ibm.icu.source,3.8.1=p2IU,id=com.ibm.icu.source,version=3.8.1.v20081217,repository=http://download.eclipse.org/tools/orbit/downloads/drops/S20091026190351/updateSite

plugin@com.ibm.icu.source,3.4.5=p2IU,id=com.ibm.icu.source,version=3.4.5,repository=http://download.eclipse.org/tools/orbit/downloads/drops/S20091026190351/updateSite

plugin@com.jcraft.jsch,0.1.41=p2IU,id=com.jcraft.jsch,version=0.1.41.v200903070017,repository=http://download.eclipse.org/tools/orbit/downloads/drops/S20091026190351/updateSite

plugin@com.jcraft.jsch,0.1.37=p2IU,id=com.jcraft.jsch,version=0.1.37.v200803061811,repository=http://download.eclipse.org/tools/orbit/downloads/drops/S20091026190351/updateSite

plugin@com.jcraft.jsch,0.1.31=p2IU,id=com.jcraft.jsch,version=0.1.31,repository=http://download.eclipse.org/tools/orbit/downloads/drops/S20091026190351/updateSite

plugin@com.jcraft.jsch,0.1.28=p2IU,id=com.jcraft.jsch,version=0.1.28,repository=http://download.eclipse.org/tools/orbit/downloads/drops/S20091026190351/updateSite

plugin@com.jcraft.jsch.source,0.1.41=p2IU,id=com.jcraft.jsch.source,version=0.1.41.v200903070017,repository=http://download.eclipse.org/tools/orbit/downloads/drops/S20091026190351/updateSite

plugin@com.jcraft.jsch.source,0.1.37=p2IU,id=com.jcraft.jsch.source,version=0.1.37.v200803061811,repository=http://download.eclipse.org/tools/orbit/downloads/drops/S20091026190351/updateSite

plugin@com.lowagie.text,1.5.4=p2IU,id=com.lowagie.text,version=1.5.4.v200908052355,repository=http://download.eclipse.org/tools/orbit/downloads/drops/S20091026190351/updateSite

plugin@com.lowagie.text.source,1.5.4=p2IU,id=com.lowagie.text.source,version=1.5.4.v200908052355,repository=http://download.eclipse.org/tools/orbit/downloads/drops/S20091026190351/updateSite

plugin@com.sun.syndication,0.9.0=p2IU,id=com.sun.syndication,version=0.9.0.v200803061811,repository=http://download.eclipse.org/tools/orbit/downloads/drops/S20091026190351/updateSite

plugin@com.sun.syndication.source,0.9.0=p2IU,id=com.sun.syndication.source,version=0.9.0.v200803061811,repository=http://download.eclipse.org/tools/orbit/downloads/drops/S20091026190351/updateSite

plugin@com.sun.xml.bind,2.1.9=p2IU,id=com.sun.xml.bind,version=2.1.9.v200905260854,repository=http://download.eclipse.org/tools/orbit/downloads/drops/S20091026190351/updateSite

plugin@com.thoughtworks.qdox,1.6.3=p2IU,id=com.thoughtworks.qdox,version=1.6.3.v20081201-1400,repository=http://download.eclipse.org/tools/orbit/downloads/drops/S20091026190351/updateSite

plugin@com.thoughtworks.qdox.source,1.6.3=p2IU,id=com.thoughtworks.qdox.source,version=1.6.3.v20081201-1400,repository=http://download.eclipse.org/tools/orbit/downloads/drops/S20091026190351/updateSite

plugin@commonj.sdo,2.1.1=p2IU,id=commonj.sdo,version=2.1.1.v200905221342,repository=http://download.eclipse.org/tools/orbit/downloads/drops/S20091026190351/updateSite

plugin@commonj.sdo.source,2.1.1=p2IU,id=commonj.sdo.source,version=2.1.1.v200905221342,repository=http://download.eclipse.org/tools/orbit/downloads/drops/S20091026190351/updateSite

plugin@edu.emory.mathcs.backport,3.1.0=p2IU,id=edu.emory.mathcs.backport,version=3.1.0.v200902251154,repository=http://download.eclipse.org/tools/orbit/downloads/drops/S20091026190351/updateSite

plugin@edu.emory.mathcs.backport.source,3.1.0=p2IU,id=edu.emory.mathcs.backport.source,version=3.1.0.v200902251154,repository=http://download.eclipse.org/tools/orbit/downloads/drops/S20091026190351/updateSite

plugin@java_cup.runtime,0.10.0=p2IU,id=java_cup.runtime,version=0.10.0.v200803061811,repository=http://download.eclipse.org/tools/orbit/downloads/drops/S20091026190351/updateSite

plugin@java_cup.runtime.source,0.10.0=p2IU,id=java_cup.runtime.source,version=0.10.0.v200803061811,repository=http://download.eclipse.org/tools/orbit/downloads/drops/S20091026190351/updateSite

plugin@javax.activation,1.1.0=p2IU,id=javax.activation,version=1.1.0.v200906290531,repository=http://download.eclipse.org/tools/orbit/downloads/drops/S20091026190351/updateSite

plugin@javax.inject,1.0.0=p2IU,id=javax.inject,version=1.0.0.v200910221356,repository=http://download.eclipse.org/tools/orbit/downloads/drops/S20091026190351/updateSite

plugin@javax.inject.source,1.0.0=p2IU,id=javax.inject.source,version=1.0.0.v200910221356,repository=http://download.eclipse.org/tools/orbit/downloads/drops/S20091026190351/updateSite

plugin@javax.jws,2.0.0=p2IU,id=javax.jws,version=2.0.0.v200905261939,repository=http://download.eclipse.org/tools/orbit/downloads/drops/S20091026190351/updateSite

plugin@javax.jws.source,2.0.0=p2IU,id=javax.jws.source,version=2.0.0.v200905261939,repository=http://download.eclipse.org/tools/orbit/downloads/drops/S20091026190351/updateSite

plugin@javax.mail,1.4.0=p2IU,id=javax.mail,version=1.4.0.v200905040518,repository=http://download.eclipse.org/tools/orbit/downloads/drops/S20091026190351/updateSite

plugin@javax.mail.glassfish,1.4.1=p2IU,id=javax.mail.glassfish,version=1.4.1.v200808130215,repository=http://download.eclipse.org/tools/orbit/downloads/drops/S20091026190351/updateSite

plugin@javax.mail.glassfish.source,1.4.1=p2IU,id=javax.mail.glassfish.source,version=1.4.1.v200808130215,repository=http://download.eclipse.org/tools/orbit/downloads/drops/S20091026190351/updateSite

plugin@javax.management,1.2.0=p2IU,id=javax.management,version=1.2.0.v200803061811,repository=http://download.eclipse.org/tools/orbit/downloads/drops/S20091026190351/updateSite

plugin@javax.management.remote,1.0.0=p2IU,id=javax.management.remote,version=1.0.0.v200803061811,repository=http://download.eclipse.org/tools/orbit/downloads/drops/S20091026190351/updateSite

plugin@javax.persistence,1.0.0=p2IU,id=javax.persistence,version=1.0.0.v200905011740,repository=http://download.eclipse.org/tools/orbit/downloads/drops/S20091026190351/updateSite

plugin@javax.persistence.source,1.0.0=p2IU,id=javax.persistence.source,version=1.0.0.v200905011740,repository=http://download.eclipse.org/tools/orbit/downloads/drops/S20091026190351/updateSite

plugin@javax.servlet,2.4.0=p2IU,id=javax.servlet,version=2.4.0.v200806031604,repository=http://download.eclipse.org/tools/orbit/downloads/drops/S20091026190351/updateSite

plugin@javax.servlet,2.3.0=p2IU,id=javax.servlet,version=2.3.0.v200806031603,repository=http://download.eclipse.org/tools/orbit/downloads/drops/S20091026190351/updateSite

plugin@javax.servlet,2.5.0=p2IU,id=javax.servlet,version=2.5.0.v200806031605,repository=http://download.eclipse.org/tools/orbit/downloads/drops/S20091026190351/updateSite

plugin@javax.servlet.jsp,2.0.0=p2IU,id=javax.servlet.jsp,version=2.0.0.v200806031607,repository=http://download.eclipse.org/tools/orbit/downloads/drops/S20091026190351/updateSite

plugin@javax.servlet.jsp,1.2.0=p2IU,id=javax.servlet.jsp,version=1.2.0.v200806031606,repository=http://download.eclipse.org/tools/orbit/downloads/drops/S20091026190351/updateSite

plugin@javax.servlet.jsp.source,2.0.0=p2IU,id=javax.servlet.jsp.source,version=2.0.0.v200806031607,repository=http://download.eclipse.org/tools/orbit/downloads/drops/S20091026190351/updateSite

plugin@javax.servlet.jsp.source,1.2.0=p2IU,id=javax.servlet.jsp.source,version=1.2.0.v200806031606,repository=http://download.eclipse.org/tools/orbit/downloads/drops/S20091026190351/updateSite

plugin@javax.servlet.source,2.5.0=p2IU,id=javax.servlet.source,version=2.5.0.v200806031605,repository=http://download.eclipse.org/tools/orbit/downloads/drops/S20091026190351/updateSite

plugin@javax.servlet.source,2.4.0=p2IU,id=javax.servlet.source,version=2.4.0.v200806031604,repository=http://download.eclipse.org/tools/orbit/downloads/drops/S20091026190351/updateSite

plugin@javax.servlet.source,2.3.0=p2IU,id=javax.servlet.source,version=2.3.0.v200806031603,repository=http://download.eclipse.org/tools/orbit/downloads/drops/S20091026190351/updateSite

plugin@javax.wsdl,1.4.0=p2IU,id=javax.wsdl,version=1.4.0.v200806030407,repository=http://download.eclipse.org/tools/orbit/downloads/drops/S20091026190351/updateSite

plugin@javax.wsdl,1.6.2=p2IU,id=javax.wsdl,version=1.6.2.v200806030405,repository=http://download.eclipse.org/tools/orbit/downloads/drops/S20091026190351/updateSite

plugin@javax.wsdl,1.5.1=p2IU,id=javax.wsdl,version=1.5.1.v200806030408,repository=http://download.eclipse.org/tools/orbit/downloads/drops/S20091026190351/updateSite

plugin@javax.wsdl.source,1.6.2=p2IU,id=javax.wsdl.source,version=1.6.2.v200806030405,repository=http://download.eclipse.org/tools/orbit/downloads/drops/S20091026190351/updateSite

plugin@javax.wsdl15,1.5.1=p2IU,id=javax.wsdl15,version=1.5.1.v200806030409,repository=http://download.eclipse.org/tools/orbit/downloads/drops/S20091026190351/updateSite

plugin@javax.xml,1.3.4=p2IU,id=javax.xml,version=1.3.4.v200902170245,repository=http://download.eclipse.org/tools/orbit/downloads/drops/S20091026190351/updateSite

plugin@javax.xml.bind,2.1.9=p2IU,id=javax.xml.bind,version=2.1.9.v200905050702,repository=http://download.eclipse.org/tools/orbit/downloads/drops/S20091026190351/updateSite

plugin@javax.xml.bind,2.0.0=p2IU,id=javax.xml.bind,version=2.0.0.v20080604-1500,repository=http://download.eclipse.org/tools/orbit/downloads/drops/S20091026190351/updateSite

plugin@javax.xml.bind.source,2.0.0=p2IU,id=javax.xml.bind.source,version=2.0.0.v20080604-1500,repository=http://download.eclipse.org/tools/orbit/downloads/drops/S20091026190351/updateSite

plugin@javax.xml.rpc,1.1.0=p2IU,id=javax.xml.rpc,version=1.1.0.v200905122109,repository=http://download.eclipse.org/tools/orbit/downloads/drops/S20091026190351/updateSite

plugin@javax.xml.soap,1.3.0=p2IU,id=javax.xml.soap,version=1.3.0.v200904281458,repository=http://download.eclipse.org/tools/orbit/downloads/drops/S20091026190351/updateSite

plugin@javax.xml.soap,1.2.0=p2IU,id=javax.xml.soap,version=1.2.0.v200905122109,repository=http://download.eclipse.org/tools/orbit/downloads/drops/S20091026190351/updateSite

plugin@javax.xml.stream,1.0.1=p2IU,id=javax.xml.stream,version=1.0.1.v200903100845,repository=http://download.eclipse.org/tools/orbit/downloads/drops/S20091026190351/updateSite

plugin@javax.xml.ws,2.1.0=p2IU,id=javax.xml.ws,version=2.1.0.v200902101523,repository=http://download.eclipse.org/tools/orbit/downloads/drops/S20091026190351/updateSite

plugin@javax.xml.ws,2.0.0=p2IU,id=javax.xml.ws,version=2.0.0.v200902170419,repository=http://download.eclipse.org/tools/orbit/downloads/drops/S20091026190351/updateSite

plugin@net.sourceforge.lpg.lpgjavaruntime,1.0.0=p2IU,id=net.sourceforge.lpg.lpgjavaruntime,version=1.0.0.v200803061811,repository=http://download.eclipse.org/tools/orbit/downloads/drops/S20091026190351/updateSite

plugin@net.sourceforge.lpg.lpgjavaruntime,1.1.0=p2IU,id=net.sourceforge.lpg.lpgjavaruntime,version=1.1.0.v200803061910,repository=http://download.eclipse.org/tools/orbit/downloads/drops/S20091026190351/updateSite

plugin@net.sourceforge.lpg.lpgjavaruntime.source,1.1.0=p2IU,id=net.sourceforge.lpg.lpgjavaruntime.source,version=1.1.0.v200803061910,repository=http://download.eclipse.org/tools/orbit/downloads/drops/S20091026190351/updateSite

plugin@net.sourceforge.lpg.lpgjavaruntime.source,1.0.0=p2IU,id=net.sourceforge.lpg.lpgjavaruntime.source,version=1.0.0.v200803061811,repository=http://download.eclipse.org/tools/orbit/downloads/drops/S20091026190351/updateSite

plugin@net.sourceforge.mx4j,3.0.1=p2IU,id=net.sourceforge.mx4j,version=3.0.1.v200803061811,repository=http://download.eclipse.org/tools/orbit/downloads/drops/S20091026190351/updateSite

plugin@net.sourceforge.mx4j.remote,3.0.1=p2IU,id=net.sourceforge.mx4j.remote,version=3.0.1.v200803061811,repository=http://download.eclipse.org/tools/orbit/downloads/drops/S20091026190351/updateSite

plugin@org.antlr.runtime,3.0.0=p2IU,id=org.antlr.runtime,version=3.0.0.v200803061811,repository=http://download.eclipse.org/tools/orbit/downloads/drops/S20091026190351/updateSite

plugin@org.antlr.runtime.source,3.0.0=p2IU,id=org.antlr.runtime.source,version=3.0.0.v200803061811,repository=http://download.eclipse.org/tools/orbit/downloads/drops/S20091026190351/updateSite

plugin@org.aopalliance,1.0.0=p2IU,id=org.aopalliance,version=1.0.0.v200905130917,repository=http://download.eclipse.org/tools/orbit/downloads/drops/S20091026190351/updateSite

plugin@org.apache.ant,1.7.1=p2IU,id=org.apache.ant,version=1.7.1.v20090120-1145,repository=http://download.eclipse.org/tools/orbit/downloads/drops/S20091026190351/updateSite

plugin@org.apache.ant,1.7.0=p2IU,id=org.apache.ant,version=1.7.0.v20080627-1145,repository=http://download.eclipse.org/tools/orbit/downloads/drops/S20091026190351/updateSite

plugin@org.apache.ant,1.6.5=p2IU,id=org.apache.ant,version=1.6.5.v20080627-1140,repository=http://download.eclipse.org/tools/orbit/downloads/drops/S20091026190351/updateSite

plugin@org.apache.ant.source,1.7.1=p2IU,id=org.apache.ant.source,version=1.7.1.v20090120-1145,repository=http://download.eclipse.org/tools/orbit/downloads/drops/S20091026190351/updateSite

plugin@org.apache.ant.source,1.7.0=p2IU,id=org.apache.ant.source,version=1.7.0.v20080627-1145,repository=http://download.eclipse.org/tools/orbit/downloads/drops/S20091026190351/updateSite

plugin@org.apache.ant.source,1.6.5=p2IU,id=org.apache.ant.source,version=1.6.5.v20080627-1140,repository=http://download.eclipse.org/tools/orbit/downloads/drops/S20091026190351/updateSite

plugin@org.apache.axis,1.4.0=p2IU,id=org.apache.axis,version=1.4.0.v200905122109,repository=http://download.eclipse.org/tools/orbit/downloads/drops/S20091026190351/updateSite

plugin@org.apache.batik.bridge,1.6.0=p2IU,id=org.apache.batik.bridge,version=1.6.0.v200805290154,repository=http://download.eclipse.org/tools/orbit/downloads/drops/S20091026190351/updateSite

plugin@org.apache.batik.bridge,1.7.0=p2IU,id=org.apache.batik.bridge,version=1.7.0.v200903091627,repository=http://download.eclipse.org/tools/orbit/downloads/drops/S20091026190351/updateSite

plugin@org.apache.batik.bridge.source,1.7.0=p2IU,id=org.apache.batik.bridge.source,version=1.7.0.v200903091627,repository=http://download.eclipse.org/tools/orbit/downloads/drops/S20091026190351/updateSite

plugin@org.apache.batik.bridge.source,1.6.0=p2IU,id=org.apache.batik.bridge.source,version=1.6.0.v200805290154,repository=http://download.eclipse.org/tools/orbit/downloads/drops/S20091026190351/updateSite

plugin@org.apache.batik.css,1.7.0=p2IU,id=org.apache.batik.css,version=1.7.0.v200903091627,repository=http://download.eclipse.org/tools/orbit/downloads/drops/S20091026190351/updateSite

plugin@org.apache.batik.css,1.6.0=p2IU,id=org.apache.batik.css,version=1.6.0.v200805290154,repository=http://download.eclipse.org/tools/orbit/downloads/drops/S20091026190351/updateSite

plugin@org.apache.batik.css.source,1.7.0=p2IU,id=org.apache.batik.css.source,version=1.7.0.v200903091627,repository=http://download.eclipse.org/tools/orbit/downloads/drops/S20091026190351/updateSite

plugin@org.apache.batik.css.source,1.6.0=p2IU,id=org.apache.batik.css.source,version=1.6.0.v200805290154,repository=http://download.eclipse.org/tools/orbit/downloads/drops/S20091026190351/updateSite

plugin@org.apache.batik.dom,1.6.0=p2IU,id=org.apache.batik.dom,version=1.6.0.v200805290154,repository=http://download.eclipse.org/tools/orbit/downloads/drops/S20091026190351/updateSite

plugin@org.apache.batik.dom,1.7.0=p2IU,id=org.apache.batik.dom,version=1.7.0.v200903091627,repository=http://download.eclipse.org/tools/orbit/downloads/drops/S20091026190351/updateSite

plugin@org.apache.batik.dom.source,1.7.0=p2IU,id=org.apache.batik.dom.source,version=1.7.0.v200903091627,repository=http://download.eclipse.org/tools/orbit/downloads/drops/S20091026190351/updateSite

plugin@org.apache.batik.dom.source,1.6.0=p2IU,id=org.apache.batik.dom.source,version=1.6.0.v200805290154,repository=http://download.eclipse.org/tools/orbit/downloads/drops/S20091026190351/updateSite

plugin@org.apache.batik.dom.svg,1.6.0=p2IU,id=org.apache.batik.dom.svg,version=1.6.0.v200805290154,repository=http://download.eclipse.org/tools/orbit/downloads/drops/S20091026190351/updateSite

plugin@org.apache.batik.dom.svg,1.7.0=p2IU,id=org.apache.batik.dom.svg,version=1.7.0.v200903091627,repository=http://download.eclipse.org/tools/orbit/downloads/drops/S20091026190351/updateSite

plugin@org.apache.batik.dom.svg.source,1.7.0=p2IU,id=org.apache.batik.dom.svg.source,version=1.7.0.v200903091627,repository=http://download.eclipse.org/tools/orbit/downloads/drops/S20091026190351/updateSite

plugin@org.apache.batik.dom.svg.source,1.6.0=p2IU,id=org.apache.batik.dom.svg.source,version=1.6.0.v200805290154,repository=http://download.eclipse.org/tools/orbit/downloads/drops/S20091026190351/updateSite

plugin@org.apache.batik.ext.awt,1.7.0=p2IU,id=org.apache.batik.ext.awt,version=1.7.0.v200903091627,repository=http://download.eclipse.org/tools/orbit/downloads/drops/S20091026190351/updateSite

plugin@org.apache.batik.ext.awt,1.6.0=p2IU,id=org.apache.batik.ext.awt,version=1.6.0.v200805290154,repository=http://download.eclipse.org/tools/orbit/downloads/drops/S20091026190351/updateSite

plugin@org.apache.batik.ext.awt.source,1.7.0=p2IU,id=org.apache.batik.ext.awt.source,version=1.7.0.v200903091627,repository=http://download.eclipse.org/tools/orbit/downloads/drops/S20091026190351/updateSite

plugin@org.apache.batik.ext.awt.source,1.6.0=p2IU,id=org.apache.batik.ext.awt.source,version=1.6.0.v200805290154,repository=http://download.eclipse.org/tools/orbit/downloads/drops/S20091026190351/updateSite

plugin@org.apache.batik.extension,1.7.0=p2IU,id=org.apache.batik.extension,version=1.7.0.v200903091627,repository=http://download.eclipse.org/tools/orbit/downloads/drops/S20091026190351/updateSite

plugin@org.apache.batik.extension,1.6.0=p2IU,id=org.apache.batik.extension,version=1.6.0.v200805290154,repository=http://download.eclipse.org/tools/orbit/downloads/drops/S20091026190351/updateSite

plugin@org.apache.batik.extension.source,1.7.0=p2IU,id=org.apache.batik.extension.source,version=1.7.0.v200903091627,repository=http://download.eclipse.org/tools/orbit/downloads/drops/S20091026190351/updateSite

plugin@org.apache.batik.extension.source,1.6.0=p2IU,id=org.apache.batik.extension.source,version=1.6.0.v200805290154,repository=http://download.eclipse.org/tools/orbit/downloads/drops/S20091026190351/updateSite

plugin@org.apache.batik.parser,1.6.0=p2IU,id=org.apache.batik.parser,version=1.6.0.v200805290154,repository=http://download.eclipse.org/tools/orbit/downloads/drops/S20091026190351/updateSite

plugin@org.apache.batik.parser,1.7.0=p2IU,id=org.apache.batik.parser,version=1.7.0.v200903091627,repository=http://download.eclipse.org/tools/orbit/downloads/drops/S20091026190351/updateSite

plugin@org.apache.batik.parser.source,1.7.0=p2IU,id=org.apache.batik.parser.source,version=1.7.0.v200903091627,repository=http://download.eclipse.org/tools/orbit/downloads/drops/S20091026190351/updateSite

plugin@org.apache.batik.parser.source,1.6.0=p2IU,id=org.apache.batik.parser.source,version=1.6.0.v200805290154,repository=http://download.eclipse.org/tools/orbit/downloads/drops/S20091026190351/updateSite

plugin@org.apache.batik.pdf,1.6.0=p2IU,id=org.apache.batik.pdf,version=1.6.0.v200806031500,repository=http://download.eclipse.org/tools/orbit/downloads/drops/S20091026190351/updateSite

plugin@org.apache.batik.svggen,1.7.0=p2IU,id=org.apache.batik.svggen,version=1.7.0.v200903091627,repository=http://download.eclipse.org/tools/orbit/downloads/drops/S20091026190351/updateSite

plugin@org.apache.batik.svggen,1.6.0=p2IU,id=org.apache.batik.svggen,version=1.6.0.v200805290154,repository=http://download.eclipse.org/tools/orbit/downloads/drops/S20091026190351/updateSite

plugin@org.apache.batik.svggen.source,1.7.0=p2IU,id=org.apache.batik.svggen.source,version=1.7.0.v200903091627,repository=http://download.eclipse.org/tools/orbit/downloads/drops/S20091026190351/updateSite

plugin@org.apache.batik.svggen.source,1.6.0=p2IU,id=org.apache.batik.svggen.source,version=1.6.0.v200805290154,repository=http://download.eclipse.org/tools/orbit/downloads/drops/S20091026190351/updateSite

plugin@org.apache.batik.swing,1.7.0=p2IU,id=org.apache.batik.swing,version=1.7.0.v200903091627,repository=http://download.eclipse.org/tools/orbit/downloads/drops/S20091026190351/updateSite

plugin@org.apache.batik.swing,1.6.0=p2IU,id=org.apache.batik.swing,version=1.6.0.v200805290154,repository=http://download.eclipse.org/tools/orbit/downloads/drops/S20091026190351/updateSite

plugin@org.apache.batik.swing.source,1.7.0=p2IU,id=org.apache.batik.swing.source,version=1.7.0.v200903091627,repository=http://download.eclipse.org/tools/orbit/downloads/drops/S20091026190351/updateSite

plugin@org.apache.batik.swing.source,1.6.0=p2IU,id=org.apache.batik.swing.source,version=1.6.0.v200805290154,repository=http://download.eclipse.org/tools/orbit/downloads/drops/S20091026190351/updateSite

plugin@org.apache.batik.transcoder,1.7.0=p2IU,id=org.apache.batik.transcoder,version=1.7.0.v200903091627,repository=http://download.eclipse.org/tools/orbit/downloads/drops/S20091026190351/updateSite

plugin@org.apache.batik.transcoder,1.6.0=p2IU,id=org.apache.batik.transcoder,version=1.6.0.v200805290154,repository=http://download.eclipse.org/tools/orbit/downloads/drops/S20091026190351/updateSite

plugin@org.apache.batik.transcoder.source,1.7.0=p2IU,id=org.apache.batik.transcoder.source,version=1.7.0.v200903091627,repository=http://download.eclipse.org/tools/orbit/downloads/drops/S20091026190351/updateSite

plugin@org.apache.batik.transcoder.source,1.6.0=p2IU,id=org.apache.batik.transcoder.source,version=1.6.0.v200805290154,repository=http://download.eclipse.org/tools/orbit/downloads/drops/S20091026190351/updateSite

plugin@org.apache.batik.util,1.7.0=p2IU,id=org.apache.batik.util,version=1.7.0.v200903091627,repository=http://download.eclipse.org/tools/orbit/downloads/drops/S20091026190351/updateSite

plugin@org.apache.batik.util,1.6.0=p2IU,id=org.apache.batik.util,version=1.6.0.v200805290154,repository=http://download.eclipse.org/tools/orbit/downloads/drops/S20091026190351/updateSite

plugin@org.apache.batik.util.gui,1.7.0=p2IU,id=org.apache.batik.util.gui,version=1.7.0.v200903091627,repository=http://download.eclipse.org/tools/orbit/downloads/drops/S20091026190351/updateSite

plugin@org.apache.batik.util.gui,1.6.0=p2IU,id=org.apache.batik.util.gui,version=1.6.0.v200805290154,repository=http://download.eclipse.org/tools/orbit/downloads/drops/S20091026190351/updateSite

plugin@org.apache.batik.util.gui.source,1.6.0=p2IU,id=org.apache.batik.util.gui.source,version=1.6.0.v200805290154,repository=http://download.eclipse.org/tools/orbit/downloads/drops/S20091026190351/updateSite

plugin@org.apache.batik.util.gui.source,1.7.0=p2IU,id=org.apache.batik.util.gui.source,version=1.7.0.v200903091627,repository=http://download.eclipse.org/tools/orbit/downloads/drops/S20091026190351/updateSite

plugin@org.apache.batik.util.source,1.7.0=p2IU,id=org.apache.batik.util.source,version=1.7.0.v200903091627,repository=http://download.eclipse.org/tools/orbit/downloads/drops/S20091026190351/updateSite

plugin@org.apache.batik.util.source,1.6.0=p2IU,id=org.apache.batik.util.source,version=1.6.0.v200805290154,repository=http://download.eclipse.org/tools/orbit/downloads/drops/S20091026190351/updateSite

plugin@org.apache.batik.xml,1.6.0=p2IU,id=org.apache.batik.xml,version=1.6.0.v200805290154,repository=http://download.eclipse.org/tools/orbit/downloads/drops/S20091026190351/updateSite

plugin@org.apache.batik.xml,1.7.0=p2IU,id=org.apache.batik.xml,version=1.7.0.v200903091627,repository=http://download.eclipse.org/tools/orbit/downloads/drops/S20091026190351/updateSite

plugin@org.apache.batik.xml.source,1.7.0=p2IU,id=org.apache.batik.xml.source,version=1.7.0.v200903091627,repository=http://download.eclipse.org/tools/orbit/downloads/drops/S20091026190351/updateSite

plugin@org.apache.batik.xml.source,1.6.0=p2IU,id=org.apache.batik.xml.source,version=1.6.0.v200805290154,repository=http://download.eclipse.org/tools/orbit/downloads/drops/S20091026190351/updateSite

plugin@org.apache.bcel,5.2.0=p2IU,id=org.apache.bcel,version=5.2.0.v200803061811,repository=http://download.eclipse.org/tools/orbit/downloads/drops/S20091026190351/updateSite

plugin@org.apache.bcel.source,5.2.0=p2IU,id=org.apache.bcel.source,version=5.2.0.v200803061811,repository=http://download.eclipse.org/tools/orbit/downloads/drops/S20091026190351/updateSite

plugin@org.apache.bsf,2.4.0=p2IU,id=org.apache.bsf,version=2.4.0.v200903072044,repository=http://download.eclipse.org/tools/orbit/downloads/drops/S20091026190351/updateSite

plugin@org.apache.bsf.source,2.4.0=p2IU,id=org.apache.bsf.source,version=2.4.0.v200804101336,repository=http://download.eclipse.org/tools/orbit/downloads/drops/S20091026190351/updateSite

plugin@org.apache.commons.beanutils,1.7.0=p2IU,id=org.apache.commons.beanutils,version=1.7.0.v200902170505,repository=http://download.eclipse.org/tools/orbit/downloads/drops/S20091026190351/updateSite

plugin@org.apache.commons.beanutils.source,1.7.0=p2IU,id=org.apache.commons.beanutils.source,version=1.7.0.v200803061811,repository=http://download.eclipse.org/tools/orbit/downloads/drops/S20091026190351/updateSite

plugin@org.apache.commons.cli,1.0.0=p2IU,id=org.apache.commons.cli,version=1.0.0.v20080604-1500,repository=http://download.eclipse.org/tools/orbit/downloads/drops/S20091026190351/updateSite

plugin@org.apache.commons.cli.source,1.0.0=p2IU,id=org.apache.commons.cli.source,version=1.0.0.v20080604-1500,repository=http://download.eclipse.org/tools/orbit/downloads/drops/S20091026190351/updateSite

plugin@org.apache.commons.codec,1.2.0=p2IU,id=org.apache.commons.codec,version=1.2.0.v20080530-1550,repository=http://download.eclipse.org/tools/orbit/downloads/drops/S20091026190351/updateSite

plugin@org.apache.commons.codec,1.3.0=p2IU,id=org.apache.commons.codec,version=1.3.0.v20080530-1600,repository=http://download.eclipse.org/tools/orbit/downloads/drops/S20091026190351/updateSite

plugin@org.apache.commons.codec.source,1.3.0=p2IU,id=org.apache.commons.codec.source,version=1.3.0.v20080530-1600,repository=http://download.eclipse.org/tools/orbit/downloads/drops/S20091026190351/updateSite

plugin@org.apache.commons.codec.source,1.2.0=p2IU,id=org.apache.commons.codec.source,version=1.2.0.v20080530-1550,repository=http://download.eclipse.org/tools/orbit/downloads/drops/S20091026190351/updateSite

plugin@org.apache.commons.collections,3.2.0=p2IU,id=org.apache.commons.collections,version=3.2.0.v200803061811,repository=http://download.eclipse.org/tools/orbit/downloads/drops/S20091026190351/updateSite

plugin@org.apache.commons.collections.source,3.2.0=p2IU,id=org.apache.commons.collections.source,version=3.2.0.v200803061811,repository=http://download.eclipse.org/tools/orbit/downloads/drops/S20091026190351/updateSite

plugin@org.apache.commons.discovery,0.2.0=p2IU,id=org.apache.commons.discovery,version=0.2.0.v200905122109,repository=http://download.eclipse.org/tools/orbit/downloads/drops/S20091026190351/updateSite

plugin@org.apache.commons.el,1.0.0=p2IU,id=org.apache.commons.el,version=1.0.0.v200806031608,repository=http://download.eclipse.org/tools/orbit/downloads/drops/S20091026190351/updateSite

plugin@org.apache.commons.el.source,1.0.0=p2IU,id=org.apache.commons.el.source,version=1.0.0.v200806031608,repository=http://download.eclipse.org/tools/orbit/downloads/drops/S20091026190351/updateSite

plugin@org.apache.commons.fileupload,1.2.0=p2IU,id=org.apache.commons.fileupload,version=1.2.0.v20080604-1500,repository=http://download.eclipse.org/tools/orbit/downloads/drops/S20091026190351/updateSite

plugin@org.apache.commons.fileupload.source,1.2.0=p2IU,id=org.apache.commons.fileupload.source,version=1.2.0.v20080604-1500,repository=http://download.eclipse.org/tools/orbit/downloads/drops/S20091026190351/updateSite

plugin@org.apache.commons.httpclient,3.1.0=p2IU,id=org.apache.commons.httpclient,version=3.1.0.v20080605-1935,repository=http://download.eclipse.org/tools/orbit/downloads/drops/S20091026190351/updateSite

plugin@org.apache.commons.httpclient,3.0.1=p2IU,id=org.apache.commons.httpclient,version=3.0.1.v20080605-1930,repository=http://download.eclipse.org/tools/orbit/downloads/drops/S20091026190351/updateSite

plugin@org.apache.commons.httpclient.source,3.1.0=p2IU,id=org.apache.commons.httpclient.source,version=3.1.0.v20080605-1935,repository=http://download.eclipse.org/tools/orbit/downloads/drops/S20091026190351/updateSite

plugin@org.apache.commons.httpclient.source,3.0.1=p2IU,id=org.apache.commons.httpclient.source,version=3.0.1.v20080605-1930,repository=http://download.eclipse.org/tools/orbit/downloads/drops/S20091026190351/updateSite

plugin@org.apache.commons.io,1.3.2=p2IU,id=org.apache.commons.io,version=1.3.2.v20080604-1500,repository=http://download.eclipse.org/tools/orbit/downloads/drops/S20091026190351/updateSite

plugin@org.apache.commons.io,1.4.0=p2IU,id=org.apache.commons.io,version=1.4.0.v20081110-1000,repository=http://download.eclipse.org/tools/orbit/downloads/drops/S20091026190351/updateSite

plugin@org.apache.commons.io.source,1.4.0=p2IU,id=org.apache.commons.io.source,version=1.4.0.v20081110-1000,repository=http://download.eclipse.org/tools/orbit/downloads/drops/S20091026190351/updateSite

plugin@org.apache.commons.io.source,1.3.2=p2IU,id=org.apache.commons.io.source,version=1.3.2.v20080604-1500,repository=http://download.eclipse.org/tools/orbit/downloads/drops/S20091026190351/updateSite

plugin@org.apache.commons.jxpath,1.2.0=p2IU,id=org.apache.commons.jxpath,version=1.2.0.v20080604-1500,repository=http://download.eclipse.org/tools/orbit/downloads/drops/S20091026190351/updateSite

plugin@org.apache.commons.jxpath.source,1.2.0=p2IU,id=org.apache.commons.jxpath.source,version=1.2.0.v20080604-1500,repository=http://download.eclipse.org/tools/orbit/downloads/drops/S20091026190351/updateSite

plugin@org.apache.commons.lang,2.3.0=p2IU,id=org.apache.commons.lang,version=2.3.0.v200803061910,repository=http://download.eclipse.org/tools/orbit/downloads/drops/S20091026190351/updateSite

plugin@org.apache.commons.lang,2.1.0=p2IU,id=org.apache.commons.lang,version=2.1.0.v200803061811,repository=http://download.eclipse.org/tools/orbit/downloads/drops/S20091026190351/updateSite

plugin@org.apache.commons.lang,2.4.0=p2IU,id=org.apache.commons.lang,version=2.4.0.v20081016-1030,repository=http://download.eclipse.org/tools/orbit/downloads/drops/S20091026190351/updateSite

plugin@org.apache.commons.lang.source,2.1.0=p2IU,id=org.apache.commons.lang.source,version=2.1.0.v200803061811,repository=http://download.eclipse.org/tools/orbit/downloads/drops/S20091026190351/updateSite

plugin@org.apache.commons.lang.source,2.4.0=p2IU,id=org.apache.commons.lang.source,version=2.4.0.v20081016-1030,repository=http://download.eclipse.org/tools/orbit/downloads/drops/S20091026190351/updateSite

plugin@org.apache.commons.lang.source,2.3.0=p2IU,id=org.apache.commons.lang.source,version=2.3.0.v200803061910,repository=http://download.eclipse.org/tools/orbit/downloads/drops/S20091026190351/updateSite

plugin@org.apache.commons.logging,1.0.4=p2IU,id=org.apache.commons.logging,version=1.0.4.v200904062259,repository=http://download.eclipse.org/tools/orbit/downloads/drops/S20091026190351/updateSite

plugin@org.apache.commons.logging,1.1.1=p2IU,id=org.apache.commons.logging,version=1.1.1.v200904062255,repository=http://download.eclipse.org/tools/orbit/downloads/drops/S20091026190351/updateSite

plugin@org.apache.commons.logging.source,1.1.1=p2IU,id=org.apache.commons.logging.source,version=1.1.1.v200904062255,repository=http://download.eclipse.org/tools/orbit/downloads/drops/S20091026190351/updateSite

plugin@org.apache.commons.logging.source,1.0.4=p2IU,id=org.apache.commons.logging.source,version=1.0.4.v200904062259,repository=http://download.eclipse.org/tools/orbit/downloads/drops/S20091026190351/updateSite

plugin@org.apache.commons.net,2.0.0=p2IU,id=org.apache.commons.net,version=2.0.0.v200905272248,repository=http://download.eclipse.org/tools/orbit/downloads/drops/S20091026190351/updateSite

plugin@org.apache.commons.net,1.4.1=p2IU,id=org.apache.commons.net,version=1.4.1.v200905122237,repository=http://download.eclipse.org/tools/orbit/downloads/drops/S20091026190351/updateSite

plugin@org.apache.commons.net.source,2.0.0=p2IU,id=org.apache.commons.net.source,version=2.0.0.v200905272248,repository=http://download.eclipse.org/tools/orbit/downloads/drops/S20091026190351/updateSite

plugin@org.apache.commons.net.source,1.4.1=p2IU,id=org.apache.commons.net.source,version=1.4.1.v200905122237,repository=http://download.eclipse.org/tools/orbit/downloads/drops/S20091026190351/updateSite

plugin@org.apache.commons.pool,1.4.0=p2IU,id=org.apache.commons.pool,version=1.4.0.v20081016-1000,repository=http://download.eclipse.org/tools/orbit/downloads/drops/S20091026190351/updateSite

plugin@org.apache.commons.pool,1.3.0=p2IU,id=org.apache.commons.pool,version=1.3.0.v20081016-1005,repository=http://download.eclipse.org/tools/orbit/downloads/drops/S20091026190351/updateSite

plugin@org.apache.commons.pool.source,1.4.0=p2IU,id=org.apache.commons.pool.source,version=1.4.0.v20081016-1000,repository=http://download.eclipse.org/tools/orbit/downloads/drops/S20091026190351/updateSite

plugin@org.apache.commons.pool.source,1.3.0=p2IU,id=org.apache.commons.pool.source,version=1.3.0.v20081016-1005,repository=http://download.eclipse.org/tools/orbit/downloads/drops/S20091026190351/updateSite

plugin@org.apache.derby.client,10.5.1=p2IU,id=org.apache.derby.client,version=10.5.1.1_200910261949,repository=http://download.eclipse.org/tools/orbit/downloads/drops/S20091026190351/updateSite

plugin@org.apache.derby.client.source,10.5.1=p2IU,id=org.apache.derby.client.source,version=10.5.1.1_200910261949,repository=http://download.eclipse.org/tools/orbit/downloads/drops/S20091026190351/updateSite

plugin@org.apache.derby.engine,10.5.1=p2IU,id=org.apache.derby.engine,version=10.5.1.1_200910261949,repository=http://download.eclipse.org/tools/orbit/downloads/drops/S20091026190351/updateSite

plugin@org.apache.derby.engine.source,10.5.1=p2IU,id=org.apache.derby.engine.source,version=10.5.1.1_200910261949,repository=http://download.eclipse.org/tools/orbit/downloads/drops/S20091026190351/updateSite

plugin@org.apache.derby.net,10.5.1=p2IU,id=org.apache.derby.net,version=10.5.1.1_200910261949,repository=http://download.eclipse.org/tools/orbit/downloads/drops/S20091026190351/updateSite

plugin@org.apache.derby.net.source,10.5.1=p2IU,id=org.apache.derby.net.source,version=10.5.1.1_200910261949,repository=http://download.eclipse.org/tools/orbit/downloads/drops/S20091026190351/updateSite

plugin@org.apache.derby.tools,10.5.1=p2IU,id=org.apache.derby.tools,version=10.5.1.1_200910261949,repository=http://download.eclipse.org/tools/orbit/downloads/drops/S20091026190351/updateSite

plugin@org.apache.derby.tools.source,10.5.1=p2IU,id=org.apache.derby.tools.source,version=10.5.1.1_200910261949,repository=http://download.eclipse.org/tools/orbit/downloads/drops/S20091026190351/updateSite

plugin@org.apache.httpcomponents.httpcore,4.0.0=p2IU,id=org.apache.httpcomponents.httpcore,version=4.0.0.v200905121600,repository=http://download.eclipse.org/tools/orbit/downloads/drops/S20091026190351/updateSite

plugin@org.apache.httpcomponents.httpcore.nio,4.0.0=p2IU,id=org.apache.httpcomponents.httpcore.nio,version=4.0.0.v200905121600,repository=http://download.eclipse.org/tools/orbit/downloads/drops/S20091026190351/updateSite

plugin@org.apache.httpcomponents.httpcore.nio.source,4.0.0=p2IU,id=org.apache.httpcomponents.httpcore.nio.source,version=4.0.0.v200905121600,repository=http://download.eclipse.org/tools/orbit/downloads/drops/S20091026190351/updateSite

plugin@org.apache.httpcomponents.httpcore.source,4.0.0=p2IU,id=org.apache.httpcomponents.httpcore.source,version=4.0.0.v200905121600,repository=http://download.eclipse.org/tools/orbit/downloads/drops/S20091026190351/updateSite

plugin@org.apache.jasper,5.5.17=p2IU,id=org.apache.jasper,version=5.5.17.v200903231320,repository=http://download.eclipse.org/tools/orbit/downloads/drops/S20091026190351/updateSite

plugin@org.apache.jasper.source,5.5.17=p2IU,id=org.apache.jasper.source,version=5.5.17.v200903231320,repository=http://download.eclipse.org/tools/orbit/downloads/drops/S20091026190351/updateSite

plugin@org.apache.log4j,1.2.8=p2IU,id=org.apache.log4j,version=1.2.8.v200803061910,repository=http://download.eclipse.org/tools/orbit/downloads/drops/S20091026190351/updateSite

plugin@org.apache.log4j,1.2.15=p2IU,id=org.apache.log4j,version=1.2.15.v200910021404,repository=http://download.eclipse.org/tools/orbit/downloads/drops/S20091026190351/updateSite

plugin@org.apache.log4j,1.2.13=p2IU,id=org.apache.log4j,version=1.2.13.v200903072027,repository=http://download.eclipse.org/tools/orbit/downloads/drops/S20091026190351/updateSite

plugin@org.apache.lucene,1.9.1=p2IU,id=org.apache.lucene,version=1.9.1.v20080530-1600,repository=http://download.eclipse.org/tools/orbit/downloads/drops/S20091026190351/updateSite

plugin@org.apache.lucene,2.4.0=p2IU,id=org.apache.lucene,version=2.4.0.v20090121-2110,repository=http://download.eclipse.org/tools/orbit/downloads/drops/S20091026190351/updateSite

plugin@org.apache.lucene,1.4.3=p2IU,id=org.apache.lucene,version=1.4.3.v20080530-1550,repository=http://download.eclipse.org/tools/orbit/downloads/drops/S20091026190351/updateSite

plugin@org.apache.lucene.analysis,1.9.1=p2IU,id=org.apache.lucene.analysis,version=1.9.1.v20080530-1600,repository=http://download.eclipse.org/tools/orbit/downloads/drops/S20091026190351/updateSite

plugin@org.apache.lucene.analysis,2.4.0=p2IU,id=org.apache.lucene.analysis,version=2.4.0.v20090121-2110,repository=http://download.eclipse.org/tools/orbit/downloads/drops/S20091026190351/updateSite

plugin@org.apache.lucene.analysis.source,1.9.1=p2IU,id=org.apache.lucene.analysis.source,version=1.9.1.v20080530-1600,repository=http://download.eclipse.org/tools/orbit/downloads/drops/S20091026190351/updateSite

plugin@org.apache.lucene.analysis.source,2.4.0=p2IU,id=org.apache.lucene.analysis.source,version=2.4.0.v20090121-2110,repository=http://download.eclipse.org/tools/orbit/downloads/drops/S20091026190351/updateSite

plugin@org.apache.lucene.core,2.4.0=p2IU,id=org.apache.lucene.core,version=2.4.0.v20090121-2110,repository=http://download.eclipse.org/tools/orbit/downloads/drops/S20091026190351/updateSite

plugin@org.apache.lucene.core.source,2.4.0=p2IU,id=org.apache.lucene.core.source,version=2.4.0.v20090121-2110,repository=http://download.eclipse.org/tools/orbit/downloads/drops/S20091026190351/updateSite

plugin@org.apache.lucene.highlighter,2.4.0=p2IU,id=org.apache.lucene.highlighter,version=2.4.0.v20090121-2110,repository=http://download.eclipse.org/tools/orbit/downloads/drops/S20091026190351/updateSite

plugin@org.apache.lucene.highlighter.source,2.4.0=p2IU,id=org.apache.lucene.highlighter.source,version=2.4.0.v20090121-2110,repository=http://download.eclipse.org/tools/orbit/downloads/drops/S20091026190351/updateSite

plugin@org.apache.lucene.memory,2.4.0=p2IU,id=org.apache.lucene.memory,version=2.4.0.v20090121-2110,repository=http://download.eclipse.org/tools/orbit/downloads/drops/S20091026190351/updateSite

plugin@org.apache.lucene.memory.source,2.4.0=p2IU,id=org.apache.lucene.memory.source,version=2.4.0.v20090121-2110,repository=http://download.eclipse.org/tools/orbit/downloads/drops/S20091026190351/updateSite

plugin@org.apache.lucene.queries,2.4.0=p2IU,id=org.apache.lucene.queries,version=2.4.0.v20090121-2110,repository=http://download.eclipse.org/tools/orbit/downloads/drops/S20091026190351/updateSite

plugin@org.apache.lucene.queries.source,2.4.0=p2IU,id=org.apache.lucene.queries.source,version=2.4.0.v20090121-2110,repository=http://download.eclipse.org/tools/orbit/downloads/drops/S20091026190351/updateSite

plugin@org.apache.lucene.snowball,2.4.0=p2IU,id=org.apache.lucene.snowball,version=2.4.0.v20090121-2110,repository=http://download.eclipse.org/tools/orbit/downloads/drops/S20091026190351/updateSite

plugin@org.apache.lucene.snowball.source,2.4.0=p2IU,id=org.apache.lucene.snowball.source,version=2.4.0.v20090121-2110,repository=http://download.eclipse.org/tools/orbit/downloads/drops/S20091026190351/updateSite

plugin@org.apache.lucene.source,1.9.1=p2IU,id=org.apache.lucene.source,version=1.9.1.v20080530-1600,repository=http://download.eclipse.org/tools/orbit/downloads/drops/S20091026190351/updateSite

plugin@org.apache.lucene.source,2.4.0=p2IU,id=org.apache.lucene.source,version=2.4.0.v20090121-2110,repository=http://download.eclipse.org/tools/orbit/downloads/drops/S20091026190351/updateSite

plugin@org.apache.lucene.source,1.4.3=p2IU,id=org.apache.lucene.source,version=1.4.3.v20080530-1550,repository=http://download.eclipse.org/tools/orbit/downloads/drops/S20091026190351/updateSite

plugin@org.apache.lucene.spellchecker,2.4.0=p2IU,id=org.apache.lucene.spellchecker,version=2.4.0.v20090122-0940,repository=http://download.eclipse.org/tools/orbit/downloads/drops/S20091026190351/updateSite

plugin@org.apache.lucene.spellchecker.source,2.4.0=p2IU,id=org.apache.lucene.spellchecker.source,version=2.4.0.v20090122-0940,repository=http://download.eclipse.org/tools/orbit/downloads/drops/S20091026190351/updateSite

plugin@org.apache.neethi,2.0.4=p2IU,id=org.apache.neethi,version=2.0.4.1,repository=http://download.eclipse.org/tools/orbit/downloads/drops/S20091026190351/updateSite

plugin@org.apache.oro,2.0.8=p2IU,id=org.apache.oro,version=2.0.8.v200903061218,repository=http://download.eclipse.org/tools/orbit/downloads/drops/S20091026190351/updateSite

plugin@org.apache.oro.source,2.0.8=p2IU,id=org.apache.oro.source,version=2.0.8.v200903061218,repository=http://download.eclipse.org/tools/orbit/downloads/drops/S20091026190351/updateSite

plugin@org.apache.solr.client.solrj,1.3.0=p2IU,id=org.apache.solr.client.solrj,version=1.3.0.v20090306-0522,repository=http://download.eclipse.org/tools/orbit/downloads/drops/S20091026190351/updateSite

plugin@org.apache.solr.client.solrj.embedded,1.3.0=p2IU,id=org.apache.solr.client.solrj.embedded,version=1.3.0.v200901230454,repository=http://download.eclipse.org/tools/orbit/downloads/drops/S20091026190351/updateSite

plugin@org.apache.solr.client.solrj.embedded.source,1.3.0=p2IU,id=org.apache.solr.client.solrj.embedded.source,version=1.3.0.v200901230454,repository=http://download.eclipse.org/tools/orbit/downloads/drops/S20091026190351/updateSite

plugin@org.apache.solr.client.solrj.source,1.3.0=p2IU,id=org.apache.solr.client.solrj.source,version=1.3.0.v200901230446,repository=http://download.eclipse.org/tools/orbit/downloads/drops/S20091026190351/updateSite

plugin@org.apache.solr.common,1.3.0=p2IU,id=org.apache.solr.common,version=1.3.0.v20090121-2110,repository=http://download.eclipse.org/tools/orbit/downloads/drops/S20091026190351/updateSite

plugin@org.apache.solr.common.source,1.3.0=p2IU,id=org.apache.solr.common.source,version=1.3.0.v20090121-2110,repository=http://download.eclipse.org/tools/orbit/downloads/drops/S20091026190351/updateSite

plugin@org.apache.solr.core,1.3.0=p2IU,id=org.apache.solr.core,version=1.3.0.v20090121-2110,repository=http://download.eclipse.org/tools/orbit/downloads/drops/S20091026190351/updateSite

plugin@org.apache.solr.core.source,1.3.0=p2IU,id=org.apache.solr.core.source,version=1.3.0.v20090121-2110,repository=http://download.eclipse.org/tools/orbit/downloads/drops/S20091026190351/updateSite

plugin@org.apache.solr.servlet,1.3.0=p2IU,id=org.apache.solr.servlet,version=1.3.0.v20090121-2110,repository=http://download.eclipse.org/tools/orbit/downloads/drops/S20091026190351/updateSite

plugin@org.apache.solr.servlet.source,1.3.0=p2IU,id=org.apache.solr.servlet.source,version=1.3.0.v20090121-2110,repository=http://download.eclipse.org/tools/orbit/downloads/drops/S20091026190351/updateSite

plugin@org.apache.velocity,1.5.0=p2IU,id=org.apache.velocity,version=1.5.0.v200905192330,repository=http://download.eclipse.org/tools/orbit/downloads/drops/S20091026190351/updateSite

plugin@org.apache.ws.commons.schema,1.4.2=p2IU,id=org.apache.ws.commons.schema,version=1.4.2.v200905291151,repository=http://download.eclipse.org/tools/orbit/downloads/drops/S20091026190351/updateSite

plugin@org.apache.ws.commons.util,1.0.1=p2IU,id=org.apache.ws.commons.util,version=1.0.1.v20091022-1635,repository=http://download.eclipse.org/tools/orbit/downloads/drops/S20091026190351/updateSite

plugin@org.apache.ws.commons.util,1.0.0=p2IU,id=org.apache.ws.commons.util,version=1.0.0.v20091022-1630,repository=http://download.eclipse.org/tools/orbit/downloads/drops/S20091026190351/updateSite

plugin@org.apache.ws.jaxme,0.5.1=p2IU,id=org.apache.ws.jaxme,version=0.5.1.v20080530-1550,repository=http://download.eclipse.org/tools/orbit/downloads/drops/S20091026190351/updateSite

plugin@org.apache.wsil4j,1.0.0=p2IU,id=org.apache.wsil4j,version=1.0.0.v200901211807,repository=http://download.eclipse.org/tools/orbit/downloads/drops/S20091026190351/updateSite

plugin@org.apache.xalan,2.7.1=p2IU,id=org.apache.xalan,version=2.7.1.v200905122109,repository=http://download.eclipse.org/tools/orbit/downloads/drops/S20091026190351/updateSite

plugin@org.apache.xalan,2.7.0=p2IU,id=org.apache.xalan,version=2.7.0.v200806030241,repository=http://download.eclipse.org/tools/orbit/downloads/drops/S20091026190351/updateSite

plugin@org.apache.xerces,2.9.0=p2IU,id=org.apache.xerces,version=2.9.0.v200909240008,repository=http://download.eclipse.org/tools/orbit/downloads/drops/S20091026190351/updateSite

plugin@org.apache.xerces,2.8.0=p2IU,id=org.apache.xerces,version=2.8.0.v200803070308,repository=http://download.eclipse.org/tools/orbit/downloads/drops/S20091026190351/updateSite

plugin@org.apache.xml.resolver,1.2.0=p2IU,id=org.apache.xml.resolver,version=1.2.0.v200902170519,repository=http://download.eclipse.org/tools/orbit/downloads/drops/S20091026190351/updateSite

plugin@org.apache.xml.resolver,1.1.0=p2IU,id=org.apache.xml.resolver,version=1.1.0.v200806030311,repository=http://download.eclipse.org/tools/orbit/downloads/drops/S20091026190351/updateSite

plugin@org.apache.xml.security,1.4.2=p2IU,id=org.apache.xml.security,version=1.4.2.v200905041411,repository=http://download.eclipse.org/tools/orbit/downloads/drops/S20091026190351/updateSite

plugin@org.apache.xml.serializer,2.7.1=p2IU,id=org.apache.xml.serializer,version=2.7.1.v200902170519,repository=http://download.eclipse.org/tools/orbit/downloads/drops/S20091026190351/updateSite

plugin@org.apache.xmlrpc,3.0.0=p2IU,id=org.apache.xmlrpc,version=3.0.0.v20080530-1550,repository=http://download.eclipse.org/tools/orbit/downloads/drops/S20091026190351/updateSite

plugin@org.dojotoolkit,1.1.0=p2IU,id=org.dojotoolkit,version=1.1.0.v200908251430,repository=http://download.eclipse.org/tools/orbit/downloads/drops/S20091026190351/updateSite

plugin@org.easymock,2.4.0=p2IU,id=org.easymock,version=2.4.0.v20090202-0900,repository=http://download.eclipse.org/tools/orbit/downloads/drops/S20091026190351/updateSite

plugin@org.easymock.source,2.4.0=p2IU,id=org.easymock.source,version=2.4.0.v20090202-0900,repository=http://download.eclipse.org/tools/orbit/downloads/drops/S20091026190351/updateSite

plugin@org.h2,1.1.117=p2IU,id=org.h2,version=1.1.117.v20091003-1000,repository=http://download.eclipse.org/tools/orbit/downloads/drops/S20091026190351/updateSite

plugin@org.h2.source,1.1.117=p2IU,id=org.h2.source,version=1.1.117.v20091003-1000,repository=http://download.eclipse.org/tools/orbit/downloads/drops/S20091026190351/updateSite

plugin@org.hamcrest,1.1.0=p2IU,id=org.hamcrest,version=1.1.0.v20090501071000,repository=http://download.eclipse.org/tools/orbit/downloads/drops/S20091026190351/updateSite

plugin@org.hamcrest.core,1.1.0=p2IU,id=org.hamcrest.core,version=1.1.0.v20090501071000,repository=http://download.eclipse.org/tools/orbit/downloads/drops/S20091026190351/updateSite

plugin@org.hamcrest.core.source,1.1.0=p2IU,id=org.hamcrest.core.source,version=1.1.0.v20090501071000,repository=http://download.eclipse.org/tools/orbit/downloads/drops/S20091026190351/updateSite

plugin@org.hamcrest.generator,1.1.0=p2IU,id=org.hamcrest.generator,version=1.1.0.v20090501071000,repository=http://download.eclipse.org/tools/orbit/downloads/drops/S20091026190351/updateSite

plugin@org.hamcrest.generator.source,1.1.0=p2IU,id=org.hamcrest.generator.source,version=1.1.0.v20090501071000,repository=http://download.eclipse.org/tools/orbit/downloads/drops/S20091026190351/updateSite

plugin@org.hamcrest.integration,1.1.0=p2IU,id=org.hamcrest.integration,version=1.1.0.v20090501071000,repository=http://download.eclipse.org/tools/orbit/downloads/drops/S20091026190351/updateSite

plugin@org.hamcrest.integration.source,1.1.0=p2IU,id=org.hamcrest.integration.source,version=1.1.0.v20090501071000,repository=http://download.eclipse.org/tools/orbit/downloads/drops/S20091026190351/updateSite

plugin@org.hamcrest.library,1.1.0=p2IU,id=org.hamcrest.library,version=1.1.0.v20090501071000,repository=http://download.eclipse.org/tools/orbit/downloads/drops/S20091026190351/updateSite

plugin@org.hamcrest.library.source,1.1.0=p2IU,id=org.hamcrest.library.source,version=1.1.0.v20090501071000,repository=http://download.eclipse.org/tools/orbit/downloads/drops/S20091026190351/updateSite

plugin@org.hamcrest.text,1.1.0=p2IU,id=org.hamcrest.text,version=1.1.0.v20090501071000,repository=http://download.eclipse.org/tools/orbit/downloads/drops/S20091026190351/updateSite

plugin@org.hamcrest.text.source,1.1.0=p2IU,id=org.hamcrest.text.source,version=1.1.0.v20090501071000,repository=http://download.eclipse.org/tools/orbit/downloads/drops/S20091026190351/updateSite

plugin@org.jdom,1.0.0=p2IU,id=org.jdom,version=1.0.0.v200806100616,repository=http://download.eclipse.org/tools/orbit/downloads/drops/S20091026190351/updateSite

plugin@org.jdom.source,1.0.0=p2IU,id=org.jdom.source,version=1.0.0.v200806100616,repository=http://download.eclipse.org/tools/orbit/downloads/drops/S20091026190351/updateSite

plugin@org.junit,3.8.2=p2IU,id=org.junit,version=3.8.2.v20090203-1005,repository=http://download.eclipse.org/tools/orbit/downloads/drops/S20091026190351/updateSite

plugin@org.junit,3.8.1=p2IU,id=org.junit,version=3.8.1.v20090203-1000,repository=http://download.eclipse.org/tools/orbit/downloads/drops/S20091026190351/updateSite

plugin@org.junit.source,3.8.2=p2IU,id=org.junit.source,version=3.8.2.v20090203-1005,repository=http://download.eclipse.org/tools/orbit/downloads/drops/S20091026190351/updateSite

plugin@org.junit.source,3.8.1=p2IU,id=org.junit.source,version=3.8.1.v20090203-1000,repository=http://download.eclipse.org/tools/orbit/downloads/drops/S20091026190351/updateSite

plugin@org.kohsuke.args4j,2.0.12=p2IU,id=org.kohsuke.args4j,version=2.0.12.v200910131500,repository=http://download.eclipse.org/tools/orbit/downloads/drops/S20091026190351/updateSite

plugin@org.kohsuke.args4j.source,2.0.12=p2IU,id=org.kohsuke.args4j.source,version=2.0.12.v200910131500,repository=http://download.eclipse.org/tools/orbit/downloads/drops/S20091026190351/updateSite

plugin@org.mortbay.jetty,5.1.14=p2IU,id=org.mortbay.jetty,version=5.1.14.v200806031611,repository=http://download.eclipse.org/tools/orbit/downloads/drops/S20091026190351/updateSite

plugin@org.mortbay.jetty,5.1.11=p2IU,id=org.mortbay.jetty,version=5.1.11.v200806031610,repository=http://download.eclipse.org/tools/orbit/downloads/drops/S20091026190351/updateSite

plugin@org.mortbay.jetty.server,6.1.15=p2IU,id=org.mortbay.jetty.server,version=6.1.15.v200905151201,repository=http://download.eclipse.org/tools/orbit/downloads/drops/S20091026190351/updateSite

plugin@org.mortbay.jetty.server,6.1.7=p2IU,id=org.mortbay.jetty.server,version=6.1.7.v200806031612,repository=http://download.eclipse.org/tools/orbit/downloads/drops/S20091026190351/updateSite

plugin@org.mortbay.jetty.server.source,6.1.7=p2IU,id=org.mortbay.jetty.server.source,version=6.1.7.v200806031612,repository=http://download.eclipse.org/tools/orbit/downloads/drops/S20091026190351/updateSite

plugin@org.mortbay.jetty.server.source,6.1.15=p2IU,id=org.mortbay.jetty.server.source,version=6.1.15.v200905151201,repository=http://download.eclipse.org/tools/orbit/downloads/drops/S20091026190351/updateSite

plugin@org.mortbay.jetty.source,5.1.14=p2IU,id=org.mortbay.jetty.source,version=5.1.14.v200806031611,repository=http://download.eclipse.org/tools/orbit/downloads/drops/S20091026190351/updateSite

plugin@org.mortbay.jetty.source,5.1.11=p2IU,id=org.mortbay.jetty.source,version=5.1.11.v200806031610,repository=http://download.eclipse.org/tools/orbit/downloads/drops/S20091026190351/updateSite

plugin@org.mortbay.jetty.util,6.1.7=p2IU,id=org.mortbay.jetty.util,version=6.1.7.v200806031612,repository=http://download.eclipse.org/tools/orbit/downloads/drops/S20091026190351/updateSite

plugin@org.mortbay.jetty.util,6.1.15=p2IU,id=org.mortbay.jetty.util,version=6.1.15.v200905182336,repository=http://download.eclipse.org/tools/orbit/downloads/drops/S20091026190351/updateSite

plugin@org.mortbay.jetty.util.source,6.1.7=p2IU,id=org.mortbay.jetty.util.source,version=6.1.7.v200806031612,repository=http://download.eclipse.org/tools/orbit/downloads/drops/S20091026190351/updateSite

plugin@org.mortbay.jetty.util.source,6.1.15=p2IU,id=org.mortbay.jetty.util.source,version=6.1.15.v200905182336,repository=http://download.eclipse.org/tools/orbit/downloads/drops/S20091026190351/updateSite

plugin@org.mozilla.javascript,1.6.6=p2IU,id=org.mozilla.javascript,version=1.6.6.v200903061552,repository=http://download.eclipse.org/tools/orbit/downloads/drops/S20091026190351/updateSite

plugin@org.mozilla.javascript,1.6.2=p2IU,id=org.mozilla.javascript,version=1.6.2.v200806030330,repository=http://download.eclipse.org/tools/orbit/downloads/drops/S20091026190351/updateSite

plugin@org.mozilla.javascript,1.7.2=p2IU,id=org.mozilla.javascript,version=1.7.2.v200909291707,repository=http://download.eclipse.org/tools/orbit/downloads/drops/S20091026190351/updateSite

plugin@org.mozilla.javascript.source,1.7.2=p2IU,id=org.mozilla.javascript.source,version=1.7.2.v200909291707,repository=http://download.eclipse.org/tools/orbit/downloads/drops/S20091026190351/updateSite

plugin@org.objectweb.asm,3.2.0=p2IU,id=org.objectweb.asm,version=3.2.0.v200909071300,repository=http://download.eclipse.org/tools/orbit/downloads/drops/S20091026190351/updateSite

plugin@org.objectweb.asm,3.1.0=p2IU,id=org.objectweb.asm,version=3.1.0.v200803061910,repository=http://download.eclipse.org/tools/orbit/downloads/drops/S20091026190351/updateSite

plugin@org.objectweb.asm,3.0.0=p2IU,id=org.objectweb.asm,version=3.0.0.v200803061811,repository=http://download.eclipse.org/tools/orbit/downloads/drops/S20091026190351/updateSite

plugin@org.objectweb.asm.source,3.2.0=p2IU,id=org.objectweb.asm.source,version=3.2.0.v200909071300,repository=http://download.eclipse.org/tools/orbit/downloads/drops/S20091026190351/updateSite

plugin@org.objectweb.asm.source,3.1.0=p2IU,id=org.objectweb.asm.source,version=3.1.0.v200803061910,repository=http://download.eclipse.org/tools/orbit/downloads/drops/S20091026190351/updateSite

plugin@org.objectweb.asm.source,3.0.0=p2IU,id=org.objectweb.asm.source,version=3.0.0.v200803061811,repository=http://download.eclipse.org/tools/orbit/downloads/drops/S20091026190351/updateSite

plugin@org.opensaml,1.1.0=p2IU,id=org.opensaml,version=1.1.0.v200905041411,repository=http://download.eclipse.org/tools/orbit/downloads/drops/S20091026190351/updateSite

plugin@org.sat4j.core,2.0.3=p2IU,id=org.sat4j.core,version=2.0.3.v20081021,repository=http://download.eclipse.org/tools/orbit/downloads/drops/S20091026190351/updateSite

plugin@org.sat4j.core,2.1.1=p2IU,id=org.sat4j.core,version=2.1.1.v20090825,repository=http://download.eclipse.org/tools/orbit/downloads/drops/S20091026190351/updateSite

plugin@org.sat4j.core,2.1.0=p2IU,id=org.sat4j.core,version=2.1.0.v20090520,repository=http://download.eclipse.org/tools/orbit/downloads/drops/S20091026190351/updateSite

plugin@org.sat4j.pb,2.0.3=p2IU,id=org.sat4j.pb,version=2.0.3.v20081021,repository=http://download.eclipse.org/tools/orbit/downloads/drops/S20091026190351/updateSite

plugin@org.sat4j.pb,2.1.1=p2IU,id=org.sat4j.pb,version=2.1.1.v20090825,repository=http://download.eclipse.org/tools/orbit/downloads/drops/S20091026190351/updateSite

plugin@org.sat4j.pb,2.1.0=p2IU,id=org.sat4j.pb,version=2.1.0.v20090520,repository=http://download.eclipse.org/tools/orbit/downloads/drops/S20091026190351/updateSite

plugin@org.slf4j.api,1.5.6=p2IU,id=org.slf4j.api,version=1.5.6.v20090930-0800,repository=http://download.eclipse.org/tools/orbit/downloads/drops/S20091026190351/updateSite

plugin@org.slf4j.api.source,1.5.6=p2IU,id=org.slf4j.api.source,version=1.5.6.v20090930-0800,repository=http://download.eclipse.org/tools/orbit/downloads/drops/S20091026190351/updateSite

plugin@org.uddi4j,2.0.5=p2IU,id=org.uddi4j,version=2.0.5.v200805270300,repository=http://download.eclipse.org/tools/orbit/downloads/drops/S20091026190351/updateSite

plugin@org.w3c.css.sac,1.3.1=p2IU,id=org.w3c.css.sac,version=1.3.1.v200903091627,repository=http://download.eclipse.org/tools/orbit/downloads/drops/S20091026190351/updateSite

plugin@org.w3c.css.sac,1.3.0=p2IU,id=org.w3c.css.sac,version=1.3.0.v200805290154,repository=http://download.eclipse.org/tools/orbit/downloads/drops/S20091026190351/updateSite

plugin@org.w3c.css.sac.source,1.3.1=p2IU,id=org.w3c.css.sac.source,version=1.3.1.v200903091627,repository=http://download.eclipse.org/tools/orbit/downloads/drops/S20091026190351/updateSite

plugin@org.w3c.css.sac.source,1.3.0=p2IU,id=org.w3c.css.sac.source,version=1.3.0.v200805290154,repository=http://download.eclipse.org/tools/orbit/downloads/drops/S20091026190351/updateSite

plugin@org.w3c.dom.events,3.0.0=p2IU,id=org.w3c.dom.events,version=3.0.0.draft20060413_v200905140418,repository=http://download.eclipse.org/tools/orbit/downloads/drops/S20091026190351/updateSite

plugin@org.w3c.dom.events.source,3.0.0=p2IU,id=org.w3c.dom.events.source,version=3.0.0.draft20060413_v200905140418,repository=http://download.eclipse.org/tools/orbit/downloads/drops/S20091026190351/updateSite

plugin@org.w3c.dom.smil,1.0.1=p2IU,id=org.w3c.dom.smil,version=1.0.1.v200903091627,repository=http://download.eclipse.org/tools/orbit/downloads/drops/S20091026190351/updateSite

plugin@org.w3c.dom.smil,1.0.0=p2IU,id=org.w3c.dom.smil,version=1.0.0.v200806040011,repository=http://download.eclipse.org/tools/orbit/downloads/drops/S20091026190351/updateSite

plugin@org.w3c.dom.smil.source,1.0.1=p2IU,id=org.w3c.dom.smil.source,version=1.0.1.v200903091627,repository=http://download.eclipse.org/tools/orbit/downloads/drops/S20091026190351/updateSite

plugin@org.w3c.dom.smil.source,1.0.0=p2IU,id=org.w3c.dom.smil.source,version=1.0.0.v200806040011,repository=http://download.eclipse.org/tools/orbit/downloads/drops/S20091026190351/updateSite

plugin@org.w3c.dom.svg,1.1.0=p2IU,id=org.w3c.dom.svg,version=1.1.0.v200806040011,repository=http://download.eclipse.org/tools/orbit/downloads/drops/S20091026190351/updateSite

plugin@org.w3c.dom.svg.source,1.1.0=p2IU,id=org.w3c.dom.svg.source,version=1.1.0.v200806040011,repository=http://download.eclipse.org/tools/orbit/downloads/drops/S20091026190351/updateSite
