plugin@javax.inject,1.0.0=p2IU,id=javax.inject,version=1.0.0.v200910221356,repository=http://download.eclipse.org/tools/orbit/downloads/drops/S20091026190351/updateSite
plugin@javax.inject.source,1.0.0=p2IU,id=javax.inject.source,version=1.0.0.v200910221356,repository=http://download.eclipse.org/tools/orbit/downloads/drops/S20091026190351/updateSite

plugin@org.apache.batik.css,1.6.0=p2IU,id=org.apache.batik.css,version=1.6.0.v200805290154,repository=http://download.eclipse.org/tools/orbit/downloads/drops/S20091026190351/updateSite
plugin@org.apache.batik.css.source,1.6.0=p2IU,id=org.apache.batik.css.source,version=1.6.0.v200805290154,repository=http://download.eclipse.org/tools/orbit/downloads/drops/S20091026190351/updateSite
plugin@org.apache.batik.util,1.7.0=p2IU,id=org.apache.batik.util,version=1.7.0.v200903091627,repository=http://download.eclipse.org/tools/orbit/downloads/drops/S20091026190351/updateSite
plugin@org.apache.batik.util,1.6.0=p2IU,id=org.apache.batik.util,version=1.6.0.v200805290154,repository=http://download.eclipse.org/tools/orbit/downloads/drops/S20091026190351/updateSite
plugin@org.apache.batik.util.source,1.7.0=p2IU,id=org.apache.batik.util.source,version=1.7.0.v200903091627,repository=http://download.eclipse.org/tools/orbit/downloads/drops/S20091026190351/updateSite
plugin@org.apache.batik.util.source,1.6.0=p2IU,id=org.apache.batik.util.source,version=1.6.0.v200805290154,repository=http://download.eclipse.org/tools/orbit/downloads/drops/S20091026190351/updateSite
plugin@org.apache.commons.beanutils,1.7.0=p2IU,id=org.apache.commons.beanutils,version=1.7.0.v200902170505,repository=http://download.eclipse.org/tools/orbit/downloads/drops/S20091026190351/updateSite
plugin@org.apache.commons.beanutils.source,1.7.0=p2IU,id=org.apache.commons.beanutils.source,version=1.7.0.v200803061811,repository=http://download.eclipse.org/tools/orbit/downloads/drops/S20091026190351/updateSite
plugin@org.apache.commons.logging,1.0.4=p2IU,id=org.apache.commons.logging,version=1.0.4.v200904062259,repository=http://download.eclipse.org/tools/orbit/downloads/drops/S20091026190351/updateSite
plugin@org.apache.commons.logging,1.1.1=p2IU,id=org.apache.commons.logging,version=1.1.1.v200904062255,repository=http://download.eclipse.org/tools/orbit/downloads/drops/S20091026190351/updateSite
plugin@org.apache.commons.logging.source,1.1.1=p2IU,id=org.apache.commons.logging.source,version=1.1.1.v200904062255,repository=http://download.eclipse.org/tools/orbit/downloads/drops/S20091026190351/updateSite
plugin@org.apache.commons.logging.source,1.0.4=p2IU,id=org.apache.commons.logging.source,version=1.0.4.v200904062259,repository=http://download.eclipse.org/tools/orbit/downloads/drops/S20091026190351/updateSite

plugin@org.w3c.css.sac,1.3.1=p2IU,id=org.w3c.css.sac,version=1.3.1.v200903091627,repository=http://download.eclipse.org/tools/orbit/downloads/drops/S20091026190351/updateSite
plugin@org.w3c.css.sac,1.3.0=p2IU,id=org.w3c.css.sac,version=1.3.0.v200805290154,repository=http://download.eclipse.org/tools/orbit/downloads/drops/S20091026190351/updateSite
plugin@org.w3c.css.sac.source,1.3.1=p2IU,id=org.w3c.css.sac.source,version=1.3.1.v200903091627,repository=http://download.eclipse.org/tools/orbit/downloads/drops/S20091026190351/updateSite
plugin@org.w3c.css.sac.source,1.3.0=p2IU,id=org.w3c.css.sac.source,version=1.3.0.v200805290154,repository=http://download.eclipse.org/tools/orbit/downloads/drops/S20091026190351/updateSite
plugin@org.w3c.dom.smil,1.0.1=p2IU,id=org.w3c.dom.smil,version=1.0.1.v200903091627,repository=http://download.eclipse.org/tools/orbit/downloads/drops/S20091026190351/updateSite
plugin@org.w3c.dom.smil,1.0.0=p2IU,id=org.w3c.dom.smil,version=1.0.0.v200806040011,repository=http://download.eclipse.org/tools/orbit/downloads/drops/S20091026190351/updateSite
plugin@org.w3c.dom.smil.source,1.0.1=p2IU,id=org.w3c.dom.smil.source,version=1.0.1.v200903091627,repository=http://download.eclipse.org/tools/orbit/downloads/drops/S20091026190351/updateSite
plugin@org.w3c.dom.smil.source,1.0.0=p2IU,id=org.w3c.dom.smil.source,version=1.0.0.v200806040011,repository=http://download.eclipse.org/tools/orbit/downloads/drops/S20091026190351/updateSite
plugin@org.w3c.dom.svg,1.1.0=p2IU,id=org.w3c.dom.svg,version=1.1.0.v200806040011,repository=http://download.eclipse.org/tools/orbit/downloads/drops/S20091026190351/updateSite
plugin@org.w3c.dom.svg.source,1.1.0=p2IU,id=org.w3c.dom.svg.source,version=1.1.0.v200806040011,repository=http://download.eclipse.org/tools/orbit/downloads/drops/S20091026190351/updateSite
