!***************  e4 CONTRIBUTION  ******************************************************** 

!**** Binary e4 plug-ins

feature@org.eclipse.e4.rcp=v20100406-1731,:pserver:anonymous@dev.eclipse.org:/cvsroot/eclipse,,e4/org.eclipse.e4.compatibility/features/org.eclipse.e4.rcp
plugin@org.eclipse.e4.core.commands=p2IU,id=org.eclipse.e4.core.commands,version=,repository=http://download.eclipse.org/e4/downloads/drops/I20100405-2100/repository
plugin@org.eclipse.e4.core.contexts=p2IU,id=org.eclipse.e4.core.contexts,repository=http://download.eclipse.org/e4/downloads/drops/I20100405-2100/repository
plugin@org.eclipse.e4.core.di=p2IU,id=org.eclipse.e4.core.di,repository=http://download.eclipse.org/e4/downloads/drops/I20100405-2100/repository
plugin@org.eclipse.e4.core.services=p2IU,id=org.eclipse.e4.core.services,version=,repository=http://download.eclipse.org/e4/downloads/drops/I20100405-2100/repository
plugin@org.eclipse.e4.core.services.annotations=p2IU,id=org.eclipse.e4.core.services,version=,repository=http://download.eclipse.org/e4/downloads/drops/I20100405-2100/repository
plugin@org.eclipse.e4.ui.bindings=p2IU,id=org.eclipse.e4.ui.bindings,version=,repository=http://download.eclipse.org/e4/downloads/drops/I20100405-2100/repository
plugin@org.eclipse.e4.ui.css.core=p2IU,id=org.eclipse.e4.ui.css.core,version=,repository=http://download.eclipse.org/e4/downloads/drops/I20100405-2100/repository
plugin@org.eclipse.e4.ui.css.nebula=p2IU,id=org.eclipse.e4.ui.css.nebula,version=,repository=http://download.eclipse.org/e4/downloads/drops/I20100405-2100/repository
plugin@org.eclipse.e4.ui.css.swt=p2IU,id=org.eclipse.e4.ui.css.swt,version=,repository=http://download.eclipse.org/e4/downloads/drops/I20100405-2100/repository
plugin@org.eclipse.e4.ui.model.workbench=p2IU,id=org.eclipse.e4.ui.model.workbench,version=,repository=http://download.eclipse.org/e4/downloads/drops/I20100405-2100/repository
plugin@org.eclipse.e4.ui.services=p2IU,id=org.eclipse.e4.ui.services,version=,repository=http://download.eclipse.org/e4/downloads/drops/I20100405-2100/repository
plugin@org.eclipse.e4.ui.workbench=p2IU,id=org.eclipse.e4.ui.workbench,version=,repository=http://download.eclipse.org/e4/downloads/drops/I20100405-2100/repository
plugin@org.eclipse.e4.ui.workbench.renderers.swt=p2IU,id=org.eclipse.e4.ui.workbench.renderers.swt,version=,repository=http://download.eclipse.org/e4/downloads/drops/I20100405-2100/repository
plugin@org.eclipse.e4.ui.workbench.swt=p2IU,id=org.eclipse.e4.ui.workbench.swt,version=,repository=http://download.eclipse.org/e4/downloads/drops/I20100405-2100/repository
plugin@org.eclipse.e4.ui.workbench3=p2IU,id=org.eclipse.e4.ui.workbench3,version=,repository=http://download.eclipse.org/e4/downloads/drops/I20100405-2100/repository


!**** Workbench Compatibility

plugin@org.eclipse.ui.workbench=I20100406-0910,:pserver:anonymous@dev.eclipse.org:/cvsroot/eclipse,,e4/org.eclipse.e4.compatibility/bundles/org.eclipse.ui.workbench


!**** EMF
feature@org.eclipse.emf.ecore=v20100315-1457,:pserver:anonymous@dev.eclipse.org:/cvsroot/modeling,,org.eclipse.emf/org.eclipse.emf/features/org.eclipse.emf.ecore-feature
plugin@org.eclipse.emf.ecore.change,2.5.0=p2IU,id=org.eclipse.emf.ecore.change,version=2.5.0.v201003151457,repository=http://download.eclipse.org/modeling/emf/emf/updates/2.6/
plugin@org.eclipse.emf.ecore,2.6.0=p2IU,id=org.eclipse.emf.ecore,version=2.6.0.v201003151457,repository=http://download.eclipse.org/modeling/emf/emf/updates/2.6/
plugin@org.eclipse.emf.ecore.xmi,2.5.0=p2IU,id=org.eclipse.emf.ecore.xmi,version=2.5.0.v201003151457,repository=http://download.eclipse.org/modeling/emf/emf/updates/2.6/
feature@org.eclipse.emf.common=v20100315-1457,:pserver:anonymous@dev.eclipse.org:/cvsroot/modeling,,org.eclipse.emf/org.eclipse.emf/features/org.eclipse.emf.common-feature
plugin@org.eclipse.emf.common,2.6.0=p2IU,id=org.eclipse.emf.common,version=2.6.0.v201003151457,repository=http://download.eclipse.org/modeling/emf/emf/updates/2.6/

!**** Nebula

plugin@org.eclipse.nebula.widgets.gallery,0.5.2=p2UI,id=org.eclipse.nebula.widgets.gallery,version=,repository=http://download.eclipse.org/technology/nebula/gallery/update/plugins/