!***************  e4 CONTRIBUTION  ******************************************************** 

!**** Binary e4 plug-ins

feature@org.eclipse.e4.rcp=v20100722-1930,:pserver:anonymous@dev.eclipse.org:/cvsroot/eclipse,,e4/org.eclipse.e4.compatibility/features/org.eclipse.e4.rcp
plugin@org.eclipse.e4.core.commands=p2IU,id=org.eclipse.e4.core.commands,version=,repository=http://download.eclipse.org/e4/updates/2010/
plugin@org.eclipse.e4.core.contexts=p2IU,id=org.eclipse.e4.core.contexts,version=,repository=http://download.eclipse.org/e4/updates/2010/
plugin@org.eclipse.e4.core.di=p2IU,id=org.eclipse.e4.core.di,version=,repository=http://download.eclipse.org/e4/updates/2010/
plugin@org.eclipse.e4.ui.di=p2IU,id=org.eclipse.e4.ui.di,version=,repository=http://download.eclipse.org/e4/updates/2010/
plugin@org.eclipse.e4.core.di.extensions=p2IU,id=org.eclipse.e4.core.di.extensions,version=,repository=http://download.eclipse.org/e4/updates/2010/
plugin@org.eclipse.e4.core.services=p2IU,id=org.eclipse.e4.core.services,version=,repository=http://download.eclipse.org/e4/updates/2010/
plugin@org.eclipse.e4.ui.bindings=p2IU,id=org.eclipse.e4.ui.bindings,version=,repository=http://download.eclipse.org/e4/updates/2010/
plugin@org.eclipse.e4.ui.css.core=p2IU,id=org.eclipse.e4.ui.css.core,version=,repository=http://download.eclipse.org/e4/updates/2010/
plugin@org.eclipse.e4.ui.css.swt.theme=p2IU,id=org.eclipse.e4.ui.css.swt.theme,version=,repository=http://download.eclipse.org/e4/updates/2010/
plugin@org.eclipse.e4.ui.css.nebula=p2IU,id=org.eclipse.e4.ui.css.nebula,version=,repository=http://download.eclipse.org/e4/updates/2010/
plugin@org.eclipse.e4.ui.css.swt=p2IU,id=org.eclipse.e4.ui.css.swt,version=,repository=http://download.eclipse.org/e4/updates/2010/
plugin@org.eclipse.e4.ui.model.workbench=p2IU,id=org.eclipse.e4.ui.model.workbench,version=,repository=http://download.eclipse.org/e4/updates/2010/
plugin@org.eclipse.e4.ui.services=p2IU,id=org.eclipse.e4.ui.services,version=,repository=http://download.eclipse.org/e4/updates/2010/
plugin@org.eclipse.e4.ui.workbench=p2IU,id=org.eclipse.e4.ui.workbench,version=,repository=http://download.eclipse.org/e4/updates/2010/
plugin@org.eclipse.e4.ui.workbench.renderers.swt=p2IU,id=org.eclipse.e4.ui.workbench.renderers.swt,version=,repository=http://download.eclipse.org/e4/updates/2010/
plugin@org.eclipse.e4.ui.workbench.swt=p2IU,id=org.eclipse.e4.ui.workbench.swt,version=,repository=http://download.eclipse.org/e4/updates/2010/
plugin@org.eclipse.e4.ui.workbench3=p2IU,id=org.eclipse.e4.ui.workbench3,version=,repository=http://download.eclipse.org/e4/updates/2010/
plugin@org.eclipse.e4.ui.widgets=p2IU,id=org.eclipse.e4.ui.widgets,version=,repository=http://download.eclipse.org/e4/updates/2010/
fragment@org.eclipse.e4.ui.workbench.renderers.swt.cocoa=p2IU,id=org.eclipse.e4.ui.workbench.renderers.swt.cocoa,version=,repository=http://download.eclipse.org/e4/updates/2010/


!**** Workbench Compatibility

plugin@org.eclipse.e4.ui.workbench.addons.swt=v20100723-1200,:pserver:anonymous@dev.eclipse.org:/cvsroot/eclipse,,e4/org.eclipse.e4.ui/bundles/org.eclipse.e4.ui.workbench.addons.swt
plugin@org.eclipse.ui.workbench=v20100723-1830,:pserver:anonymous@dev.eclipse.org:/cvsroot/eclipse,,e4/org.eclipse.e4.compatibility/bundles/org.eclipse.ui.workbench
plugin@org.eclipse.ui=v20100714-1430,:pserver:anonymous@dev.eclipse.org:/cvsroot/eclipse,

!**** EMF
feature@org.eclipse.emf.ecore,2.6.0=p2IU,id=org.eclipse.emf.ecore.feature.jar,version=,repository=http://download.eclipse.org/releases/helios/
plugin@org.eclipse.emf.ecore.change,2.5.0=p2IU,id=org.eclipse.emf.ecore.change,version=,repository=http://download.eclipse.org/releases/helios/
plugin@org.eclipse.emf.ecore,2.6.0=p2IU,id=org.eclipse.emf.ecore,version=,repository=http://download.eclipse.org/releases/helios/
plugin@org.eclipse.emf.ecore.xmi,2.5.0=p2IU,id=org.eclipse.emf.ecore.xmi,version=,repository=http://download.eclipse.org/releases/helios/
feature@org.eclipse.emf.common,2.6.0=p2IU,id=org.eclipse.emf.common.feature.jar,version=,repository=http://download.eclipse.org/releases/helios/
plugin@org.eclipse.emf.common,2.6.0=p2IU,id=org.eclipse.emf.common,version=,repository=http://download.eclipse.org/releases/helios/
plugin@org.eclipse.emf.databinding,1.2.0=p2IU,id=org.eclipse.emf.databinding,version=,repository=http://download.eclipse.org/releases/helios/

!**** Nebula

plugin@org.eclipse.nebula.widgets.gallery=R_0_20090212,:pserver:anonymous@dev.eclipse.org:/cvsroot/technology,,org.eclipse.swt.nebula/org.eclipse.nebula.widgets.gallery