!***************  e4 CONTRIBUTION  ******************************************************** 

!**** EMF
feature@org.eclipse.emf.ecore=v201003151457,:pserver:anonymous@dev.eclipse.org:/cvsroot/modeling,,org.eclipse.emf/org.eclipse.emf/features/org.eclipse.emf.ecore-feature
plugin@org.eclipse.emf.ecore.change,2.5.0=p2IU,id=org.eclipse.emf.ecore.change,version=2.5.0.v201003151457,repository=http://download.eclipse.org/modeling/emf/emf/updates/2.6/
plugin@org.eclipse.emf.ecore,2.6.0=p2IU,id=org.eclipse.emf.ecore,version=2.6.0.v201003151457,repository=http://download.eclipse.org/modeling/emf/emf/updates/2.6/
plugin@org.eclipse.emf.ecore.xmi,2.5.0=p2IU,id=org.eclipse.emf.ecore.xmi,version=2.5.0.v201003151457,repository=http://download.eclipse.org/modeling/emf/emf/updates/2.6/

!**** Binary e4 plug-ins

plugin@org.eclipse.e4.core.contexts=p2IU,id=org.eclipse.e4.core.contexts,repository=http://download.eclipse.org/e4/downloads/drops/I20100405-2100/repository
plugin@org.eclipse.e4.core.di=p2IU,id=org.eclipse.e4.core.di,repository=http://download.eclipse.org/e4/downloads/drops/I20100405-2100/repository
plugin@org.eclipse.e4.core.services=p2IU,id=org.eclipse.e4.core.services,version=,repository=http://download.eclipse.org/e4/downloads/drops/I20100405-2100/repository

!**** Workbench Compatibility

!**plugin@org.eclipse.ui.workbench=I20100406-0910,:pserver:anonymous@dev.eclipse.org:/cvsroot/eclipse,,e4/org.eclipse.e4.compatibility/bundles/org.eclipse.ui.workbench
