!***************  Equinox Incubator Contribution ***************************

!**** Initializer bundle
bundle@org.eclipse.equinox.initializer=v20100503,:pserver:anonymous@dev.eclipse.org:/cvsroot/rt,,org.eclipse.equinox/incubator/framework/bundles/org.eclipse.equinox.initializer

!**** Resource Monitoring ****

!** Client **
plugin@org.eclipse.equinox.jmx.client=p2IU,id=org.eclipse.equinox.jmx.client,version=,repository=http://download.eclipse.org/eclipse/updates/3.6/
plugin@org.eclipse.equinox.jmx.client.rmi=p2IU,id=org.eclipse.equinox.jmx.client.rmi,version=,repository=http://download.eclipse.org/eclipse/updates/3.6/
plugin@org.eclipse.equinox.jmx.client.xmlrpc=p2IU,id=org.eclipse.equinox.jmx.client.xmlrpc,version=,repository=http://download.eclipse.org/eclipse/updates/3.6/
feature@org.eclipse.equinox.jmx.client.feature=v20081124,:pserver:anonymous@dev.eclipse.org:/cvsroot/rt,,org.eclipse.equinox/incubator/monitoring/bundles/org.eclipse.equinox.jmx.client.feature

!** Common **
plugin@org.eclipse.equinox.jmx.common=p2IU,id=org.eclipse.equinox.jmx.common,version=,repository=http://download.eclipse.org/eclipse/updates/3.6/
feature@org.eclipse.equinox.jmx.common.feature=v20070507,:pserver:anonymous@dev.eclipse.org:/cvsroot/rt,,org.eclipse.equinox/incubator/monitoring/bundles/org.eclipse.equinox.jmx.common.feature

!** Server **
plugin@org.eclipse.equinox.jmx.server=p2IU,id=org.eclipse.equinox.jmx.server,version=,repository=http://download.eclipse.org/eclipse/updates/3.6/
plugin@org.eclipse.equinox.jmx.server.rmi=p2IU,id=org.eclipse.equinox.jmx.server.rmi,version=,repository=http://download.eclipse.org/eclipse/updates/3.6/
plugin@org.eclipse.equinox.jmx.server.xmlrpc=p2IU,id=org.eclipse.equinox.jmx.server.xmlrpc,version=,repository=http://download.eclipse.org/eclipse/updates/3.6/
plugin@org.eclipse.equinox.jmx.vm=p2IU,id=org.eclipse.equinox.jmx.vm,version=,repository=http://download.eclipse.org/eclipse/updates/3.6/
plugin@org.eclipse.equinox.preferences.jmx=p2IU,id=org.eclipse.equinox.preferences.jmx,version=,repository=http://download.eclipse.org/eclipse/updates/3.6/
plugin@org.eclipse.equinox.registry.jmx=p2IU,id=org.eclipse.equinox.registry.jmx,version=,repository=http://download.eclipse.org/eclipse/updates/3.6/
plugin@org.eclipse.osgi.jmx=p2IU,id=org.eclipse.osgi.jmx,version=,repository=http://download.eclipse.org/eclipse/updates/3.6/
plugin@org.eclipse.swt.jmx=p2IU,id=org.eclipse.swt.jmx,version=,repository=http://download.eclipse.org/eclipse/updates/3.6/
plugin@org.eclipse.core.resources.jmx=p2IU,id=org.eclipse.core.resources.jmx,version=,repository=http://download.eclipse.org/eclipse/updates/3.6/
feature@org.eclipse.equinox.jmx.server.feature=v20081124,:pserver:anonymous@dev.eclipse.org:/cvsroot/rt,,org.eclipse.equinox/incubator/monitoring/bundles/org.eclipse.equinox.jmx.server.feature