!***************  Equinox Incubator Contribution ***************************

!**** Initializer bundle
bundle@org.eclipse.equinox.initializer=GIT,tag=v20100503,repo=git://git.eclipse.org/gitroot/equinox/rt.equinox.incubator.git,path=framework/bundles/org.eclipse.equinox.initializer

!**** Resource Monitoring ****

!** Client **
plugin@org.eclipse.equinox.jmx.client=GIT,tag=v20100503,repo=git://git.eclipse.org/gitroot/equinox/rt.equinox.incubator.git,path=monitoring/bundles/org.eclipse.equinox.jmx.client
plugin@org.eclipse.equinox.jmx.client.rmi=GIT,tag=v20100503,repo=git://git.eclipse.org/gitroot/equinox/rt.equinox.incubator.git,path=monitoring/bundles/org.eclipse.equinox.jmx.client.rmi
plugin@org.eclipse.equinox.jmx.client.xmlrpc=GIT,tag=v20100503,repo=git://git.eclipse.org/gitroot/equinox/rt.equinox.incubator.git,path=monitoring/bundles/org.eclipse.equinox.jmx.client.xmlrpc
feature@org.eclipse.equinox.jmx.client.feature=GIT,tag=v20110511,repo=git://git.eclipse.org/gitroot/equinox/rt.equinox.incubator.git,path=monitoring/bundles/org.eclipse.equinox.jmx.client.feature

!** Common **
plugin@org.eclipse.equinox.jmx.common=GIT,tag=v20100503,repo=git://git.eclipse.org/gitroot/equinox/rt.equinox.incubator.git,path=monitoring/bundles/org.eclipse.equinox.jmx.common
feature@org.eclipse.equinox.jmx.common.feature=GIT,tag=v20110511,repo=git://git.eclipse.org/gitroot/equinox/rt.equinox.incubator.git,path=monitoring/bundles/org.eclipse.equinox.jmx.common.feature

!** Server **
plugin@org.eclipse.equinox.jmx.server=GIT,tag=v20100503,repo=git://git.eclipse.org/gitroot/equinox/rt.equinox.incubator.git,path=monitoring/bundles/org.eclipse.equinox.jmx.server
plugin@org.eclipse.equinox.jmx.server.rmi=GIT,tag=v20100503,repo=git://git.eclipse.org/gitroot/equinox/rt.equinox.incubator.git,path=monitoring/bundles/org.eclipse.equinox.jmx.server.rmi
plugin@org.eclipse.equinox.jmx.server.xmlrpc=GIT,tag=v20110413,repo=git://git.eclipse.org/gitroot/equinox/rt.equinox.incubator.git,path=monitoring/bundles/org.eclipse.equinox.jmx.server.xmlrpc
plugin@org.eclipse.equinox.jmx.vm=GIT,tag=v20100503,repo=git://git.eclipse.org/gitroot/equinox/rt.equinox.incubator.git,path=monitoring/bundles/org.eclipse.equinox.jmx.vm
plugin@org.eclipse.equinox.preferences.jmx=GIT,tag=v20100503,repo=git://git.eclipse.org/gitroot/equinox/rt.equinox.incubator.git,path=monitoring/bundles/org.eclipse.equinox.preferences.jmx
plugin@org.eclipse.equinox.registry.jmx=GIT,tag=v20100503,repo=git://git.eclipse.org/gitroot/equinox/rt.equinox.incubator.git,path=monitoring/bundles/org.eclipse.equinox.registry.jmx
plugin@org.eclipse.osgi.jmx=GIT,tag=v20110414,repo=git://git.eclipse.org/gitroot/equinox/rt.equinox.incubator.git,path=monitoring/bundles/org.eclipse.osgi.jmx
plugin@org.eclipse.swt.jmx=GIT,tag=v20100503,repo=git://git.eclipse.org/gitroot/equinox/rt.equinox.incubator.git,path=monitoring/bundles/org.eclipse.swt.jmx
plugin@org.eclipse.core.resources.jmx=GIT,tag=v20100503,repo=git://git.eclipse.org/gitroot/equinox/rt.equinox.incubator.git,path=monitoring/bundles/org.eclipse.core.resources.jmx
feature@org.eclipse.equinox.jmx.server.feature=GIT,tag=v20110511,repo=git://git.eclipse.org/gitroot/equinox/rt.equinox.incubator.git,path=monitoring/bundles/org.eclipse.equinox.jmx.server.feature

!** Console **
plugin@org.eclipse.equinox.console.supportability=GIT,tag=v20110808,repo=git://git.eclipse.org/gitroot/equinox/rt.equinox.incubator.git,path=console/org.eclipse.equinox.console.supportability
fragment@org.eclipse.equinox.console.jaas.fragment=GIT,tag=v20110808,repo=git://git.eclipse.org/gitroot/equinox/rt.equinox.incubator.git,path=console/org.eclipse.equinox.console.jaas.fragment
plugin@org.eclipse.equinox.slf4j.stub=GIT,tag=v20110607,repo=git://git.eclipse.org/gitroot/equinox/rt.equinox.incubator.git,path=console/org.eclipse.equinox.slf4j.stub

!** Feature for all equinox incubatorbundles **
feature@org.eclipse.equinox.incubator.feature=GIT,tag=v20110808,repo=git://git.eclipse.org/gitroot/equinox/rt.equinox.incubator.git,path=monitoring/bundles/org.eclipse.equinox.incubator.feature