!***************  Equinox Incubator Contribution ***************************

!**** Configuration Admin
plugin@org.eclipse.equinox.cm=v20071107,:pserver:anonymous@dev.eclipse.org:/cvsroot/eclipse,,equinox-incubator/org.eclipse.equinox.cm

!**** Initializer bundle
bundle@org.eclipse.equinox.initializer=v20071015,:pserver:anonymous@dev.eclipse.org:/cvsroot/eclipse,,equinox-incubator/org.eclipse.equinox.initializer

!**** Resource Monitoring ****

!** Client **
plugin@org.eclipse.equinox.jmx.client=v20070515,:pserver:anonymous@dev.eclipse.org:/cvsroot/eclipse,,equinox-incubator/org.eclipse.equinox.jmx.client
plugin@org.eclipse.equinox.jmx.client.rmi=v20070515,:pserver:anonymous@dev.eclipse.org:/cvsroot/eclipse,,equinox-incubator/org.eclipse.equinox.jmx.client.rmi
plugin@org.eclipse.equinox.jmx.client.xmlrpc=v20070515,:pserver:anonymous@dev.eclipse.org:/cvsroot/eclipse,,equinox-incubator/org.eclipse.equinox.jmx.client.xmlrpc
feature@org.eclipse.equinox.jmx.client.feature=v20070608,:pserver:anonymous@dev.eclipse.org:/cvsroot/eclipse,,equinox-incubator/org.eclipse.equinox.jmx.client.feature

!** Common **
plugin@org.eclipse.equinox.jmx.common=v20070510,:pserver:anonymous@dev.eclipse.org:/cvsroot/eclipse,,equinox-incubator/org.eclipse.equinox.jmx.common
feature@org.eclipse.equinox.jmx.common.feature=v20070507,:pserver:anonymous@dev.eclipse.org:/cvsroot/eclipse,,equinox-incubator/org.eclipse.equinox.jmx.common.feature

!** Server **
plugin@org.eclipse.equinox.jmx.server=v20071015,:pserver:anonymous@dev.eclipse.org:/cvsroot/eclipse,,equinox-incubator/org.eclipse.equinox.jmx.server
plugin@org.eclipse.equinox.jmx.server.rmi=v20070510,:pserver:anonymous@dev.eclipse.org:/cvsroot/eclipse,,equinox-incubator/org.eclipse.equinox.jmx.server.rmi
plugin@org.eclipse.equinox.jmx.server.xmlrpc=v20070608,:pserver:anonymous@dev.eclipse.org:/cvsroot/eclipse,,equinox-incubator/org.eclipse.equinox.jmx.server.xmlrpc
plugin@org.eclipse.equinox.jmx.vm=v20070515,:pserver:anonymous@dev.eclipse.org:/cvsroot/eclipse,,equinox-incubator/org.eclipse.equinox.jmx.vm
plugin@org.eclipse.equinox.preferences.jmx=v20070510,:pserver:anonymous@dev.eclipse.org:/cvsroot/eclipse,,equinox-incubator/org.eclipse.equinox.preferences.jmx
plugin@org.eclipse.equinox.registry.jmx=v20070510,:pserver:anonymous@dev.eclipse.org:/cvsroot/eclipse,,equinox-incubator/org.eclipse.equinox.registry.jmx
plugin@org.eclipse.osgi.jmx=v20070510,:pserver:anonymous@dev.eclipse.org:/cvsroot/eclipse,,equinox-incubator/org.eclipse.osgi.jmx
plugin@org.eclipse.swt.jmx=v20070510,:pserver:anonymous@dev.eclipse.org:/cvsroot/eclipse,,equinox-incubator/org.eclipse.swt.jmx
plugin@org.eclipse.core.resources.jmx=v20070510,:pserver:anonymous@dev.eclipse.org:/cvsroot/eclipse,,equinox-incubator/org.eclipse.core.resources.jmx
feature@org.eclipse.equinox.jmx.server.feature=v20070510,:pserver:anonymous@dev.eclipse.org:/cvsroot/eclipse,,equinox-incubator/org.eclipse.equinox.jmx.server.feature

!** Prosyst bundles **
plugin@org.eclipse.equinox.ds=v20071026,:pserver:anonymous@dev.eclipse.org:/cvsroot/eclipse,,equinox-incubator/org.eclipse.equinox.ds
plugin@org.eclipse.equinox.io=v20070919,:pserver:anonymous@dev.eclipse.org:/cvsroot/eclipse,,equinox-incubator/org.eclipse.equinox.io
plugin@org.eclipse.equinox.ip=v20070919,:pserver:anonymous@dev.eclipse.org:/cvsroot/eclipse,,equinox-incubator/org.eclipse.equinox.ip
plugin@org.eclipse.equinox.util=v20070919,:pserver:anonymous@dev.eclipse.org:/cvsroot/eclipse,,equinox-incubator/org.eclipse.equinox.util
plugin@org.eclipse.equinox.wireadmin=v20071026,:pserver:anonymous@dev.eclipse.org:/cvsroot/eclipse,,equinox-incubator/org.eclipse.equinox.wireadmin

!** Provisioning Bundles (start) ****************
plugin@org.eclipse.equinox.frameworkadmin=CVS,tag=v20071022,cvsRoot=:pserver:anonymous@dev.eclipse.org:/cvsroot/eclipse,path=equinox-incubator/org.eclipse.equinox.frameworkadmin
plugin@org.eclipse.equinox.frameworkadmin.equinox=CVS,tag=v20071029-0940,cvsRoot=:pserver:anonymous@dev.eclipse.org:/cvsroot/eclipse,path=equinox-incubator/org.eclipse.equinox.frameworkadmin.equinox
plugin@org.eclipse.equinox.p2.artifact.repository=CVS,tag=v20071105,cvsRoot=:pserver:anonymous@dev.eclipse.org:/cvsroot/eclipse,path=equinox-incubator/provisioning/org.eclipse.equinox.p2.artifact.repository
plugin@org.eclipse.equinox.p2.console=CVS,tag=v20071029-1256,cvsRoot=:pserver:anonymous@dev.eclipse.org:/cvsroot/eclipse,path=equinox-incubator/provisioning/org.eclipse.equinox.p2.console
plugin@org.eclipse.equinox.p2.core=CVS,tag=v20071030-2300,cvsRoot=:pserver:anonymous@dev.eclipse.org:/cvsroot/eclipse,path=equinox-incubator/provisioning/org.eclipse.equinox.p2.core
plugin@org.eclipse.equinox.p2.director=CVS,tag=v20071029-1256,cvsRoot=:pserver:anonymous@dev.eclipse.org:/cvsroot/eclipse,path=equinox-incubator/provisioning/org.eclipse.equinox.p2.director
plugin@org.eclipse.equinox.p2.director.app=CVS,tag=v20071031-1213,cvsRoot=:pserver:anonymous@dev.eclipse.org:/cvsroot/eclipse,path=equinox-incubator/provisioning/org.eclipse.equinox.p2.director.app
plugin@org.eclipse.equinox.p2.download=CVS,tag=v20071031-1213,cvsRoot=:pserver:anonymous@dev.eclipse.org:/cvsroot/eclipse,path=equinox-incubator/provisioning/org.eclipse.equinox.p2.download
plugin@org.eclipse.equinox.p2.engine=CVS,tag=v20071029-1256,cvsRoot=:pserver:anonymous@dev.eclipse.org:/cvsroot/eclipse,path=equinox-incubator/provisioning/org.eclipse.equinox.p2.engine
plugin@org.eclipse.equinox.p2.exemplarysetup=CVS,tag=v20071029-1256,cvsRoot=:pserver:anonymous@dev.eclipse.org:/cvsroot/eclipse,path=equinox-incubator/provisioning/org.eclipse.equinox.p2.exemplarysetup
plugin@org.eclipse.equinox.p2.jarprocessor=CVS,tag=v20071029-1256,cvsRoot=:pserver:anonymous@dev.eclipse.org:/cvsroot/eclipse,path=equinox-incubator/provisioning/org.eclipse.equinox.p2.jarprocessor
plugin@org.eclipse.equinox.p2.metadata=CVS,tag=v20071105,cvsRoot=:pserver:anonymous@dev.eclipse.org:/cvsroot/eclipse,path=equinox-incubator/provisioning/org.eclipse.equinox.p2.metadata
plugin@org.eclipse.equinox.p2.metadata.generator=CVS,tag=v20071105,cvsRoot=:pserver:anonymous@dev.eclipse.org:/cvsroot/eclipse,path=equinox-incubator/provisioning/org.eclipse.equinox.p2.metadata.generator
plugin@org.eclipse.equinox.p2.metadata.repository=CVS,tag=v20071105,cvsRoot=:pserver:anonymous@dev.eclipse.org:/cvsroot/eclipse,path=equinox-incubator/provisioning/org.eclipse.equinox.p2.metadata.repository
plugin@org.eclipse.equinox.p2.selfhosting=CVS,tag=v20071029-1256,cvsRoot=:pserver:anonymous@dev.eclipse.org:/cvsroot/eclipse,path=equinox-incubator/provisioning/org.eclipse.equinox.p2.selfhosting
plugin@org.eclipse.equinox.p2.test=CVS,tag=v20070809-0900,cvsRoot=:pserver:anonymous@dev.eclipse.org:/cvsroot/eclipse,path=equinox-incubator/provisioning/org.eclipse.equinox.p2.test
plugin@org.eclipse.equinox.p2.tools=CVS,tag=v20071029-1256,cvsRoot=:pserver:anonymous@dev.eclipse.org:/cvsroot/eclipse,path=equinox-incubator/provisioning/org.eclipse.equinox.p2.tools
plugin@org.eclipse.equinox.p2.touchpoint.eclipse=CVS,tag=v20071031-1750,cvsRoot=:pserver:anonymous@dev.eclipse.org:/cvsroot/eclipse,path=equinox-incubator/provisioning/org.eclipse.equinox.p2.touchpoint.eclipse
plugin@org.eclipse.equinox.p2.touchpoint.natives=CVS,tag=v20071031-1750,cvsRoot=:pserver:anonymous@dev.eclipse.org:/cvsroot/eclipse,path=equinox-incubator/provisioning/org.eclipse.equinox.p2.touchpoint.natives
plugin@org.eclipse.equinox.p2.ui=CVS,tag=v20071031-1750,cvsRoot=:pserver:anonymous@dev.eclipse.org:/cvsroot/eclipse,path=equinox-incubator/provisioning/org.eclipse.equinox.p2.ui
plugin@org.eclipse.equinox.p2.ui.admin=CVS,tag=v20071105,cvsRoot=:pserver:anonymous@dev.eclipse.org:/cvsroot/eclipse,path=equinox-incubator/provisioning/org.eclipse.equinox.p2.ui.admin
plugin@org.eclipse.equinox.p2.ui.sdk=CVS,tag=v20071105,cvsRoot=:pserver:anonymous@dev.eclipse.org:/cvsroot/eclipse,path=equinox-incubator/provisioning/org.eclipse.equinox.p2.ui.sdk
plugin@org.eclipse.equinox.p2.ui.admin.rcp=CVS,tag=v20071105,cvsRoot=:pserver:anonymous@dev.eclipse.org:/cvsroot/eclipse,path=equinox-incubator/provisioning/org.eclipse.equinox.p2.ui.admin.rcp
plugin@org.eclipse.equinox.p2.updatechecker=CVS,tag=v20071026-1800,cvsRoot=:pserver:anonymous@dev.eclipse.org:/cvsroot/eclipse,path=equinox-incubator/provisioning/org.eclipse.equinox.p2.updatechecker
plugin@org.eclipse.equinox.p2.updatechecker.app=CVS,tag=v20071026-1800,cvsRoot=:pserver:anonymous@dev.eclipse.org:/cvsroot/eclipse,path=equinox-incubator/provisioning/org.eclipse.equinox.p2.updatechecker.app
plugin@org.eclipse.equinox.simpleconfigurator=CVS,tag=v20071026-1800,cvsRoot=:pserver:anonymous@dev.eclipse.org:/cvsroot/eclipse,path=equinox-incubator/org.eclipse.equinox.simpleconfigurator
plugin@org.eclipse.equinox.simpleconfigurator.manipulator=CVS,tag=v20071029-1727,cvsRoot=:pserver:anonymous@dev.eclipse.org:/cvsroot/eclipse,path=equinox-incubator/org.eclipse.equinox.simpleconfigurator.manipulator

feature@org.eclipse.equinox.p2.agent.feature=CVS,tag=v20071029-1130,cvsRoot=:pserver:anonymous@dev.eclipse.org:/cvsroot/eclipse,path=equinox-incubator/provisioning/org.eclipse.equinox.p2.releng/buildtime-features/org.eclipse.equinox.p2.agent.feature
feature@org.eclipse.equinox.p2.generator.feature=CVS,tag=v20071029-1130,cvsRoot=:pserver:anonymous@dev.eclipse.org:/cvsroot/eclipse,path=equinox-incubator/provisioning/org.eclipse.equinox.p2.releng/buildtime-features/org.eclipse.equinox.p2.generator.feature
feature@org.eclipse.equinox.p2.director.feature=CVS,tag=v20071029-1130,cvsRoot=:pserver:anonymous@dev.eclipse.org:/cvsroot/eclipse,path=equinox-incubator/provisioning/org.eclipse.equinox.p2.releng/buildtime-features/org.eclipse.equinox.p2.director.feature
feature@org.eclipse.equinox.p2.selfhosting.feature=CVS,tag=v20071029-1130,cvsRoot=:pserver:anonymous@dev.eclipse.org:/cvsroot/eclipse,path=equinox-incubator/provisioning/org.eclipse.equinox.p2.releng/buildtime-features/org.eclipse.equinox.p2.selfhosting.feature
feature@org.eclipse.equinox.p2.user.ui.feature=CVS,tag=v20071029-1130,cvsRoot=:pserver:anonymous@dev.eclipse.org:/cvsroot/eclipse,path=equinox-incubator/provisioning/org.eclipse.equinox.p2.releng/buildtime-features/org.eclipse.equinox.p2.user.ui.feature

!# Bundles from ECF
plugin@org.eclipse.ecf=GET,http://download.eclipse.org/technology/ecf/update/plugins/org.eclipse.ecf_1.2.0.v20071019-1300.jar
plugin@org.eclipse.ecf.identity=GET,http://download.eclipse.org/technology/ecf/update/plugins/org.eclipse.ecf.identity_1.2.0.v20071019-1300.jar
plugin@org.eclipse.ecf.filetransfer=GET,http://download.eclipse.org/technology/ecf/update/plugins/org.eclipse.ecf.filetransfer_1.2.0.v20071019-1300.jar
plugin@org.eclipse.ecf.provider.filetransfer=GET,http://download.eclipse.org/technology/ecf/update/plugins/org.eclipse.ecf.provider.filetransfer_1.2.0.v20071019-1300.jar

!** Provisioning Bundles (end) ****************

!** Security Incubator Bundles **
fragment@org.eclipse.equinox.security.boot.jre14x=v20071015,:pserver:anonymous@dev.eclipse.org:/cvsroot/eclipse,,equinox-incubator/security/org.eclipse.equinox.security.boot.jre14x
fragment@org.eclipse.equinox.security.boot.jre15x=v20071015,:pserver:anonymous@dev.eclipse.org:/cvsroot/eclipse,,equinox-incubator/security/org.eclipse.equinox.security.boot.jre15x
plugin@org.eclipse.equinox.security.provider=v20071015,:pserver:anonymous@dev.eclipse.org:/cvsroot/eclipse,,equinox-incubator/security/org.eclipse.equinox.security.provider
feature@org.eclipse.equinox.security.provider-feature=v20071016,:pserver:anonymous@dev.eclipse.org:/cvsroot/eclipse,,equinox-incubator/security/org.eclipse.equinox.security.provider-feature