!***************  FEATURE CONTRIBUTION  ******************************************************

feature@org.eclipse.jdt-feature=v20030304, :pserver:anonymous@dev.eclipse.org:/home/eclipse,
feature@org.eclipse.jdt.source-feature=v20030304, :pserver:anonymous@dev.eclipse.org:/home/eclipse,

feature@org.eclipse.jdt.macosx-feature=v20020917, :pserver:anonymous@dev.eclipse.org:/home/eclipse,
feature@org.eclipse.jdt.macosx.source-feature=v20020917, :pserver:anonymous@dev.eclipse.org:/home/eclipse,

feature@org.eclipse.pde-feature=v20020917, :pserver:anonymous@dev.eclipse.org:/home/eclipse,

feature@org.eclipse.platform-feature=v20030303, :pserver:anonymous@dev.eclipse.org:/home/eclipse,
feature@org.eclipse.platform.source-feature=v20030219b, :pserver:anonymous@dev.eclipse.org:/home/eclipse,

feature@org.eclipse.platform.aix.motif-feature=v20030219b, :pserver:anonymous@dev.eclipse.org:/home/eclipse,
feature@org.eclipse.platform.aix.motif.source-feature=v20030219b, :pserver:anonymous@dev.eclipse.org:/home/eclipse,

feature@org.eclipse.platform.hpux.motif-feature=v20030219b, :pserver:anonymous@dev.eclipse.org:/home/eclipse,
feature@org.eclipse.platform.hpux.motif.source-feature=v20030219b, :pserver:anonymous@dev.eclipse.org:/home/eclipse,

feature@org.eclipse.platform.linux.gtk-feature=v20030219b, :pserver:anonymous@dev.eclipse.org:/home/eclipse,
feature@org.eclipse.platform.linux.gtk.source-feature=v20030219b, :pserver:anonymous@dev.eclipse.org:/home/eclipse,

feature@org.eclipse.platform.linux.motif-feature=v20030219b, :pserver:anonymous@dev.eclipse.org:/home/eclipse,
feature@org.eclipse.platform.linux.motif.source-feature=v20030219b, :pserver:anonymous@dev.eclipse.org:/home/eclipse,

feature@org.eclipse.platform.macosx.carbon-feature=v20030228, :pserver:anonymous@dev.eclipse.org:/home/eclipse,
feature@org.eclipse.platform.macosx.carbon.source-feature=v20030219b, :pserver:anonymous@dev.eclipse.org:/home/eclipse,

feature@org.eclipse.platform.qnx.photon-feature=v20030304, :pserver:anonymous@dev.eclipse.org:/home/eclipse,
feature@org.eclipse.platform.qnx.photon.source-feature=v20030219b, :pserver:anonymous@dev.eclipse.org:/home/eclipse,

feature@org.eclipse.platform.solaris.motif-feature=v20030219b, :pserver:anonymous@dev.eclipse.org:/home/eclipse,
feature@org.eclipse.platform.solaris.motif.source-feature=v20030219b, :pserver:anonymous@dev.eclipse.org:/home/eclipse,

feature@org.eclipse.platform.win32-feature=v20030219b, :pserver:anonymous@dev.eclipse.org:/home/eclipse,
feature@org.eclipse.platform.win32.source-feature=v20030219b, :pserver:anonymous@dev.eclipse.org:/home/eclipse,

plugin@org.eclipse.platform=v20030219b, :pserver:anonymous@dev.eclipse.org:/home/eclipse,
plugin@org.eclipse.platform.source=v20030219b, :pserver:anonymous@dev.eclipse.org:/home/eclipse,

plugin@org.eclipse.platform.aix.motif=v20030219b, :pserver:anonymous@dev.eclipse.org:/home/eclipse,
plugin@org.eclipse.platform.aix.motif.source=v20030219b, :pserver:anonymous@dev.eclipse.org:/home/eclipse,

plugin@org.eclipse.platform.hpux.motif=v20030219b, :pserver:anonymous@dev.eclipse.org:/home/eclipse,
plugin@org.eclipse.platform.hpux.motif.source=v20030219b, :pserver:anonymous@dev.eclipse.org:/home/eclipse,

plugin@org.eclipse.platform.linux.gtk=v20030228, :pserver:anonymous@dev.eclipse.org:/home/eclipse,
plugin@org.eclipse.platform.linux.gtk.source=v20030219b, :pserver:anonymous@dev.eclipse.org:/home/eclipse,

plugin@org.eclipse.platform.linux.motif=v20030219b, :pserver:anonymous@dev.eclipse.org:/home/eclipse,
plugin@org.eclipse.platform.linux.motif.source=v20030219b, :pserver:anonymous@dev.eclipse.org:/home/eclipse,

plugin@org.eclipse.platform.macosx.carbon=v20030227, :pserver:anonymous@dev.eclipse.org:/home/eclipse,
plugin@org.eclipse.platform.macosx.carbon.source=v20030219b, :pserver:anonymous@dev.eclipse.org:/home/eclipse,

plugin@org.eclipse.platform.qnx.photon=v20030219b, :pserver:anonymous@dev.eclipse.org:/home/eclipse,
plugin@org.eclipse.platform.qnx.photon.source=v20030219b, :pserver:anonymous@dev.eclipse.org:/home/eclipse,

plugin@org.eclipse.platform.solaris.motif=v20030219b, :pserver:anonymous@dev.eclipse.org:/home/eclipse,
plugin@org.eclipse.platform.solaris.motif.source=v20030219b, :pserver:anonymous@dev.eclipse.org:/home/eclipse,

plugin@org.eclipse.platform.win32=v20030219b, :pserver:anonymous@dev.eclipse.org:/home/eclipse,
plugin@org.eclipse.platform.win32.source=v20030219b, :pserver:anonymous@dev.eclipse.org:/home/eclipse,
