!***************  FEATURE CONTRIBUTION  ******************************************************
feature@org.eclipse.sdk=v20060612,:pserver:anonymous@dev.eclipse.org:/cvsroot/eclipse,,org.eclipse.sdk-feature/features/org.eclipse.sdk
plugin@org.eclipse.sdk=v20060705,:pserver:anonymous@dev.eclipse.org:/cvsroot/eclipse,

feature@org.eclipse.jdt=v20060718-0800,:pserver:anonymous@dev.eclipse.org:/cvsroot/eclipse,,org.eclipse.jdt-feature
feature@org.eclipse.jdt.sdk=v20060324,:pserver:anonymous@dev.eclipse.org:/cvsroot/eclipse,,org.eclipse.sdk-feature/features/org.eclipse.jdt.sdk

feature@org.eclipse.pde=v20060615,:pserver:anonymous@dev.eclipse.org:/cvsroot/eclipse,,org.eclipse.pde-feature
feature@org.eclipse.pde.sdk=v20060210,:pserver:anonymous@dev.eclipse.org:/cvsroot/eclipse,,org.eclipse.sdk-feature/features/org.eclipse.pde.sdk

feature@org.eclipse.platform=v20060615,:pserver:anonymous@dev.eclipse.org:/cvsroot/eclipse,,org.eclipse.platform-feature
feature@org.eclipse.platform.sdk=v20060324,:pserver:anonymous@dev.eclipse.org:/cvsroot/eclipse,,org.eclipse.sdk-feature/features/org.eclipse.platform.sdk

plugin@org.eclipse.platform=v20060601,:pserver:anonymous@dev.eclipse.org:/cvsroot/eclipse,

feature@org.eclipse.sdk.examples=v20060612,:pserver:anonymous@dev.eclipse.org:/cvsroot/eclipse,,org.eclipse.sdk.examples-feature
plugin@org.eclipse.sdk.examples=v20060607,:pserver:anonymous@dev.eclipse.org:/cvsroot/eclipse,

feature@org.eclipse.sdk.tests=v20060329,:pserver:anonymous@dev.eclipse.org:/cvsroot/eclipse,,org.eclipse.sdk.tests-feature/features/org.eclipse.sdk.tests
plugin@org.eclipse.sdk.tests=v20060605,:pserver:anonymous@dev.eclipse.org:/cvsroot/eclipse,

feature@org.eclipse.team.extras=v20060612,:pserver:anonymous@dev.eclipse.org:/cvsroot/eclipse,,org.eclipse.team.extras-feature
plugin@org.eclipse.team.extras=v20060605,:pserver:anonymous@dev.eclipse.org:/cvsroot/eclipse,

feature@org.eclipse.equinox=v20060620,:pserver:anonymous@dev.eclipse.org:/cvsroot/eclipse,,org.eclipse.sdk-feature/features/org.eclipse.equinox
feature@org.eclipse.equinox.sdk=v20060324,:pserver:anonymous@dev.eclipse.org:/cvsroot/eclipse,,org.eclipse.sdk-feature/features/org.eclipse.equinox.sdk