!***************  FEATURE CONTRIBUTION  ******************************************************
feature@org.eclipse.sdk=v20080303,:pserver:anonymous@dev.eclipse.org:/cvsroot/eclipse,,org.eclipse.sdk-feature/features/org.eclipse.sdk
plugin@org.eclipse.sdk=v20080107,:pserver:anonymous@dev.eclipse.org:/cvsroot/eclipse,

feature@org.eclipse.jdt=v20080304-0800,:pserver:anonymous@dev.eclipse.org:/cvsroot/eclipse,,org.eclipse.jdt-feature
feature@org.eclipse.jdt.sdk=v20060324,:pserver:anonymous@dev.eclipse.org:/cvsroot/eclipse,,org.eclipse.sdk-feature/features/org.eclipse.jdt.sdk

feature@org.eclipse.pde=v20080222,:pserver:anonymous@dev.eclipse.org:/cvsroot/eclipse,,org.eclipse.pde-feature
feature@org.eclipse.pde.sdk=v20070212,:pserver:anonymous@dev.eclipse.org:/cvsroot/eclipse,,org.eclipse.sdk-feature/features/org.eclipse.pde.sdk

feature@org.eclipse.platform=v20080310,:pserver:anonymous@dev.eclipse.org:/cvsroot/eclipse,,org.eclipse.platform-feature
feature@org.eclipse.platform.sdk=v20070326,:pserver:anonymous@dev.eclipse.org:/cvsroot/eclipse,,org.eclipse.sdk-feature/features/org.eclipse.platform.sdk

plugin@org.eclipse.platform=I20080204-0800,:pserver:anonymous@dev.eclipse.org:/cvsroot/eclipse,

feature@org.eclipse.sdk.examples=v20071128,:pserver:anonymous@dev.eclipse.org:/cvsroot/eclipse,,org.eclipse.sdk.examples-feature
plugin@org.eclipse.sdk.examples=v20070605,:pserver:anonymous@dev.eclipse.org:/cvsroot/eclipse,

feature@org.eclipse.sdk.tests=v20080225,:pserver:anonymous@dev.eclipse.org:/cvsroot/eclipse,,org.eclipse.sdk.tests-feature/features/org.eclipse.sdk.tests
plugin@org.eclipse.sdk.tests=v20060605,:pserver:anonymous@dev.eclipse.org:/cvsroot/eclipse,

feature@org.eclipse.equinox=v20080222,:pserver:anonymous@dev.eclipse.org:/cvsroot/eclipse,,org.eclipse.sdk-feature/features/org.eclipse.equinox
feature@org.eclipse.equinox.sdk=v20060324,:pserver:anonymous@dev.eclipse.org:/cvsroot/eclipse,,org.eclipse.sdk-feature/features/org.eclipse.equinox.sdk

feature@org.eclipse.cvs=v20070824,:pserver:anonymous@dev.eclipse.org:/cvsroot/eclipse,,org.eclipse.cvs-feature
feature@org.eclipse.cvs.sdk=v20070605,:pserver:anonymous@dev.eclipse.org:/cvsroot/eclipse,,org.eclipse.sdk-feature/features/org.eclipse.cvs.sdk
plugin@org.eclipse.cvs=v20070606,:pserver:anonymous@dev.eclipse.org:/cvsroot/eclipse,,org.eclipse.sdk-feature/plugins/org.eclipse.cvs

feature@org.eclipse.help=v20080111,:pserver:anonymous@dev.eclipse.org:/cvsroot/eclipse,,org.eclipse.sdk-feature/features/org.eclipse.help-feature
feature@org.eclipse.help.sdk=v20080111,:pserver:anonymous@dev.eclipse.org:/cvsroot/eclipse,,org.eclipse.sdk-feature/features/org.eclipse.help.sdk

feature@org.eclipse.equinox.p2.user.ui=v200803051016,:pserver:anonymous@dev.eclipse.org:/cvsroot/eclipse,,org.eclipse.equinox/p2/org.eclipse.equinox.p2.releng/buildtime-features/org.eclipse.equinox.p2.user.ui
feature@org.eclipse.equinox.p2.user.ui.sdk=v200803051016,:pserver:anonymous@dev.eclipse.org:/cvsroot/eclipse,,org.eclipse.equinox/p2/org.eclipse.equinox.p2.releng/buildtime-features/org.eclipse.equinox.p2.user.ui.sdk