!***************  JDT APT CONTRIBUTION *******************************************

plugin@org.eclipse.jdt.apt.core=GIT,tag=v20110420-1015,repo=git://git.eclipse.org/gitroot/jdt/eclipse.jdt.core.git,path=org.eclipse.jdt.apt.core
plugin@org.eclipse.jdt.apt.ui=GIT,tag=v20110305-1450,repo=git://git.eclipse.org/gitroot/jdt/eclipse.jdt.core.git,path=org.eclipse.jdt.apt.ui
plugin@org.eclipse.jdt.apt.tests=GIT,tag=v20110923-1200,repo=git://git.eclipse.org/gitroot/jdt/eclipse.jdt.core.git,path=org.eclipse.jdt.apt.tests
fragment@org.eclipse.jdt.compiler.apt=GIT,tag=v20110923-1200,repo=git://git.eclipse.org/gitroot/jdt/eclipse.jdt.core.git,path=org.eclipse.jdt.compiler.apt
plugin@org.eclipse.jdt.compiler.apt.tests=GIT,tag=v0110509-1300,repo=git://git.eclipse.org/gitroot/jdt/eclipse.jdt.core.git,path=org.eclipse.jdt.compiler.apt.tests
plugin@org.eclipse.jdt.apt.pluggable.core=GIT,tag=v20110305-1450,repo=git://git.eclipse.org/gitroot/jdt/eclipse.jdt.core.git,path=org.eclipse.jdt.apt.pluggable.core
plugin@org.eclipse.jdt.apt.pluggable.tests=GIT,tag=v20110305-1450,repo=git://git.eclipse.org/gitroot/jdt/eclipse.jdt.core.git,path=org.eclipse.jdt.apt.pluggable.tests
