
!***************  JDT APT CONTRIBUTION  [20100512-2100] *******************************************

plugin@org.eclipse.jdt.apt.core=p2IU,id=org.eclipse.jdt.apt.core,version=,repository=http://download.eclipse.org/eclipse/updates/3.6/
plugin@org.eclipse.jdt.apt.core.source=p2IU,id=org.eclipse.jdt.apt.core.source,version=,repository=http://download.eclipse.org/eclipse/updates/3.6/
plugin@org.eclipse.jdt.apt.ui=p2IU,id=org.eclipse.jdt.apt.ui,version=,repository=http://download.eclipse.org/eclipse/updates/3.6/
plugin@org.eclipse.jdt.apt.ui.source=p2IU,id=org.eclipse.jdt.apt.ui.source,version=,repository=http://download.eclipse.org/eclipse/updates/3.6/
plugin@org.eclipse.jdt.apt.tests=p2IU,id=org.eclipse.jdt.apt.tests,version=,repository=http://download.eclipse.org/eclipse/updates/3.6/
plugin@org.eclipse.jdt.apt.tests.source=p2IU,id=org.eclipse.jdt.apt.tests.source,version=,repository=http://download.eclipse.org/eclipse/updates/3.6/
fragment@org.eclipse.jdt.compiler.apt=p2IU,id=org.eclipse.jdt.compiler.apt,version=,repository=http://download.eclipse.org/eclipse/updates/3.6/
fragment@org.eclipse.jdt.compiler.apt.source=p2IU,id=org.eclipse.jdt.compiler.apt.source,version=,repository=http://download.eclipse.org/eclipse/updates/3.6/
plugin@org.eclipse.jdt.compiler.apt.tests=p2IU,id=org.eclipse.jdt.compiler.apt.tests,version=,repository=http://download.eclipse.org/eclipse/updates/3.6/
plugin@org.eclipse.jdt.compiler.apt.tests.source=p2IU,id=org.eclipse.jdt.compiler.apt.tests.source,version=,repository=http://download.eclipse.org/eclipse/updates/3.6/
plugin@org.eclipse.jdt.apt.pluggable.core=p2IU,id=org.eclipse.jdt.apt.pluggable.core,version=,repository=http://download.eclipse.org/eclipse/updates/3.6/
plugin@org.eclipse.jdt.apt.pluggable.core.source=p2IU,id=org.eclipse.jdt.apt.pluggable.core.source,version=,repository=http://download.eclipse.org/eclipse/updates/3.6/
plugin@org.eclipse.jdt.apt.pluggable.tests=p2IU,id=org.eclipse.jdt.apt.pluggable.tests,version=,repository=http://download.eclipse.org/eclipse/updates/3.6/
plugin@org.eclipse.jdt.apt.pluggable.tests.source=p2IU,id=org.eclipse.jdt.apt.pluggable.tests.source,version=,repository=http://download.eclipse.org/eclipse/updates/3.6/