
!***************  JDT CORE CONTRIBUTION  [20100603-0800] ******************************************* 

plugin@org.eclipse.jdt.core=p2IU,id=org.eclipse.jdt.core,version=,repository=http://download.eclipse.org/eclipse/updates/3.6/
plugin@org.eclipse.jdt.core.source=p2IU,id=org.eclipse.jdt.core.source,version=,repository=http://download.eclipse.org/eclipse/updates/3.6/
fragment@org.eclipse.jdt.compiler.tool=p2IU,id=org.eclipse.jdt.compiler.tool,version=,repository=http://download.eclipse.org/eclipse/updates/3.6/
fragment@org.eclipse.jdt.compiler.tool.source=p2IU,id=org.eclipse.jdt.compiler.tool.source,version=,repository=http://download.eclipse.org/eclipse/updates/3.6/

plugin@org.eclipse.jdt.core.tests.builder=p2IU,id=org.eclipse.jdt.core.tests.builder,version=,repository=http://download.eclipse.org/eclipse/updates/3.6/
plugin@org.eclipse.jdt.core.tests.builder.source=p2IU,id=org.eclipse.jdt.core.tests.builder.source,version=,repository=http://download.eclipse.org/eclipse/updates/3.6/
plugin@org.eclipse.jdt.core.tests.compiler=p2IU,id=org.eclipse.jdt.core.tests.compiler,version=,repository=http://download.eclipse.org/eclipse/updates/3.6/
plugin@org.eclipse.jdt.core.tests.compiler.source=p2IU,id=org.eclipse.jdt.core.tests.compiler.source,version=,repository=http://download.eclipse.org/eclipse/updates/3.6/
plugin@org.eclipse.jdt.core.tests.model=p2IU,id=org.eclipse.jdt.core.tests.model,version=,repository=http://download.eclipse.org/eclipse/updates/3.6/
plugin@org.eclipse.jdt.core.tests.model.source=p2IU,id=org.eclipse.jdt.core.tests.model.source,version=,repository=http://download.eclipse.org/eclipse/updates/3.6/
plugin@org.eclipse.jdt.core.tests.performance=p2IU,id=org.eclipse.jdt.core.tests.performance,version=,repository=http://download.eclipse.org/eclipse/updates/3.6/
plugin@org.eclipse.jdt.core.tests.performance.source=p2IU,id=org.eclipse.jdt.core.tests.performance.source,version=,repository=http://download.eclipse.org/eclipse/updates/3.6/
plugin@org.eclipse.jdt.compiler.tool.tests=p2IU,id=org.eclipse.jdt.compiler.tool.tests,version=,repository=http://download.eclipse.org/eclipse/updates/3.6/
plugin@org.eclipse.jdt.compiler.tool.tests.source=p2IU,id=org.eclipse.jdt.compiler.tool.tests.source,version=,repository=http://download.eclipse.org/eclipse/updates/3.6/