
!*******************************  JDT CORE CONTRIBUTION ******************************************* 

plugin@org.eclipse.jdt.core=GIT,tag=v_C12,repo=git://git.eclipse.org/gitroot/jdt/eclipse.jdt.core.git,path=org.eclipse.jdt.core
fragment@org.eclipse.jdt.compiler.tool=GIT,tag=v_C12,repo=git://git.eclipse.org/gitroot/jdt/eclipse.jdt.core.git,path=org.eclipse.jdt.compiler.tool

plugin@org.eclipse.jdt.core.tests.builder=GIT,tag=v_C12,repo=git://git.eclipse.org/gitroot/jdt/eclipse.jdt.core.git,path=org.eclipse.jdt.core.tests.builder
plugin@org.eclipse.jdt.core.tests.compiler=GIT,tag=v_C12,repo=git://git.eclipse.org/gitroot/jdt/eclipse.jdt.core.git,path=org.eclipse.jdt.core.tests.compiler
plugin@org.eclipse.jdt.core.tests.model=GIT,tag=v_C12,repo=git://git.eclipse.org/gitroot/jdt/eclipse.jdt.core.git,path=org.eclipse.jdt.core.tests.model
plugin@org.eclipse.jdt.core.tests.performance=GIT,tag=v_C12,repo=git://git.eclipse.org/gitroot/jdt/eclipse.jdt.core.git,path=org.eclipse.jdt.core.tests.performance
plugin@org.eclipse.jdt.compiler.tool.tests=GIT,tag=v_C12,repo=git://git.eclipse.org/gitroot/jdt/eclipse.jdt.core.git,path=org.eclipse.jdt.compiler.tool.tests
plugin@org.eclipse.jdt.core.tests.binaries=GIT,tag=v_C12a,repo=git://git.eclipse.org/gitroot/jdt/eclipse.jdt.core.binaries.git,path=org.eclipse.jdt.core.tests.binaries
