!*******************************  JDT CORE CONTRIBUTION *******************************************

plugin@org.eclipse.jdt.core=GIT,tag=v_C14,repo=git://git.eclipse.org/gitroot/jdt/eclipse.jdt.core.git,path=org.eclipse.jdt.core
fragment@org.eclipse.jdt.compiler.tool=GIT,tag=v_C14,repo=git://git.eclipse.org/gitroot/jdt/eclipse.jdt.core.git,path=org.eclipse.jdt.compiler.tool

plugin@org.eclipse.jdt.core.tests.builder=GIT,tag=v_C14,repo=git://git.eclipse.org/gitroot/jdt/eclipse.jdt.core.git,path=org.eclipse.jdt.core.tests.builder
plugin@org.eclipse.jdt.core.tests.compiler=GIT,tag=v_C14,repo=git://git.eclipse.org/gitroot/jdt/eclipse.jdt.core.git,path=org.eclipse.jdt.core.tests.compiler
plugin@org.eclipse.jdt.core.tests.model=GIT,tag=v_C14,repo=git://git.eclipse.org/gitroot/jdt/eclipse.jdt.core.git,path=org.eclipse.jdt.core.tests.model
plugin@org.eclipse.jdt.core.tests.performance=GIT,tag=v_C14,repo=git://git.eclipse.org/gitroot/jdt/eclipse.jdt.core.git,path=org.eclipse.jdt.core.tests.performance
plugin@org.eclipse.jdt.compiler.tool.tests=GIT,tag=v_C14,repo=git://git.eclipse.org/gitroot/jdt/eclipse.jdt.core.git,path=org.eclipse.jdt.compiler.tool.tests
plugin@org.eclipse.jdt.core.tests.binaries=GIT,tag=v_C12a,repo=git://git.eclipse.org/gitroot/jdt/eclipse.jdt.core.binaries.git,path=org.eclipse.jdt.core.tests.binaries

!*******************************  JDT APT CONTRIBUTION ********************************************

plugin@org.eclipse.jdt.apt.core=GIT,tag=v20111004-0800,repo=git://git.eclipse.org/gitroot/jdt/eclipse.jdt.core.git,path=org.eclipse.jdt.apt.core
plugin@org.eclipse.jdt.apt.ui=GIT,tag=v20111004-0800,repo=git://git.eclipse.org/gitroot/jdt/eclipse.jdt.core.git,path=org.eclipse.jdt.apt.ui
plugin@org.eclipse.jdt.apt.tests=GIT,tag=v20111004-0800,repo=git://git.eclipse.org/gitroot/jdt/eclipse.jdt.core.git,path=org.eclipse.jdt.apt.tests
fragment@org.eclipse.jdt.compiler.apt=GIT,tag=v20111004-0800,repo=git://git.eclipse.org/gitroot/jdt/eclipse.jdt.core.git,path=org.eclipse.jdt.compiler.apt
plugin@org.eclipse.jdt.compiler.apt.tests=GIT,tag=v20111004-0800,repo=git://git.eclipse.org/gitroot/jdt/eclipse.jdt.core.git,path=org.eclipse.jdt.compiler.apt.tests
plugin@org.eclipse.jdt.apt.pluggable.core=GIT,tag=v20111004-0800,repo=git://git.eclipse.org/gitroot/jdt/eclipse.jdt.core.git,path=org.eclipse.jdt.apt.pluggable.core
plugin@org.eclipse.jdt.apt.pluggable.tests=GIT,tag=v20111004-0800,repo=git://git.eclipse.org/gitroot/jdt/eclipse.jdt.core.git,path=org.eclipse.jdt.apt.pluggable.tests
