!***************  DEBUG CONTRIBUTION  ******************************************************** 

plugin@org.eclipse.debug.core=v20091109,:pserver:anonymous@dev.eclipse.org:/cvsroot/eclipse,
plugin@org.eclipse.debug.ui=v20091109,:pserver:anonymous@dev.eclipse.org:/cvsroot/eclipse,
plugin@org.eclipse.jdt.debug=v20091019,:pserver:anonymous@dev.eclipse.org:/cvsroot/eclipse,
plugin@org.eclipse.jdt.debug.ui=v20091109,:pserver:anonymous@dev.eclipse.org:/cvsroot/eclipse,
plugin@org.eclipse.jdt.launching=v20091026-1150,:pserver:anonymous@dev.eclipse.org:/cvsroot/eclipse,
plugin@org.eclipse.jdt.launching.macosx=v20090527,:pserver:anonymous@dev.eclipse.org:/cvsroot/eclipse,
plugin@org.eclipse.jdt.launching.ui.macosx=v20090527,:pserver:anonymous@dev.eclipse.org:/cvsroot/eclipse,

plugin@org.eclipse.ui.console=v20090907,:pserver:anonymous@dev.eclipse.org:/cvsroot/eclipse,

plugin@org.eclipse.jdt.debug.tests=v20091012,:pserver:anonymous@dev.eclipse.org:/cvsroot/eclipse,
plugin@org.eclipse.debug.tests=v20091109,:pserver:anonymous@dev.eclipse.org:/cvsroot/eclipse,

plugin@org.eclipse.debug.examples.core=v20090911,:pserver:anonymous@dev.eclipse.org:/cvsroot/eclipse,
plugin@org.eclipse.debug.examples.ui=v20091027-1604,:pserver:anonymous@dev.eclipse.org:/cvsroot/eclipse,