!***************  DEBUG CONTRIBUTION  ******************************************************** 

plugin@org.eclipse.debug.core=GIT,tag=v20110808,repo=git://git.eclipse.org/gitroot/platform/eclipse.platform.debug.git,path=org.eclipse.debug.core
plugin@org.eclipse.debug.ui=GIT,tag=v20110922-1838,repo=git://git.eclipse.org/gitroot/platform/eclipse.platform.debug.git,path=org.eclipse.debug.ui
plugin@org.eclipse.debug.examples.core=GIT,tag=v20110711,repo=git://git.eclipse.org/gitroot/platform/eclipse.platform.debug.git,path=org.eclipse.debug.examples.core
plugin@org.eclipse.debug.examples.ui=GIT,tag=v20110711,repo=git://git.eclipse.org/gitroot/platform/eclipse.platform.debug.git,path=org.eclipse.debug.examples.ui
plugin@org.eclipse.ui.externaltools=GIT,tag=v20110822,repo=git://git.eclipse.org/gitroot/platform/eclipse.platform.debug.git,path=org.eclipse.ui.externaltools
plugin@org.eclipse.core.externaltools=GIT,tag=v20110920-1353,repo=git://git.eclipse.org/gitroot/platform/eclipse.platform.debug.git,path=org.eclipse.core.externaltools
plugin@org.eclipse.ui.console=GIT,tag=v20110511,repo=git://git.eclipse.org/gitroot/platform/eclipse.platform.debug.git,path=org.eclipse.ui.console
plugin@org.eclipse.debug.tests=GIT,tag=v20110711,repo=git://git.eclipse.org/gitroot/platform/eclipse.platform.debug.git,path=org.eclipse.debug.tests

plugin@org.eclipse.jdt.debug=GIT,tag=v20110909,repo=git://git.eclipse.org/gitroot/jdt/eclipse.jdt.debug.git,path=org.eclipse.jdt.debug
plugin@org.eclipse.jdt.debug.ui=GIT,tag=v20110822,repo=git://git.eclipse.org/gitroot/jdt/eclipse.jdt.debug.git,path=org.eclipse.jdt.debug.ui
plugin@org.eclipse.jdt.launching=GIT,tag=v20110803,repo=git://git.eclipse.org/gitroot/jdt/eclipse.jdt.debug.git,path=org.eclipse.jdt.launching
plugin@org.eclipse.jdt.launching.macosx=GIT,tag=v20110509,repo=git://git.eclipse.org/gitroot/jdt/eclipse.jdt.debug.git,path=org.eclipse.jdt.launching.macosx
plugin@org.eclipse.jdt.launching.ui.macosx=GIT,tag=v20110509,repo=git://git.eclipse.org/gitroot/jdt/eclipse.jdt.debug.git,path=org.eclipse.jdt.launching.ui.macosx
plugin@org.eclipse.jdt.debug.tests=GIT,tag=v20110909,repo=git://git.eclipse.org/gitroot/jdt/eclipse.jdt.debug.git,path=org.eclipse.jdt.debug.tests