!***************  JDT UI CONTRIBUTION  ******************************************************** 

plugin@org.eclipse.jdt=v20030218, :pserver:anonymous@dev.eclipse.org:/home/eclipse,

plugin@org.eclipse.jdt.source=v20030218, :pserver:anonymous@dev.eclipse.org:/home/eclipse,

plugin@org.eclipse.jdt.ui=v20030218, :pserver:anonymous@dev.eclipse.org:/home/eclipse,
plugin@org.eclipse.search=v20030218, :pserver:anonymous@dev.eclipse.org:/home/eclipse,

plugin@org.eclipse.jdt.macosx=v20030120, :pserver:anonymous@dev.eclipse.org:/home/eclipse,
plugin@org.eclipse.jdt.macosx.source=v20030120, :pserver:anonymous@dev.eclipse.org:/home/eclipse,

plugin@org.junit=v20030121, :pserver:anonymous@dev.eclipse.org:/home/eclipse,
plugin@org.eclipse.jdt.junit=v20030218, :pserver:anonymous@dev.eclipse.org:/home/eclipse,

plugin@org.eclipse.jdt.ui.examples.projects=v20030218, :pserver:anonymous@dev.eclipse.org:/home/eclipse,
plugin@org.eclipse.jdt.ui.tests=v20030218, :pserver:anonymous@dev.eclipse.org:/home/eclipse,
plugin@org.eclipse.jdt.ui.tests.refactoring=v20030219, :pserver:anonymous@dev.eclipse.org:/home/eclipse,
