!***************  JDT UI CONTRIBUTION  ******************************************************** 
plugin@org.eclipse.core.expressions=v20040616_1600,:pserver:anonymous@dev.eclipse.org:/home/eclipse,
plugin@org.eclipse.core.expressions.tests=v20040616_1600,:pserver:anonymous@dev.eclipse.org:/home/eclipse,

plugin@org.eclipse.jdt=v20040616_1600a,:pserver:anonymous@dev.eclipse.org:/home/eclipse,

plugin@org.eclipse.jdt.ui=v20040616_1600,:pserver:anonymous@dev.eclipse.org:/home/eclipse,
plugin@org.eclipse.search=v20040616_1600,:pserver:anonymous@dev.eclipse.org:/home/eclipse,

plugin@org.eclipse.jdt.macosx=v20031111,:pserver:anonymous@dev.eclipse.org:/home/eclipse,

plugin@org.junit=v20040611_0800,:pserver:anonymous@dev.eclipse.org:/home/eclipse,
plugin@org.eclipse.jdt.junit=v20040616_1600,:pserver:anonymous@dev.eclipse.org:/home/eclipse,
plugin@org.eclipse.jdt.junit.runtime=v20040616_1600,:pserver:anonymous@dev.eclipse.org:/home/eclipse,

plugin@org.eclipse.jdt.ui.examples.projects=v20040616_1600,:pserver:anonymous@dev.eclipse.org:/home/eclipse,
plugin@org.eclipse.jdt.ui.tests=v20040616_1600,:pserver:anonymous@dev.eclipse.org:/home/eclipse,
plugin@org.eclipse.jdt.ui.tests.refactoring=v20040616_1600,:pserver:anonymous@dev.eclipse.org:/home/eclipse,

plugin@org.eclipse.ltk.core.refactoring=v20040616_1600,:pserver:anonymous@dev.eclipse.org:/home/eclipse,
plugin@org.eclipse.ltk.core.refactoring.tests=v20040616_1600,:pserver:anonymous@dev.eclipse.org:/home/eclipse,
plugin@org.eclipse.ltk.ui.refactoring=v20040616_1600,:pserver:anonymous@dev.eclipse.org:/home/eclipse,
plugin@org.eclipse.ltk.ui.refactoring.tests=v20040616_1600,:pserver:anonymous@dev.eclipse.org:/home/eclipse,