!***************  JDT UI CONTRIBUTION  ******************************************************** 

plugin@org.eclipse.jdt=v20031120,:pserver:anonymous@dev.eclipse.org:/home/eclipse,

plugin@org.eclipse.jdt.ui=v20031120,:pserver:anonymous@dev.eclipse.org:/home/eclipse,
plugin@org.eclipse.search=v20031120,:pserver:anonymous@dev.eclipse.org:/home/eclipse,

plugin@org.eclipse.jdt.macosx=v20031111,:pserver:anonymous@dev.eclipse.org:/home/eclipse,

plugin@org.junit=v20031111,:pserver:anonymous@dev.eclipse.org:/home/eclipse,
plugin@org.eclipse.jdt.junit=v20031120,:pserver:anonymous@dev.eclipse.org:/home/eclipse,
plugin@org.eclipse.jdt.junit.runtime=v20031120,:pserver:anonymous@dev.eclipse.org:/home/eclipse,

plugin@org.eclipse.jdt.ui.examples.projects=v20031120,:pserver:anonymous@dev.eclipse.org:/home/eclipse,
plugin@org.eclipse.jdt.ui.examples.javafamily=v20031120,:pserver:anonymous@dev.eclipse.org:/home/eclipse,
plugin@org.eclipse.jdt.ui.tests=v20031120,:pserver:anonymous@dev.eclipse.org:/home/eclipse,
plugin@org.eclipse.jdt.ui.tests.refactoring=v20031120,:pserver:anonymous@dev.eclipse.org:/home/eclipse,
