plugin@com.ibm.icu,4.0.1=GET,http://download.eclipse.org/tools/orbit/downloads/drops/I20090204041514/bundles/com.ibm.icu_4.0.1.v20090109.jar
plugin@com.ibm.icu.base,4.0.1=GET,http://download.eclipse.org/tools/orbit/downloads/drops/I20090204041514/bundles/com.ibm.icu.base_4.0.1.v20090109.jar
plugin@com.ibm.icu.base.source,4.0.1=GET,http://download.eclipse.org/tools/orbit/downloads/drops/I20090204041514/bundles/com.ibm.icu.base.source_4.0.1.v20090109.jar
plugin@com.ibm.icu.source,4.0.1=GET,http://download.eclipse.org/tools/orbit/downloads/drops/I20090204041514/bundles/com.ibm.icu.source_4.0.1.v20090109.jar
plugin@com.jcraft.jsch,0.1.37=GET,http://download.eclipse.org/tools/orbit/downloads/drops/S20090124200431/bundles/com.jcraft.jsch_0.1.37.v200803061811.jar
plugin@javax.management,1.2.0=GET,http://download.eclipse.org/tools/orbit/downloads/drops/S20090124200431/bundles/javax.management_1.2.0.v200803061811.jar
plugin@javax.management.remote,1.0.0=GET,http://download.eclipse.org/tools/orbit/downloads/drops/S20090124200431/bundles/javax.management.remote_1.0.0.v200803061811.jar
plugin@javax.servlet,2.4.0=GET,http://download.eclipse.org/tools/orbit/downloads/drops/S20090124200431/bundles/javax.servlet_2.4.0.v200806031604.jar
plugin@javax.servlet.jsp,2.0.0=GET,http://download.eclipse.org/tools/orbit/downloads/drops/S20090124200431/bundles/javax.servlet.jsp_2.0.0.v200806031607.jar
plugin@javax.servlet.jsp.source,2.0.0=GET,http://download.eclipse.org/tools/orbit/downloads/drops/S20090124200431/bundles/javax.servlet.jsp.source_2.0.0.v200806031607.jar
plugin@javax.servlet.source,2.4.0=GET,http://download.eclipse.org/tools/orbit/downloads/drops/S20090124200431/bundles/javax.servlet.source_2.4.0.v200806031604.jar
plugin@net.sourceforge.mx4j,3.0.1=GET,http://download.eclipse.org/tools/orbit/downloads/drops/S20090124200431/bundles/net.sourceforge.mx4j_3.0.1.v200803061811.jar
plugin@net.sourceforge.mx4j.remote,3.0.1=GET,http://download.eclipse.org/tools/orbit/downloads/drops/S20090124200431/bundles/net.sourceforge.mx4j.remote_3.0.1.v200803061811.jar
plugin@org.apache.ant,1.7.1=GET,http://download.eclipse.org/tools/orbit/downloads/drops/S20090124200431/bundles/org.apache.ant_1.7.1.v20090120-1145.zip,unpack=true
plugin@org.apache.ant.source,1.7.1=GET,http://download.eclipse.org/tools/orbit/downloads/drops/S20090124200431/bundles/org.apache.ant.source_1.7.1.v20090120-1145.jar
plugin@org.apache.commons.codec,1.2.0=GET,http://download.eclipse.org/tools/orbit/downloads/drops/S20090124200431/bundles/org.apache.commons.codec_1.2.0.v20080530-1550.jar
plugin@org.apache.commons.el,1.0.0=GET,http://download.eclipse.org/tools/orbit/downloads/drops/S20090124200431/bundles/org.apache.commons.el_1.0.0.v200806031608.jar
plugin@org.apache.commons.el.source,1.0.0=GET,http://download.eclipse.org/tools/orbit/downloads/drops/S20090124200431/bundles/org.apache.commons.el.source_1.0.0.v200806031608.jar
plugin@org.apache.commons.httpclient,3.1.0=GET,http://download.eclipse.org/tools/orbit/downloads/drops/S20090124200431/bundles/org.apache.commons.httpclient_3.1.0.v20080605-1935.jar
plugin@org.apache.commons.logging,1.0.4=GET,http://download.eclipse.org/tools/orbit/downloads/drops/S20090124200431/bundles/org.apache.commons.logging_1.0.4.v20080605-1930.jar
plugin@org.apache.commons.logging.source,1.0.4=GET,http://download.eclipse.org/tools/orbit/downloads/drops/S20090124200431/bundles/org.apache.commons.logging.source_1.0.4.v20080605-1930.jar
plugin@org.apache.jasper,5.5.17=GET,http://download.eclipse.org/tools/orbit/downloads/drops/S20090124200431/bundles/org.apache.jasper_5.5.17.v200806031609.jar
plugin@org.apache.jasper.source,5.5.17=GET,http://download.eclipse.org/tools/orbit/downloads/drops/S20090124200431/bundles/org.apache.jasper.source_5.5.17.v200806031609.jar
plugin@org.apache.lucene,1.9.1=GET,http://download.eclipse.org/tools/orbit/downloads/drops/S20090124200431/bundles/org.apache.lucene_1.9.1.v20080530-1600.jar
plugin@org.apache.lucene.analysis,1.9.1=GET,http://download.eclipse.org/tools/orbit/downloads/drops/S20090124200431/bundles/org.apache.lucene.analysis_1.9.1.v20080530-1600.jar
plugin@org.apache.lucene.analysis.source,1.9.1=GET,http://download.eclipse.org/tools/orbit/downloads/drops/S20090124200431/bundles/org.apache.lucene.analysis.source_1.9.1.v20080530-1600.jar
plugin@org.apache.lucene.source,1.9.1=GET,http://download.eclipse.org/tools/orbit/downloads/drops/S20090124200431/bundles/org.apache.lucene.source_1.9.1.v20080530-1600.jar
plugin@org.apache.ws.commons.util,1.0.0=GET,http://download.eclipse.org/tools/orbit/downloads/drops/S20090124200431/bundles/org.apache.ws.commons.util_1.0.0.v20081204.jar
plugin@org.apache.ws.jaxme,0.5.1=GET,http://download.eclipse.org/tools/orbit/downloads/drops/S20090124200431/bundles/org.apache.ws.jaxme_0.5.1.v20080530-1550.jar
plugin@org.apache.xmlrpc,3.0.0=GET,http://download.eclipse.org/tools/orbit/downloads/drops/S20090124200431/bundles/org.apache.xmlrpc_3.0.0.v20080530-1550.jar
plugin@org.easymock,2.4.0=GET,http://download.eclipse.org/tools/orbit/downloads/drops/S20090124200431/bundles/org.easymock_2.4.0.v20080924-1600.jar
plugin@org.junit,3.8.2=GET,http://download.eclipse.org/tools/orbit/downloads/drops/S20090124200431/bundles/org.junit_3.8.2.v20080602-1318.zip,unpack=true
plugin@org.junit.source,3.8.2=GET,http://download.eclipse.org/tools/orbit/downloads/drops/S20090124200431/bundles/org.junit.source_3.8.2.v20080602-1318.jar
plugin@org.mortbay.jetty,5.1.14=GET,http://download.eclipse.org/tools/orbit/downloads/drops/S20090124200431/bundles/org.mortbay.jetty_5.1.14.v200806031611.jar
plugin@org.mortbay.jetty.source,5.1.14=GET,http://download.eclipse.org/tools/orbit/downloads/drops/S20090124200431/bundles/org.mortbay.jetty.source_5.1.14.v200806031611.jar
plugin@org.mortbay.jetty.server,6.1.7=GET,http://download.eclipse.org/tools/orbit/downloads/drops/S20090124200431/bundles/org.mortbay.jetty.server_6.1.7.v200806031612.jar
plugin@org.mortbay.jetty.server.source,6.1.7=GET,http://download.eclipse.org/tools/orbit/downloads/drops/S20090124200431/bundles/org.mortbay.jetty.server.source_6.1.7.v200806031612.jar
plugin@javax.servlet,2.5.0=GET,http://download.eclipse.org/tools/orbit/downloads/drops/S20090124200431/bundles/javax.servlet_2.5.0.v200806031605.jar
plugin@javax.servlet.source,2.5.0=GET,http://download.eclipse.org/tools/orbit/downloads/drops/S20090124200431/bundles/javax.servlet.source_2.5.0.v200806031605.jar
plugin@org.mortbay.jetty.util,6.1.7=GET,http://download.eclipse.org/tools/orbit/downloads/drops/S20090124200431/bundles/org.mortbay.jetty.util_6.1.7.v200806031612.jar
plugin@org.mortbay.jetty.util.source,6.1.7=GET,http://download.eclipse.org/tools/orbit/downloads/drops/S20090124200431/bundles/org.mortbay.jetty.util.source_6.1.7.v200806031612.jar

# Bundles from Orbit for p2
plugin@org.apache.xml.resolver,1.2.0=GET,http://download.eclipse.org/tools/orbit/downloads/drops/S20090124200431/bundles/org.apache.xml.resolver_1.2.0.v200806030312.jar
plugin@org.apache.xerces,2.8.0=GET,http://download.eclipse.org/tools/orbit/downloads/drops/S20090124200431/bundles/org.apache.xerces_2.8.0.v200803070308.jar

# Orbit bundles for API tooling
plugin@org.objectweb.asm,3.1.0=GET,http://download.eclipse.org/tools/orbit/downloads/drops/S20090124200431/bundles/org.objectweb.asm_3.1.0.v200803061910.jar
plugin@org.objectweb.asm.source,3.1.0=GET,http://download.eclipse.org/tools/orbit/downloads/drops/S20090124200431/bundles/org.objectweb.asm.source_3.1.0.v200803061910.jar

!# SAT4J
plugin@org.sat4j.core,2.0.3=GET,http://www.eclipse.org/external/tools/orbit/downloads/drops/S20090124200431/bundles/org.sat4j.core_2.0.3.v20081021.jar
plugin@org.sat4j.pb,2.0.3=GET,http://www.eclipse.org/external/tools/orbit/downloads/drops/S20090124200431/bundles/org.sat4j.pb_2.0.3.v20081021.jar

#codec and httpclient
plugin@org.apache.commons.codec,1.3.0=GET,http://download.eclipse.org/tools/orbit/downloads/drops/S20090124200431/bundles/org.apache.commons.codec_1.3.0.v20080530-1600.jar,usetimestamp=true
plugin@org.apache.commons.httpclient,3.1.0=GET,http://download.eclipse.org/tools/orbit/downloads/drops/S20090124200431/bundles/org.apache.commons.httpclient_3.1.0.v20080605-1935.jar,usetimestamp=true
