!***************  ORBIT CONTRIBUTION  ********************************************************
plugin@com.ibm.icu,4.0.1=p2IU,id=com.ibm.icu,version=4.0.1.v20090822,repository=http://download.eclipse.org/tools/orbit/downloads/drops/S20090911225403/updateSite
plugin@com.ibm.icu.base,4.0.1=p2IU,id=com.ibm.icu.base,version=4.0.1.v20090822,repository=http://download.eclipse.org/tools/orbit/downloads/drops/S20090911225403/updateSite
plugin@com.ibm.icu.base.source,4.0.1=p2IU,id=com.ibm.icu.base.source,version=4.0.1.v20090822,repository=http://download.eclipse.org/tools/orbit/downloads/drops/S20090911225403/updateSite
plugin@com.ibm.icu.source,4.0.1=p2IU,id=com.ibm.icu.source,version=4.0.1.v20090822,repository=http://download.eclipse.org/tools/orbit/downloads/drops/S20090911225403/updateSite
plugin@com.jcraft.jsch,0.1.41=p2IU,id=com.jcraft.jsch,version=0.1.41.v200903070017,repository=http://download.eclipse.org/tools/orbit/downloads/drops/S20090911225403/updateSite
plugin@com.jcraft.jsch.source,0.1.41=p2IU,id=com.jcraft.jsch.source,version=0.1.41.v200903070017,repository=http://download.eclipse.org/tools/orbit/downloads/drops/S20090911225403/updateSite
plugin@javax.management,1.2.0=p2IU,id=javax.management,version=1.2.0.v200803061811,repository=http://download.eclipse.org/tools/orbit/downloads/drops/S20090911225403/updateSite
plugin@javax.management.remote,1.0.0=p2IU,id=javax.management.remote,version=1.0.0.v200803061811,repository=http://download.eclipse.org/tools/orbit/downloads/drops/S20090911225403/updateSite
plugin@javax.servlet,2.4.0=p2IU,id=javax.servlet,version=2.4.0.v200806031604,repository=http://download.eclipse.org/tools/orbit/downloads/drops/S20090911225403/updateSite
plugin@javax.servlet,2.5.0=p2IU,id=javax.servlet,version=2.5.0.v200806031605,repository=http://download.eclipse.org/tools/orbit/downloads/drops/S20090911225403/updateSite
plugin@javax.servlet.source,2.4.0=p2IU,id=javax.servlet.source,version=2.4.0.v200806031604,repository=http://download.eclipse.org/tools/orbit/downloads/drops/S20090911225403/updateSite
plugin@javax.servlet.source,2.5.0=p2IU,id=javax.servlet.source,version=2.5.0.v200806031605,repository=http://download.eclipse.org/tools/orbit/downloads/drops/S20090911225403/updateSite
plugin@javax.servlet.jsp,2.0.0=p2IU,id=javax.servlet.jsp,version=2.0.0.v200806031607,repository=http://download.eclipse.org/tools/orbit/downloads/drops/S20090911225403/updateSite
plugin@javax.servlet.jsp.source,2.0.0=p2IU,id=javax.servlet.jsp.source,version=2.0.0.v200806031607,repository=http://download.eclipse.org/tools/orbit/downloads/drops/S20090911225403/updateSite
plugin@net.sourceforge.mx4j,3.0.1=p2IU,id=net.sourceforge.mx4j,version=3.0.1.v200803061811,repository=http://download.eclipse.org/tools/orbit/downloads/drops/S20090911225403/updateSite
plugin@net.sourceforge.mx4j.remote,3.0.1=p2IU,id=net.sourceforge.mx4j.remote,version=3.0.1.v200803061811,repository=http://download.eclipse.org/tools/orbit/downloads/drops/S20090911225403/updateSite
plugin@org.apache.ant,1.7.1=p2IU,id=org.apache.ant,version=1.7.1.v20090120-1145,repository=http://download.eclipse.org/tools/orbit/downloads/drops/S20090911225403/updateSite
plugin@org.apache.ant.source,1.7.1=p2IU,id=org.apache.ant.source,version=1.7.1.v20090120-1145,repository=http://download.eclipse.org/tools/orbit/downloads/drops/S20090911225403/updateSite
plugin@org.apache.commons.codec,1.3.0=p2IU,id=org.apache.commons.codec,version=1.3.0.v20080530-1600,repository=http://download.eclipse.org/tools/orbit/downloads/drops/S20090911225403/updateSite
plugin@org.apache.commons.codec.source,1.3.0=p2IU,id=org.apache.commons.codec.source,version=1.3.0.v20080530-1600,repository=http://download.eclipse.org/tools/orbit/downloads/drops/S20090911225403/updateSite
plugin@org.apache.commons.el,1.0.0=p2IU,id=org.apache.commons.el,version=1.0.0.v200806031608,repository=http://download.eclipse.org/tools/orbit/downloads/drops/S20090911225403/updateSite
plugin@org.apache.commons.el.source,1.0.0=p2IU,id=org.apache.commons.el.source,version=1.0.0.v200806031608,repository=http://download.eclipse.org/tools/orbit/downloads/drops/S20090911225403/updateSite
plugin@org.apache.commons.httpclient,3.1.0=p2IU,id=org.apache.commons.httpclient,version=3.1.0.v20080605-1935,repository=http://download.eclipse.org/tools/orbit/downloads/drops/S20090911225403/updateSite
plugin@org.apache.commons.httpclient.source,3.1.0=p2IU,id=org.apache.commons.httpclient.source,version=3.1.0.v20080605-1935,repository=http://download.eclipse.org/tools/orbit/downloads/drops/S20090911225403/updateSite
plugin@org.apache.commons.logging,1.0.4=p2IU,id=org.apache.commons.logging,version=1.0.4.v200904062259,repository=http://download.eclipse.org/tools/orbit/downloads/drops/S20090911225403/updateSite
plugin@org.apache.commons.logging.source,1.0.4=p2IU,id=org.apache.commons.logging.source,version=1.0.4.v200904062259,repository=http://download.eclipse.org/tools/orbit/downloads/drops/S20090911225403/updateSite
plugin@org.apache.jasper,5.5.17=p2IU,id=org.apache.jasper,version=5.5.17.v200903231320,repository=http://download.eclipse.org/tools/orbit/downloads/drops/S20090911225403/updateSite
plugin@org.apache.jasper.source,5.5.17=p2IU,id=org.apache.jasper.source,version=5.5.17.v200903231320,repository=http://download.eclipse.org/tools/orbit/downloads/drops/S20090911225403/updateSite
plugin@org.apache.lucene,1.9.1=p2IU,id=org.apache.lucene,version=1.9.1.v20080530-1600,repository=http://download.eclipse.org/tools/orbit/downloads/drops/S20090911225403/updateSite
plugin@org.apache.lucene.analysis,1.9.1=p2IU,id=org.apache.lucene.analysis,version=1.9.1.v20080530-1600,repository=http://download.eclipse.org/tools/orbit/downloads/drops/S20090911225403/updateSite
plugin@org.apache.lucene.analysis.source,1.9.1=p2IU,id=org.apache.lucene.analysis.source,version=1.9.1.v20080530-1600,repository=http://download.eclipse.org/tools/orbit/downloads/drops/S20090911225403/updateSite
plugin@org.apache.ws.commons.util,1.0.0=p2IU,id=org.apache.ws.commons.util,version=1.0.0.v20081204,repository=http://download.eclipse.org/tools/orbit/downloads/drops/S20090911225403/updateSite
plugin@org.apache.ws.jaxme,0.5.1=p2IU,id=org.apache.ws.jaxme,version=0.5.1.v20080530-1550,repository=http://download.eclipse.org/tools/orbit/downloads/drops/S20090911225403/updateSite
plugin@org.apache.xmlrpc,3.0.0=p2IU,id=org.apache.xmlrpc,version=3.0.0.v20080530-1550,repository=http://download.eclipse.org/tools/orbit/downloads/drops/S20090911225403/updateSite
plugin@org.easymock,2.4.0=p2IU,id=org.easymock,version=2.4.0.v20090202-0900,repository=http://download.eclipse.org/tools/orbit/downloads/drops/S20090911225403/updateSite
plugin@org.easymock.source,2.4.0=p2IU,id=org.easymock.source,version=2.4.0.v20090202-0900,repository=http://download.eclipse.org/tools/orbit/downloads/drops/S20090911225403/updateSite
plugin@org.hamcrest.core,1.1.0=p2IU,id=org.hamcrest.core,version=1.1.0.v20090501071000,repository=http://download.eclipse.org/tools/orbit/downloads/drops/S20090911225403/updateSite
plugin@org.hamcrest.core.source,1.1.0=p2IU,id=org.hamcrest.core.source,version=1.1.0.v20090501071000,repository=http://download.eclipse.org/tools/orbit/downloads/drops/S20090911225403/updateSite
plugin@org.junit,3.8.2=p2IU,id=org.junit,version=3.8.2.v20090203-1005,repository=http://download.eclipse.org/tools/orbit/downloads/drops/S20090911225403/updateSite
plugin@org.junit.source,3.8.2=p2IU,id=org.junit.source,version=3.8.2.v20090203-1005,repository=http://download.eclipse.org/tools/orbit/downloads/drops/S20090911225403/updateSite
plugin@org.mortbay.jetty,5.1.14=p2IU,id=org.mortbay.jetty,version=5.1.14.v200806031611,repository=http://download.eclipse.org/tools/orbit/downloads/drops/S20090911225403/updateSite
plugin@org.mortbay.jetty.source,5.1.14=p2IU,id=org.mortbay.jetty.source,version=5.1.14.v200806031611,repository=http://download.eclipse.org/tools/orbit/downloads/drops/S20090911225403/updateSite
plugin@org.mortbay.jetty.server,6.1.15=p2IU,id=org.mortbay.jetty.server,version=6.1.15.v200905151201,repository=http://download.eclipse.org/tools/orbit/downloads/drops/S20090911225403/updateSite
plugin@org.mortbay.jetty.server.source,6.1.15=p2IU,id=org.mortbay.jetty.server.source,version=6.1.15.v200905151201,repository=http://download.eclipse.org/tools/orbit/downloads/drops/S20090911225403/updateSite
plugin@org.mortbay.jetty.util,6.1.15=p2IU,id=org.mortbay.jetty.util,version=6.1.15.v200905182336,repository=http://download.eclipse.org/tools/orbit/downloads/drops/S20090911225403/updateSite
plugin@org.mortbay.jetty.util.source,6.1.15=p2IU,id=org.mortbay.jetty.util.source,version=6.1.15.v200905182336,repository=http://download.eclipse.org/tools/orbit/downloads/drops/S20090911225403/updateSite

# Bundles from Orbit for p2
plugin@org.apache.xml.resolver,1.2.0=p2IU,id=org.apache.xml.resolver,version=1.2.0.v200902170519,repository=http://download.eclipse.org/tools/orbit/downloads/drops/S20090911225403/updateSite
plugin@org.apache.xerces,2.8.0=p2IU,id=org.apache.xerces,version=2.8.0.v200803070308,repository=http://download.eclipse.org/tools/orbit/downloads/drops/S20090911225403/updateSite
plugin@org.sat4j.core,2.1.1=p2IU,id=org.sat4j.core,version=2.1.1.v20090825,repository=http://www.eclipse.org/external/tools/orbit/downloads/drops/S20090911225403/updateSite
plugin@org.sat4j.pb,2.1.1=p2IU,id=org.sat4j.pb,version=2.1.1.v20090825,repository=http://www.eclipse.org/external/tools/orbit/downloads/drops/S20090911225403/updateSite

# Orbit bundles for API tooling
plugin@org.objectweb.asm,3.1.0=p2IU,id=org.objectweb.asm,version=3.1.0.v200803061910,repository=http://download.eclipse.org/tools/orbit/downloads/drops/S20090911225403/updateSite
plugin@org.objectweb.asm.source,3.1.0=p2IU,id=org.objectweb.asm.source,version=3.1.0.v200803061910,repository=http://download.eclipse.org/tools/orbit/downloads/drops/S20090911225403/updateSite

#aspectj plugins for equinox weaving plugins
plugin@org.aspectj.weaver,1.6.5=p2IU,id=org.aspectj.weaver,version=1.6.5.20090618034232,repository=http://download.eclipse.org/tools/ajdt/35/update
plugin@org.aspectj.runtime,1.6.5=p2IU,id=org.aspectj.runtime,version=1.6.5.20090618034232,repository=http://download.eclipse.org/tools/ajdt/35/update
