plugin@org.mortbay.jetty,5.1.11=GET,http://download.eclipse.org/tools/orbit/downloads/drops/S200703161546/bundles/org.mortbay.jetty_5.1.11.v200701082340.jar
plugin@org.apache.commons.logging,1.0.4=GET,http://download.eclipse.org/tools/orbit/downloads/drops/S200703161546/bundles/org.apache.commons.logging_1.0.4.v200701082340.jar
plugin@javax.servlet,2.4.0=GET,http://download.eclipse.org/tools/orbit/downloads/drops/S200703161546/bundles/javax.servlet_2.4.0.v200612120446.jar
plugin@org.apache.lucene,1.9.1=GET,http://download.eclipse.org/tools/orbit/downloads/drops/S200703161546/bundles/org.apache.lucene_1.9.1.v200701170401.jar
plugin@org.apache.lucene.analysis,1.9.1=GET,http://download.eclipse.org/tools/orbit/downloads/drops/S200703161546/bundles/org.apache.lucene.analysis_1.9.1.v200702281145.jar
plugin@javax.servlet.jsp=GET,http://download.eclipse.org/tools/orbit/downloads/drops/S200703161546/bundles/javax.servlet.jsp_2.0.0.v200612120446.jar
plugin@org.apache.jasper=GET,http://download.eclipse.org/tools/orbit/downloads/drops/S200703161546/bundles/org.apache.jasper_5.5.17.v200701082340.jar
plugin@org.apache.commons.el=GET,http://download.eclipse.org/tools/orbit/downloads/drops/S200703161546/bundles/org.apache.commons.el_1.0.0.v200702081040.jar
plugin@com.jcraft.jsch,0.1.28=GET,http://download.eclipse.org/tools/orbit/downloads/drops/S200703161546/bundles/com.jcraft.jsch_0.1.28.jar
plugin@org.junit,3.8.2=GET,http://download.eclipse.org/tools/orbit/downloads/drops/S200703161546/bundles/org.junit_3.8.2.v200701261102.zip,unpack=true