plugin@org.eclipse.equinox.frameworkadmin=GIT,tag=v20110808-1657,repo=git://git.eclipse.org/gitroot/equinox/rt.equinox.p2.git,path=bundles/org.eclipse.equinox.frameworkadmin
plugin@org.eclipse.equinox.frameworkadmin.equinox=GIT,tag=v20110905-2042,repo=git://git.eclipse.org/gitroot/equinox/rt.equinox.p2.git,path=bundles/org.eclipse.equinox.frameworkadmin.equinox
plugin@org.eclipse.equinox.frameworkadmin.test=GIT,tag=v20110808-1657,repo=git://git.eclipse.org/gitroot/equinox/rt.equinox.p2.git,path=bundles/org.eclipse.equinox.frameworkadmin.test
plugin@org.eclipse.equinox.p2.artifact.repository=GIT,tag=v20110815-1744,repo=git://git.eclipse.org/gitroot/equinox/rt.equinox.p2.git,path=bundles/org.eclipse.equinox.p2.artifact.repository
plugin@org.eclipse.equinox.p2.console=GIT,tag=v20110808-1657,repo=git://git.eclipse.org/gitroot/equinox/rt.equinox.p2.git,path=bundles/org.eclipse.equinox.p2.console
plugin@org.eclipse.equinox.p2.core=GIT,tag=v20110808-1657,repo=git://git.eclipse.org/gitroot/equinox/rt.equinox.p2.git,path=bundles/org.eclipse.equinox.p2.core
plugin@org.eclipse.equinox.p2.director=GIT,tag=v20110905-2042,repo=git://git.eclipse.org/gitroot/equinox/rt.equinox.p2.git,path=bundles/org.eclipse.equinox.p2.director
plugin@org.eclipse.equinox.p2.director.app=GIT,tag=v20110908-0757,repo=git://git.eclipse.org/gitroot/equinox/rt.equinox.p2.git,path=bundles/org.eclipse.equinox.p2.director.app
plugin@org.eclipse.equinox.p2.directorywatcher=GIT,tag=v20110808-1657,repo=git://git.eclipse.org/gitroot/equinox/rt.equinox.p2.git,path=bundles/org.eclipse.equinox.p2.directorywatcher
plugin@org.eclipse.equinox.p2.discovery=GIT,tag=v20110808-1657,repo=git://git.eclipse.org/gitroot/equinox/rt.equinox.p2.git,path=bundles/org.eclipse.equinox.p2.discovery
plugin@org.eclipse.equinox.p2.discovery.compatibility=GIT,tag=v20110808-1657,repo=git://git.eclipse.org/gitroot/equinox/rt.equinox.p2.git,path=bundles/org.eclipse.equinox.p2.discovery.compatibility
plugin@org.eclipse.equinox.p2.engine=GIT,tag=v20110831-0232,repo=git://git.eclipse.org/gitroot/equinox/rt.equinox.p2.git,path=bundles/org.eclipse.equinox.p2.engine
plugin@org.eclipse.equinox.p2.extensionlocation=GIT,tag=v20110808-1657,repo=git://git.eclipse.org/gitroot/equinox/rt.equinox.p2.git,path=bundles/org.eclipse.equinox.p2.extensionlocation
plugin@org.eclipse.equinox.p2.garbagecollector=GIT,tag=v20110808-1657,repo=git://git.eclipse.org/gitroot/equinox/rt.equinox.p2.git,path=bundles/org.eclipse.equinox.p2.garbagecollector
plugin@org.eclipse.equinox.p2.installer=GIT,tag=v20110808-1657,repo=git://git.eclipse.org/gitroot/equinox/rt.equinox.p2.git,path=bundles/org.eclipse.equinox.p2.installer
plugin@org.eclipse.equinox.p2.jarprocessor=GIT,tag=v20110808-1657,repo=git://git.eclipse.org/gitroot/equinox/rt.equinox.p2.git,path=bundles/org.eclipse.equinox.p2.jarprocessor
plugin@org.eclipse.equinox.p2.metadata=GIT,tag=v20110808-1657,repo=git://git.eclipse.org/gitroot/equinox/rt.equinox.p2.git,path=bundles/org.eclipse.equinox.p2.metadata
plugin@org.eclipse.equinox.p2.metadata.repository=GIT,tag=v20110808-1657,repo=git://git.eclipse.org/gitroot/equinox/rt.equinox.p2.git,path=bundles/org.eclipse.equinox.p2.metadata.repository
plugin@org.eclipse.equinox.p2.operations=GIT,tag=v20110815-1744,repo=git://git.eclipse.org/gitroot/equinox/rt.equinox.p2.git,path=bundles/org.eclipse.equinox.p2.operations
plugin@org.eclipse.equinox.p2.publisher=GIT,tag=v20110808-1657,repo=git://git.eclipse.org/gitroot/equinox/rt.equinox.p2.git,path=bundles/org.eclipse.equinox.p2.publisher
plugin@org.eclipse.equinox.p2.publisher.eclipse=GIT,tag=v20110908-0925,repo=git://git.eclipse.org/gitroot/equinox/rt.equinox.p2.git,path=bundles/org.eclipse.equinox.p2.publisher.eclipse
plugin@org.eclipse.equinox.p2.reconciler.dropins=GIT,tag=v20110817-1504,repo=git://git.eclipse.org/gitroot/equinox/rt.equinox.p2.git,path=bundles/org.eclipse.equinox.p2.reconciler.dropins
plugin@org.eclipse.equinox.p2.repository=GIT,tag=v20110815-1744,repo=git://git.eclipse.org/gitroot/equinox/rt.equinox.p2.git,path=bundles/org.eclipse.equinox.p2.repository
plugin@org.eclipse.equinox.p2.repository.tools=GIT,tag=v20110808-1657,repo=git://git.eclipse.org/gitroot/equinox/rt.equinox.p2.git,path=bundles/org.eclipse.equinox.p2.repository.tools
plugin@org.eclipse.equinox.p2.touchpoint.eclipse=GIT,tag=v20110901-1435,repo=git://git.eclipse.org/gitroot/equinox/rt.equinox.p2.git,path=bundles/org.eclipse.equinox.p2.touchpoint.eclipse
plugin@org.eclipse.equinox.p2.transport.ecf=GIT,tag=v20110902-0807,repo=git://git.eclipse.org/gitroot/equinox/rt.equinox.p2.git,path=bundles/org.eclipse.equinox.p2.transport.ecf
plugin@org.eclipse.equinox.p2.touchpoint.natives=GIT,tag=v20110808-1657,repo=git://git.eclipse.org/gitroot/equinox/rt.equinox.p2.git,path=bundles/org.eclipse.equinox.p2.touchpoint.natives
plugin@org.eclipse.equinox.p2.ui=GIT,tag=v20110815-1744,repo=git://git.eclipse.org/gitroot/equinox/rt.equinox.p2.git,path=bundles/org.eclipse.equinox.p2.ui
plugin@org.eclipse.equinox.p2.ui.admin=GIT,tag=v20110808-1657,repo=git://git.eclipse.org/gitroot/equinox/rt.equinox.p2.git,path=bundles/org.eclipse.equinox.p2.ui.admin
plugin@org.eclipse.equinox.p2.ui.discovery=GIT,tag=v20110808-1657,repo=git://git.eclipse.org/gitroot/equinox/rt.equinox.p2.git,path=bundles/org.eclipse.equinox.p2.ui.discovery
plugin@org.eclipse.equinox.p2.ui.importexport=GIT,tag=v20110818-1344,repo=git://git.eclipse.org/gitroot/equinox/rt.equinox.p2.git,path=bundles/org.eclipse.equinox.p2.ui.importexport
plugin@org.eclipse.equinox.p2.ui.sdk=GIT,tag=v20110815-1744,repo=git://git.eclipse.org/gitroot/equinox/rt.equinox.p2.git,path=bundles/org.eclipse.equinox.p2.ui.sdk
plugin@org.eclipse.equinox.p2.ui.sdk.scheduler=GIT,tag=v20110815-1744,repo=git://git.eclipse.org/gitroot/equinox/rt.equinox.p2.git,path=bundles/org.eclipse.equinox.p2.ui.sdk.scheduler
plugin@org.eclipse.equinox.p2.ui.admin.rcp=GIT,tag=v20110808-1657,repo=git://git.eclipse.org/gitroot/equinox/rt.equinox.p2.git,path=bundles/org.eclipse.equinox.p2.ui.admin.rcp
plugin@org.eclipse.equinox.p2.updatechecker=GIT,tag=v20110808-1657,repo=git://git.eclipse.org/gitroot/equinox/rt.equinox.p2.git,path=bundles/org.eclipse.equinox.p2.updatechecker
plugin@org.eclipse.equinox.p2.updatesite=GIT,tag=v20110808-1657,repo=git://git.eclipse.org/gitroot/equinox/rt.equinox.p2.git,path=bundles/org.eclipse.equinox.p2.updatesite
plugin@org.eclipse.equinox.simpleconfigurator=GIT,tag=v20110815-1744,repo=git://git.eclipse.org/gitroot/equinox/rt.equinox.p2.git,path=bundles/org.eclipse.equinox.simpleconfigurator
plugin@org.eclipse.equinox.simpleconfigurator.manipulator=GIT,tag=v20110808-1657,repo=git://git.eclipse.org/gitroot/equinox/rt.equinox.p2.git,path=bundles/org.eclipse.equinox.simpleconfigurator.manipulator
plugin@org.eclipse.equinox.p2.tests=GIT,tag=v20110908-0757,repo=git://git.eclipse.org/gitroot/equinox/rt.equinox.p2.git,path=bundles/org.eclipse.equinox.p2.tests
plugin@org.eclipse.equinox.p2.tests.discovery=GIT,tag=v20110808-1657,repo=git://git.eclipse.org/gitroot/equinox/rt.equinox.p2.git,path=bundles/org.eclipse.equinox.p2.tests.discovery
plugin@org.eclipse.equinox.p2.tests.ui=GIT,tag=v20110808-1657,repo=git://git.eclipse.org/gitroot/equinox/rt.equinox.p2.git,path=bundles/org.eclipse.equinox.p2.tests.ui
plugin@org.eclipse.equinox.p2.tests.verifier=GIT,tag=v20110808-1657,repo=git://git.eclipse.org/gitroot/equinox/rt.equinox.p2.git,path=bundles/org.eclipse.equinox.p2.tests.verifier
plugin@org.eclipse.equinox.p2.ql=GIT,tag=v20110808-1657,repo=git://git.eclipse.org/gitroot/equinox/rt.equinox.p2.git,path=bundles/org.eclipse.equinox.p2.ql

!# p2 features
feature@org.eclipse.equinox.p2.core.feature=GIT,tag=v20110808-1657,repo=git://git.eclipse.org/gitroot/equinox/rt.equinox.p2.git,path=features/org.eclipse.equinox.p2.core.feature
feature@org.eclipse.equinox.p2.discovery.feature=GIT,tag=v20110808-1657,repo=git://git.eclipse.org/gitroot/equinox/rt.equinox.p2.git,path=features/org.eclipse.equinox.p2.discovery.feature
feature@org.eclipse.equinox.p2.extras.feature=GIT,tag=v20110808-1657,repo=git://git.eclipse.org/gitroot/equinox/rt.equinox.p2.git,path=features/org.eclipse.equinox.p2.extras.feature
feature@org.eclipse.equinox.p2.rcp.feature=GIT,tag=v20110725-1630,repo=git://git.eclipse.org/gitroot/equinox/rt.equinox.p2.git,path=features/org.eclipse.equinox.p2.rcp.feature
feature@org.eclipse.equinox.p2.sdk=GIT,tag=v20110808-1657,repo=git://git.eclipse.org/gitroot/equinox/rt.equinox.p2.git,path=features/org.eclipse.equinox.p2.sdk
feature@org.eclipse.equinox.p2.user.ui=GIT,tag=v20110815-1744,repo=git://git.eclipse.org/gitroot/equinox/rt.equinox.p2.git,path=features/org.eclipse.equinox.p2.user.ui

!# p2 examples
plugin@org.eclipse.equinox.p2.examples.rcp.cloud=GIT,tag=v20110725-1630,repo=git://git.eclipse.org/gitroot/equinox/rt.equinox.p2.git,path=examples/org.eclipse.equinox.p2.examples.rcp.cloud
plugin@org.eclipse.equinox.p2.examples.rcp.cloud.releng=GIT,tag=v20110725-1630,repo=git://git.eclipse.org/gitroot/equinox/rt.equinox.p2.git,path=examples/org.eclipse.equinox.p2.examples.rcp.cloud.releng
plugin@org.eclipse.equinox.p2.examples.rcp.discovery=GIT,tag=v20110725-1630,repo=git://git.eclipse.org/gitroot/equinox/rt.equinox.p2.git,path=examples/org.eclipse.equinox.p2.examples.rcp.discovery
plugin@org.eclipse.equinox.p2.examples.rcp.discovery.releng=GIT,tag=v20110725-1630,repo=git://git.eclipse.org/gitroot/equinox/rt.equinox.p2.git,path=examples/org.eclipse.equinox.p2.examples.rcp.discovery.releng
plugin@org.eclipse.equinox.p2.examples.rcp.prestartupdate=GIT,tag=v20110725-1630,repo=git://git.eclipse.org/gitroot/equinox/rt.equinox.p2.git,path=examples/org.eclipse.equinox.p2.examples.rcp.prestartupdate
plugin@org.eclipse.equinox.p2.examples.rcp.prestartupdate.releng=GIT,tag=v20100604,repo=git://git.eclipse.org/gitroot/equinox/rt.equinox.p2.git,path=examples/org.eclipse.equinox.p2.examples.rcp.prestartupdate.releng
plugin@org.eclipse.equinox.p2.examples.rcp.sdkbundlevisibility=GIT,tag=v20110725-1630,repo=git://git.eclipse.org/gitroot/equinox/rt.equinox.p2.git,path=examples/org.eclipse.equinox.p2.examples.rcp.sdkbundlevisibility
plugin@org.eclipse.equinox.p2.examples.rcp.sdknoautoupdates=GIT,tag=v20110725-1630,repo=git://git.eclipse.org/gitroot/equinox/rt.equinox.p2.git,path=examples/org.eclipse.equinox.p2.examples.rcp.sdknoautoupdates
plugin@org.eclipse.equinox.p2.examples.rcp.sdkui=GIT,tag=v20110725-1630,repo=git://git.eclipse.org/gitroot/equinox/rt.equinox.p2.git,path=examples/org.eclipse.equinox.p2.examples.rcp.sdkui

!# Bundles from ECF
plugin@org.eclipse.ecf,3.1.300=p2IU,id=org.eclipse.ecf,version=3.1.300.v20110531-2218,repository=http://download.eclipse.org/rt/ecf/3.5.1/site.p2
plugin@org.eclipse.ecf.source,3.1.300=p2IU,id=org.eclipse.ecf.source,version=3.1.300.v20110531-2218,repository=http://download.eclipse.org/rt/ecf/3.5.1/site.p2
fragment@org.eclipse.ecf.ssl,1.0.100=p2IU,id=org.eclipse.ecf.ssl,version=1.0.100.v20110531-2218,repository=http://download.eclipse.org/rt/ecf/3.5.1/site.p2
fragment@org.eclipse.ecf.ssl.source,1.0.100=p2IU,id=org.eclipse.ecf.ssl.source,version=1.0.100.v20110531-2218,repository=http://download.eclipse.org/rt/ecf/3.5.1/site.p2
plugin@org.eclipse.ecf.identity,3.1.100=p2IU,id=org.eclipse.ecf.identity,version=3.1.100.v20110531-2218,repository=http://download.eclipse.org/rt/ecf/3.5.1/site.p2
plugin@org.eclipse.ecf.identity.source,3.1.100=p2IU,id=org.eclipse.ecf.identity.source,version=3.1.100.v20110531-2218,repository=http://download.eclipse.org/rt/ecf/3.5.1/site.p2
plugin@org.eclipse.ecf.filetransfer,5.0.0=p2IU,id=org.eclipse.ecf.filetransfer,version=5.0.0.v20110531-2218,repository=http://download.eclipse.org/rt/ecf/3.5.1/site.p2
plugin@org.eclipse.ecf.filetransfer.source,5.0.0=p2IU,id=org.eclipse.ecf.filetransfer.source,version=5.0.0.v20110531-2218,repository=http://download.eclipse.org/rt/ecf/3.5.1/site.p2
plugin@org.eclipse.ecf.provider.filetransfer,3.2.0=p2IU,id=org.eclipse.ecf.provider.filetransfer,version=3.2.0.v20110531-2218,repository=http://download.eclipse.org/rt/ecf/3.5.1/site.p2
plugin@org.eclipse.ecf.provider.filetransfer.source,3.2.0=p2IU,id=org.eclipse.ecf.provider.filetransfer.source,version=3.2.0.v20110531-2218,repository=http://download.eclipse.org/rt/ecf/3.5.1/site.p2
fragment@org.eclipse.ecf.provider.filetransfer.ssl,1.0.0=p2IU,id=org.eclipse.ecf.provider.filetransfer.ssl,version=1.0.0.v20110531-2218,repository=http://download.eclipse.org/rt/ecf/3.5.1/site.p2
fragment@org.eclipse.ecf.provider.filetransfer.ssl.source,1.0.0=p2IU,id=org.eclipse.ecf.provider.filetransfer.ssl.source,version=1.0.0.v20110531-2218,repository=http://download.eclipse.org/rt/ecf/3.5.1/site.p2
plugin@org.eclipse.ecf.provider.filetransfer.httpclient,4.0.0=p2IU,id=org.eclipse.ecf.provider.filetransfer.httpclient,version=4.0.0.v20110531-2218,repository=http://download.eclipse.org/rt/ecf/3.5.1/site.p2
plugin@org.eclipse.ecf.provider.filetransfer.httpclient.source,4.0.0=p2IU,id=org.eclipse.ecf.provider.filetransfer.httpclient.source,version=4.0.0.v20110531-2218,repository=http://download.eclipse.org/rt/ecf/3.5.1/site.p2
fragment@org.eclipse.ecf.provider.filetransfer.httpclient.ssl,1.0.0=p2IU,id=org.eclipse.ecf.provider.filetransfer.httpclient.ssl,version=1.0.0.v20110531-2218,repository=http://download.eclipse.org/rt/ecf/3.5.1/site.p2
fragment@org.eclipse.ecf.provider.filetransfer.httpclient.ssl.source,1.0.0=p2IU,id=org.eclipse.ecf.provider.filetransfer.httpclient.ssl.source,version=1.0.0.v20110531-2218,repository=http://download.eclipse.org/rt/ecf/3.5.1/site.p2

!# The following apache bundes are obtained from the orbit.map
!#plugin@org.apache.commons.codec,1.3.0=GET,http://download.eclipse.org/tools/orbit/downloads/drops/S20090426201227/bundles/org.apache.commons.codec_1.3.0.v20080530-1600.jar
!#plugin@org.apache.commons.codec.source,1.3.0=GET,http://download.eclipse.org/tools/orbit/downloads/drops/S20090426201227/bundles/org.apache.commons.codec.source_1.3.0.v20080530-1600.jar
!#plugin@org.apache.commons.httpclient,3.1.0=GET,http://download.eclipse.org/tools/orbit/downloads/drops/S20090426201227/bundles/org.apache.commons.httpclient_3.1.0.v20080605-1935.jar
!#plugin@org.apache.commons.httpclient.source,3.1.0=GET,http://download.eclipse.org/tools/orbit/downloads/drops/S20090426201227/bundles/org.apache.commons.httpclient.source_3.1.0.v20080605-1935.jar
!#plugin@org.apache.commons.logging,1.0.4=GET,http://download.eclipse.org/tools/orbit/downloads/drops/S20090426201227/bundles/org.apache.commons.logging_1.0.4.v200904062259.jar
!#plugin@org.apache.commons.logging.source,1.0.4=GET,http://download.eclipse.org/tools/orbit/downloads/drops/S20090426201227/bundles/org.apache.commons.logging.source_1.0.4.v200904062259.jar
