plugin@org.eclipse.equinox.frameworkadmin=CVS,tag=v20090308-0011,cvsRoot=:pserver:anonymous@dev.eclipse.org:/cvsroot/rt,path=org.eclipse.equinox/p2/bundles/org.eclipse.equinox.frameworkadmin
plugin@org.eclipse.equinox.frameworkadmin.equinox=CVS,tag=v20090308-0011,cvsRoot=:pserver:anonymous@dev.eclipse.org:/cvsroot/rt,path=org.eclipse.equinox/p2/bundles/org.eclipse.equinox.frameworkadmin.equinox
plugin@org.eclipse.equinox.frameworkadmin.test=CVS,tag=v20090302,cvsRoot=:pserver:anonymous@dev.eclipse.org:/cvsroot/rt,path=org.eclipse.equinox/p2/bundles/org.eclipse.equinox.frameworkadmin.test
plugin@org.eclipse.equinox.p2.artifact.repository=CVS,tag=v20090308-0011,cvsRoot=:pserver:anonymous@dev.eclipse.org:/cvsroot/rt,path=org.eclipse.equinox/p2/bundles/org.eclipse.equinox.p2.artifact.repository
plugin@org.eclipse.equinox.p2.console=CVS,tag=v20090308-0011,cvsRoot=:pserver:anonymous@dev.eclipse.org:/cvsroot/rt,path=org.eclipse.equinox/p2/bundles/org.eclipse.equinox.p2.console
plugin@org.eclipse.equinox.p2.core=CVS,tag=v20090309-1800,cvsRoot=:pserver:anonymous@dev.eclipse.org:/cvsroot/rt,path=org.eclipse.equinox/p2/bundles/org.eclipse.equinox.p2.core
plugin@org.eclipse.equinox.p2.director=CVS,tag=v20090309-1800,cvsRoot=:pserver:anonymous@dev.eclipse.org:/cvsroot/rt,path=org.eclipse.equinox/p2/bundles/org.eclipse.equinox.p2.director
plugin@org.eclipse.equinox.p2.director.app=CVS,tag=v20090308-0011,cvsRoot=:pserver:anonymous@dev.eclipse.org:/cvsroot/rt,path=org.eclipse.equinox/p2/bundles/org.eclipse.equinox.p2.director.app
plugin@org.eclipse.equinox.p2.directorywatcher=CVS,tag=v20090308-0011,cvsRoot=:pserver:anonymous@dev.eclipse.org:/cvsroot/rt,path=org.eclipse.equinox/p2/bundles/org.eclipse.equinox.p2.directorywatcher
plugin@org.eclipse.equinox.p2.engine=CVS,tag=v20090309-1800,cvsRoot=:pserver:anonymous@dev.eclipse.org:/cvsroot/rt,path=org.eclipse.equinox/p2/bundles/org.eclipse.equinox.p2.engine
plugin@org.eclipse.equinox.p2.exemplarysetup=CVS,tag=v20090308-0011,cvsRoot=:pserver:anonymous@dev.eclipse.org:/cvsroot/rt,path=org.eclipse.equinox/p2/bundles/org.eclipse.equinox.p2.exemplarysetup
plugin@org.eclipse.equinox.p2.extensionlocation=CVS,tag=v20090308-0011,cvsRoot=:pserver:anonymous@dev.eclipse.org:/cvsroot/rt,path=org.eclipse.equinox/p2/bundles/org.eclipse.equinox.p2.extensionlocation
plugin@org.eclipse.equinox.p2.garbagecollector=CVS,tag=v20090308-0011,cvsRoot=:pserver:anonymous@dev.eclipse.org:/cvsroot/rt,path=org.eclipse.equinox/p2/bundles/org.eclipse.equinox.p2.garbagecollector
plugin@org.eclipse.equinox.p2.installer=CVS,tag=v20090308-0011,cvsRoot=:pserver:anonymous@dev.eclipse.org:/cvsroot/rt,path=org.eclipse.equinox/p2/bundles/org.eclipse.equinox.p2.installer
plugin@org.eclipse.equinox.p2.jarprocessor=CVS,tag=v20090308-0011,cvsRoot=:pserver:anonymous@dev.eclipse.org:/cvsroot/rt,path=org.eclipse.equinox/p2/bundles/org.eclipse.equinox.p2.jarprocessor
plugin@org.eclipse.equinox.p2.metadata=CVS,tag=v20090308-0011,cvsRoot=:pserver:anonymous@dev.eclipse.org:/cvsroot/rt,path=org.eclipse.equinox/p2/bundles/org.eclipse.equinox.p2.metadata
plugin@org.eclipse.equinox.p2.metadata.generator=CVS,tag=v20090309-1845,cvsRoot=:pserver:anonymous@dev.eclipse.org:/cvsroot/rt,path=org.eclipse.equinox/p2/bundles/org.eclipse.equinox.p2.metadata.generator
plugin@org.eclipse.equinox.p2.metadata.repository=CVS,tag=v20090308-0011,cvsRoot=:pserver:anonymous@dev.eclipse.org:/cvsroot/rt,path=org.eclipse.equinox/p2/bundles/org.eclipse.equinox.p2.metadata.repository
plugin@org.eclipse.equinox.p2.publisher=CVS,tag=v20090309-1845,cvsRoot=:pserver:anonymous@dev.eclipse.org:/cvsroot/rt,path=org.eclipse.equinox/p2/bundles/org.eclipse.equinox.p2.publisher
plugin@org.eclipse.equinox.p2.reconciler.dropins=CVS,tag=v20090308-0011,cvsRoot=:pserver:anonymous@dev.eclipse.org:/cvsroot/rt,path=org.eclipse.equinox/p2/bundles/org.eclipse.equinox.p2.reconciler.dropins
plugin@org.eclipse.equinox.p2.repository.tools=CVS,tag=v20090308-0011,cvsRoot=:pserver:anonymous@dev.eclipse.org:/cvsroot/rt,path=org.eclipse.equinox/p2/bundles/org.eclipse.equinox.p2.repository.tools
plugin@org.eclipse.equinox.p2.selfhosting=CVS,tag=v20090308-0011,cvsRoot=:pserver:anonymous@dev.eclipse.org:/cvsroot/rt,path=org.eclipse.equinox/p2/bundles/org.eclipse.equinox.p2.selfhosting
plugin@org.eclipse.equinox.p2.tools=CVS,tag=v20090308-0011,cvsRoot=:pserver:anonymous@dev.eclipse.org:/cvsroot/rt,path=org.eclipse.equinox/p2/bundles/org.eclipse.equinox.p2.tools
plugin@org.eclipse.equinox.p2.touchpoint.eclipse=CVS,tag=v20090308-0011,cvsRoot=:pserver:anonymous@dev.eclipse.org:/cvsroot/rt,path=org.eclipse.equinox/p2/bundles/org.eclipse.equinox.p2.touchpoint.eclipse
plugin@org.eclipse.equinox.p2.touchpoint.natives=CVS,tag=v20090308-0011,cvsRoot=:pserver:anonymous@dev.eclipse.org:/cvsroot/rt,path=org.eclipse.equinox/p2/bundles/org.eclipse.equinox.p2.touchpoint.natives
plugin@org.eclipse.equinox.p2.ui=CVS,tag=v20090308-0011,cvsRoot=:pserver:anonymous@dev.eclipse.org:/cvsroot/rt,path=org.eclipse.equinox/p2/bundles/org.eclipse.equinox.p2.ui
plugin@org.eclipse.equinox.p2.ui.admin=CVS,tag=v20090302,cvsRoot=:pserver:anonymous@dev.eclipse.org:/cvsroot/rt,path=org.eclipse.equinox/p2/bundles/org.eclipse.equinox.p2.ui.admin
plugin@org.eclipse.equinox.p2.ui.sdk=CVS,tag=v20090308-0011,cvsRoot=:pserver:anonymous@dev.eclipse.org:/cvsroot/rt,path=org.eclipse.equinox/p2/bundles/org.eclipse.equinox.p2.ui.sdk
plugin@org.eclipse.equinox.p2.ui.sdk.scheduler=CVS,tag=v20090308-0011,cvsRoot=:pserver:anonymous@dev.eclipse.org:/cvsroot/rt,path=org.eclipse.equinox/p2/bundles/org.eclipse.equinox.p2.ui.sdk.scheduler
plugin@org.eclipse.equinox.p2.ui.admin.rcp=CVS,tag=v20090223-2200,cvsRoot=:pserver:anonymous@dev.eclipse.org:/cvsroot/rt,path=org.eclipse.equinox/p2/bundles/org.eclipse.equinox.p2.ui.admin.rcp
plugin@org.eclipse.equinox.p2.updatechecker=CVS,tag=v20090308-0011,cvsRoot=:pserver:anonymous@dev.eclipse.org:/cvsroot/rt,path=org.eclipse.equinox/p2/bundles/org.eclipse.equinox.p2.updatechecker
plugin@org.eclipse.equinox.p2.updatesite=CVS,tag=v20090308-0011,cvsRoot=:pserver:anonymous@dev.eclipse.org:/cvsroot/rt,path=org.eclipse.equinox/p2/bundles/org.eclipse.equinox.p2.updatesite
plugin@org.eclipse.equinox.simpleconfigurator=CVS,tag=v20090308-0011,cvsRoot=:pserver:anonymous@dev.eclipse.org:/cvsroot/rt,path=org.eclipse.equinox/p2/bundles/org.eclipse.equinox.simpleconfigurator
plugin@org.eclipse.equinox.simpleconfigurator.manipulator=CVS,tag=v20090308-0011,cvsRoot=:pserver:anonymous@dev.eclipse.org:/cvsroot/rt,path=org.eclipse.equinox/p2/bundles/org.eclipse.equinox.simpleconfigurator.manipulator
plugin@org.eclipse.equinox.p2.tests=CVS,tag=v20090309-1845,cvsRoot=:pserver:anonymous@dev.eclipse.org:/cvsroot/rt,path=org.eclipse.equinox/p2/bundles/org.eclipse.equinox.p2.tests
plugin@org.eclipse.equinox.p2.tests.ui=CVS,tag=v20090308-1500,cvsRoot=:pserver:anonymous@dev.eclipse.org:/cvsroot/rt,path=org.eclipse.equinox/p2/bundles/org.eclipse.equinox.p2.tests.ui

!# features that we use during the build. the real features are in feature.map
feature@org.eclipse.equinox.p2.agent.feature=CVS,tag=v20080827-0900,cvsRoot=:pserver:anonymous@dev.eclipse.org:/cvsroot/rt,path=org.eclipse.equinox/p2/org.eclipse.equinox.p2.releng/buildtime-features/org.eclipse.equinox.p2.agent.feature
feature@org.eclipse.equinox.p2.generator.feature=CVS,tag=v20080827-0900,cvsRoot=:pserver:anonymous@dev.eclipse.org:/cvsroot/rt,path=org.eclipse.equinox/p2/org.eclipse.equinox.p2.releng/buildtime-features/org.eclipse.equinox.p2.generator.feature
feature@org.eclipse.equinox.p2.director.feature=CVS,tag=v20080827-0900,cvsRoot=:pserver:anonymous@dev.eclipse.org:/cvsroot/rt,path=org.eclipse.equinox/p2/org.eclipse.equinox.p2.releng/buildtime-features/org.eclipse.equinox.p2.director.feature

!# Bundles from ECF
plugin@org.eclipse.ecf,3.0.0=GET,http://www.eclipse.org/external/rt/ecf/integration/v20090302-0803/update/plugins/org.eclipse.ecf_3.0.0.v20090302-0803.jar,usetimestamp=true
fragment@org.eclipse.ecf.ssl,1.0.0=GET,http://www.eclipse.org/external/rt/ecf/integration/v20090302-0803/update/plugins/org.eclipse.ecf.ssl_1.0.0.v20090302-0803.jar,usetimestamp=true
plugin@org.eclipse.ecf.identity,3.0.0=GET,http://www.eclipse.org/external/rt/ecf/integration/v20090302-0803/update/plugins/org.eclipse.ecf.identity_3.0.0.v20090302-0803.jar,usetimestamp=true
plugin@org.eclipse.ecf.filetransfer,3.0.0=GET,http://www.eclipse.org/external/rt/ecf/integration/v20090302-0803/update/plugins/org.eclipse.ecf.filetransfer_3.0.0.v20090302-0803.jar,usetimestamp=true
plugin@org.eclipse.ecf.provider.filetransfer,3.0.0=GET,http://www.eclipse.org/external/rt/ecf/integration/v20090302-0803/update/plugins/org.eclipse.ecf.provider.filetransfer_3.0.0.v20090302-0803.jar,usetimestamp=true
fragment@org.eclipse.ecf.provider.filetransfer.ssl,1.0.0=GET,http://www.eclipse.org/external/rt/ecf/integration/v20090302-0803/update/plugins/org.eclipse.ecf.provider.filetransfer.ssl_1.0.0.v20090302-0803.jar,usetimestamp=true
plugin@org.eclipse.ecf.provider.filetransfer.httpclient,3.0.0=GET,http://www.eclipse.org/external/rt/ecf/integration/v20090302-0803/update/plugins/org.eclipse.ecf.provider.filetransfer.httpclient_3.0.0.v20090302-0803.jar,usetimestamp=true
fragment@org.eclipse.ecf.provider.filetransfer.httpclient.ssl,1.0.0=GET,http://www.eclipse.org/external/rt/ecf/integration/v20090302-0803/update/plugins/org.eclipse.ecf.provider.filetransfer.httpclient.ssl_1.0.0.v20090302-0803.jar,usetimestamp=true

!# SAT4J - Temporary
plugin@org.sat4j.core=CVS,tag=v20090308,cvsRoot=:pserver:anonymous@dev.eclipse.org:/cvsroot/tools,path=org.eclipse.orbit/org.sat4j.core/jar,prebuilt=true
plugin@org.sat4j.pb=CVS,tag=v20090308,cvsRoot=:pserver:anonymous@dev.eclipse.org:/cvsroot/tools,path=org.eclipse.orbit/org.sat4j.pb/jar,prebuilt=true