plugin@org.eclipse.equinox.frameworkadmin=CVS,tag=v20080302,cvsRoot=:pserver:anonymous@dev.eclipse.org:/cvsroot/eclipse,path=org.eclipse.equinox/p2/bundles/org.eclipse.equinox.frameworkadmin
plugin@org.eclipse.equinox.frameworkadmin.equinox=CVS,tag=v20080302,cvsRoot=:pserver:anonymous@dev.eclipse.org:/cvsroot/eclipse,path=org.eclipse.equinox/p2/bundles/org.eclipse.equinox.frameworkadmin.equinox
plugin@org.eclipse.equinox.p2.artifact.repository=CVS,tag=v200803040725,cvsRoot=:pserver:anonymous@dev.eclipse.org:/cvsroot/eclipse,path=org.eclipse.equinox/p2/bundles/org.eclipse.equinox.p2.artifact.repository
plugin@org.eclipse.equinox.p2.console=CVS,tag=v20080226-2139,cvsRoot=:pserver:anonymous@dev.eclipse.org:/cvsroot/eclipse,path=org.eclipse.equinox/p2/bundles/org.eclipse.equinox.p2.console
plugin@org.eclipse.equinox.p2.core=CVS,tag=v20080229-1012,cvsRoot=:pserver:anonymous@dev.eclipse.org:/cvsroot/eclipse,path=org.eclipse.equinox/p2/bundles/org.eclipse.equinox.p2.core
plugin@org.eclipse.equinox.p2.director=CVS,tag=v20080229-1427,cvsRoot=:pserver:anonymous@dev.eclipse.org:/cvsroot/eclipse,path=org.eclipse.equinox/p2/bundles/org.eclipse.equinox.p2.director
plugin@org.eclipse.equinox.p2.director.app=CVS,tag=v20080226-2139,cvsRoot=:pserver:anonymous@dev.eclipse.org:/cvsroot/eclipse,path=org.eclipse.equinox/p2/bundles/org.eclipse.equinox.p2.director.app
plugin@org.eclipse.equinox.p2.directorywatcher=CVS,tag=v20080304-1641,cvsRoot=:pserver:anonymous@dev.eclipse.org:/cvsroot/eclipse,path=org.eclipse.equinox/p2/bundles/org.eclipse.equinox.p2.directorywatcher
plugin@org.eclipse.equinox.p2.download=CVS,tag=v20080216-2219,cvsRoot=:pserver:anonymous@dev.eclipse.org:/cvsroot/eclipse,path=org.eclipse.equinox/p2/bundles/org.eclipse.equinox.p2.download
plugin@org.eclipse.equinox.p2.engine=CVS,tag=v200803040725,cvsRoot=:pserver:anonymous@dev.eclipse.org:/cvsroot/eclipse,path=org.eclipse.equinox/p2/bundles/org.eclipse.equinox.p2.engine
plugin@org.eclipse.equinox.p2.exemplarysetup=CVS,tag=v20080226-2139,cvsRoot=:pserver:anonymous@dev.eclipse.org:/cvsroot/eclipse,path=org.eclipse.equinox/p2/bundles/org.eclipse.equinox.p2.exemplarysetup
plugin@org.eclipse.equinox.p2.garbagecollector=CVS,tag=v20080226-2139,cvsRoot=:pserver:anonymous@dev.eclipse.org:/cvsroot/eclipse,path=org.eclipse.equinox/p2/bundles/org.eclipse.equinox.p2.garbagecollector
plugin@org.eclipse.equinox.p2.installer=CVS,tag=v20080302,cvsRoot=:pserver:anonymous@dev.eclipse.org:/cvsroot/eclipse,path=org.eclipse.equinox/p2/bundles/org.eclipse.equinox.p2.installer
plugin@org.eclipse.equinox.p2.jarprocessor=CVS,tag=v20080226-2139,cvsRoot=:pserver:anonymous@dev.eclipse.org:/cvsroot/eclipse,path=org.eclipse.equinox/p2/bundles/org.eclipse.equinox.p2.jarprocessor
plugin@org.eclipse.equinox.p2.metadata=CVS,tag=v20080229-1012,cvsRoot=:pserver:anonymous@dev.eclipse.org:/cvsroot/eclipse,path=org.eclipse.equinox/p2/bundles/org.eclipse.equinox.p2.metadata
plugin@org.eclipse.equinox.p2.metadata.generator=CVS,tag=v200803040725,cvsRoot=:pserver:anonymous@dev.eclipse.org:/cvsroot/eclipse,path=org.eclipse.equinox/p2/bundles/org.eclipse.equinox.p2.metadata.generator
plugin@org.eclipse.equinox.p2.metadata.repository=CVS,tag=v200803040936,cvsRoot=:pserver:anonymous@dev.eclipse.org:/cvsroot/eclipse,path=org.eclipse.equinox/p2/bundles/org.eclipse.equinox.p2.metadata.repository
plugin@org.eclipse.equinox.p2.reconciler.dropins=CVS,tag=v200803040947,cvsRoot=:pserver:anonymous@dev.eclipse.org:/cvsroot/eclipse,path=org.eclipse.equinox/p2/bundles/org.eclipse.equinox.p2.reconciler.dropins
plugin@org.eclipse.equinox.p2.selfhosting=CVS,tag=v20080226-2139,cvsRoot=:pserver:anonymous@dev.eclipse.org:/cvsroot/eclipse,path=org.eclipse.equinox/p2/bundles/org.eclipse.equinox.p2.selfhosting
plugin@org.eclipse.equinox.p2.test=CVS,tag=v20070809-0900,cvsRoot=:pserver:anonymous@dev.eclipse.org:/cvsroot/eclipse,path=org.eclipse.equinox/p2/bundles/org.eclipse.equinox.p2.test
plugin@org.eclipse.equinox.p2.tools=CVS,tag=v20080229-1012,cvsRoot=:pserver:anonymous@dev.eclipse.org:/cvsroot/eclipse,path=org.eclipse.equinox/p2/bundles/org.eclipse.equinox.p2.tools
plugin@org.eclipse.equinox.p2.touchpoint.eclipse=CVS,tag=v20080304-1214,cvsRoot=:pserver:anonymous@dev.eclipse.org:/cvsroot/eclipse,path=org.eclipse.equinox/p2/bundles/org.eclipse.equinox.p2.touchpoint.eclipse
plugin@org.eclipse.equinox.p2.touchpoint.natives=CVS,tag=v20080225,cvsRoot=:pserver:anonymous@dev.eclipse.org:/cvsroot/eclipse,path=org.eclipse.equinox/p2/bundles/org.eclipse.equinox.p2.touchpoint.natives
plugin@org.eclipse.equinox.p2.ui=CVS,tag=v200803040725,cvsRoot=:pserver:anonymous@dev.eclipse.org:/cvsroot/eclipse,path=org.eclipse.equinox/p2/bundles/org.eclipse.equinox.p2.ui
plugin@org.eclipse.equinox.p2.ui.admin=CVS,tag=v20080229-1012,cvsRoot=:pserver:anonymous@dev.eclipse.org:/cvsroot/eclipse,path=org.eclipse.equinox/p2/bundles/org.eclipse.equinox.p2.ui.admin
plugin@org.eclipse.equinox.p2.ui.sdk=CVS,tag=v20080229-1012,cvsRoot=:pserver:anonymous@dev.eclipse.org:/cvsroot/eclipse,path=org.eclipse.equinox/p2/bundles/org.eclipse.equinox.p2.ui.sdk
plugin@org.eclipse.equinox.p2.ui.admin.rcp=CVS,tag=v20080224,cvsRoot=:pserver:anonymous@dev.eclipse.org:/cvsroot/eclipse,path=org.eclipse.equinox/p2/bundles/org.eclipse.equinox.p2.ui.admin.rcp
plugin@org.eclipse.equinox.p2.updatechecker=CVS,tag=v20080229-1012,cvsRoot=:pserver:anonymous@dev.eclipse.org:/cvsroot/eclipse,path=org.eclipse.equinox/p2/bundles/org.eclipse.equinox.p2.updatechecker
plugin@org.eclipse.equinox.p2.updatechecker.app=CVS,tag=v20080216-2219,cvsRoot=:pserver:anonymous@dev.eclipse.org:/cvsroot/eclipse,path=org.eclipse.equinox/p2/bundles/org.eclipse.equinox.p2.updatechecker.app
plugin@org.eclipse.equinox.p2.updatesite=CVS,tag=v20080305-1012,cvsRoot=:pserver:anonymous@dev.eclipse.org:/cvsroot/eclipse,path=org.eclipse.equinox/p2/bundles/org.eclipse.equinox.p2.updatesite
plugin@org.eclipse.equinox.simpleconfigurator=CVS,tag=v20080304-1641,cvsRoot=:pserver:anonymous@dev.eclipse.org:/cvsroot/eclipse,path=org.eclipse.equinox/p2/bundles/org.eclipse.equinox.simpleconfigurator
plugin@org.eclipse.equinox.simpleconfigurator.manipulator=CVS,tag=v20080304-1641,cvsRoot=:pserver:anonymous@dev.eclipse.org:/cvsroot/eclipse,path=org.eclipse.equinox/p2/bundles/org.eclipse.equinox.simpleconfigurator.manipulator

!# features that we use during the build. the real features are in feature.map
feature@org.eclipse.equinox.p2.agent.feature=CVS,tag=v200803040739,cvsRoot=:pserver:anonymous@dev.eclipse.org:/cvsroot/eclipse,path=org.eclipse.equinox/p2/org.eclipse.equinox.p2.releng/buildtime-features/org.eclipse.equinox.p2.agent.feature
feature@org.eclipse.equinox.p2.compatibility.feature=CVS,tag=v200803040739,cvsRoot=:pserver:anonymous@dev.eclipse.org:/cvsroot/eclipse,path=org.eclipse.equinox/p2/org.eclipse.equinox.p2.releng/buildtime-features/org.eclipse.equinox.p2.compatibility.feature
feature@org.eclipse.equinox.p2.generator.feature=CVS,tag=v200803040739,cvsRoot=:pserver:anonymous@dev.eclipse.org:/cvsroot/eclipse,path=org.eclipse.equinox/p2/org.eclipse.equinox.p2.releng/buildtime-features/org.eclipse.equinox.p2.generator.feature
feature@org.eclipse.equinox.p2.director.feature=CVS,tag=v200803040739,cvsRoot=:pserver:anonymous@dev.eclipse.org:/cvsroot/eclipse,path=org.eclipse.equinox/p2/org.eclipse.equinox.p2.releng/buildtime-features/org.eclipse.equinox.p2.director.feature
feature@org.eclipse.equinox.p2.selfhosting.feature=CVS,tag=v200803040739,cvsRoot=:pserver:anonymous@dev.eclipse.org:/cvsroot/eclipse,path=org.eclipse.equinox/p2/org.eclipse.equinox.p2.releng/buildtime-features/org.eclipse.equinox.p2.selfhosting.feature

!# Obsolete feature... to be deleted and build scripts updated after integration
feature@org.eclipse.equinox.p2.user.ui.feature=CVS,tag=v20080226,cvsRoot=:pserver:anonymous@dev.eclipse.org:/cvsroot/eclipse,path=org.eclipse.equinox/p2/org.eclipse.equinox.p2.releng/buildtime-features/org.eclipse.equinox.p2.user.ui.feature

!# Bundles from ECF
plugin@org.eclipse.ecf,1.4.0=GET,http://download.eclipse.org/technology/ecf/integration/v20080303-1547/update/plugins/org.eclipse.ecf_1.4.0.v20080303-1747.jar,usetimestamp=true
plugin@org.eclipse.ecf.identity,1.3.0=GET,http://download.eclipse.org/technology/ecf/integration/v20080303-1547/update/plugins/org.eclipse.ecf.identity_1.3.0.v20080303-1747.jar,usetimestamp=true
plugin@org.eclipse.ecf.filetransfer,2.0.0=GET,http://download.eclipse.org/technology/ecf/integration/v20080303-1547/update/plugins/org.eclipse.ecf.filetransfer_2.0.0.v20080303-1747.jar,usetimestamp=true
plugin@org.eclipse.ecf.provider.filetransfer,1.5.0=GET,http://download.eclipse.org/technology/ecf/integration/v20080303-1547/update/plugins/org.eclipse.ecf.provider.filetransfer_1.5.0.v20080303-1747.jar,usetimestamp=true