!***************  PDE CONTRIBUTION  ******************************************************** 


plugin@org.eclipse.pde=v20080304-0010,:pserver:anonymous@dev.eclipse.org:/cvsroot/eclipse,
plugin@org.eclipse.pde.core=v200803100848,:pserver:anonymous@dev.eclipse.org:/cvsroot/eclipse,
plugin@org.eclipse.pde.junit.runtime=v20070115-0800,:pserver:anonymous@dev.eclipse.org:/cvsroot/eclipse,
plugin@org.eclipse.pde.runtime=v200803100848,:pserver:anonymous@dev.eclipse.org:/cvsroot/eclipse,
plugin@org.eclipse.pde.ui=v200803112256,:pserver:anonymous@dev.eclipse.org:/cvsroot/eclipse,
plugin@org.eclipse.pde.ui.templates=v20070115-0800,:pserver:anonymous@dev.eclipse.org:/cvsroot/eclipse,
plugin@org.eclipse.pde.ui.tests=v20080304-0010,:pserver:anonymous@dev.eclipse.org:/cvsroot/eclipse,

plugin@org.eclipse.ui.views.log=v200802182004,:pserver:anonymous@dev.eclipse.org:/cvsroot/eclipse,
plugin@org.eclipse.pde.api.tools=v20080310,:pserver:anonymous@dev.eclipse.org:/cvsroot/eclipse,
plugin@org.eclipse.pde.api.tools.ui=v20080310,:pserver:anonymous@dev.eclipse.org:/cvsroot/eclipse,
plugin@org.eclipse.pde.api.tools.tests=v20080310,:pserver:anonymous@dev.eclipse.org:/cvsroot/eclipse,