!***************  PDE CONTRIBUTION  ******************************************************** 


plugin@org.eclipse.pde=v20091127,:pserver:anonymous@dev.eclipse.org:/cvsroot/eclipse,,pde/ui/org.eclipse.pde
plugin@org.eclipse.pde.core=v20100113-1300,:pserver:anonymous@dev.eclipse.org:/cvsroot/eclipse,,pde/ui/org.eclipse.pde.core
plugin@org.eclipse.pde.junit.runtime=v20091127,:pserver:anonymous@dev.eclipse.org:/cvsroot/eclipse,,pde/ui/org.eclipse.pde.junit.runtime
plugin@org.eclipse.pde.runtime=v20090729,:pserver:anonymous@dev.eclipse.org:/cvsroot/eclipse,,pde/ui/org.eclipse.pde.runtime
plugin@org.eclipse.pde.launching=v20091214,:pserver:anonymous@dev.eclipse.org:/cvsroot/eclipse,,pde/ui/org.eclipse.pde.launching
plugin@org.eclipse.pde.ui=v20100113-1300,:pserver:anonymous@dev.eclipse.org:/cvsroot/eclipse,,pde/ui/org.eclipse.pde.ui
plugin@org.eclipse.pde.ui.templates=v20091214,:pserver:anonymous@dev.eclipse.org:/cvsroot/eclipse,,pde/ui/org.eclipse.pde.ui.templates
plugin@org.eclipse.pde.ui.tests=v20100113-1300,:pserver:anonymous@dev.eclipse.org:/cvsroot/eclipse,,pde/ui/org.eclipse.pde.ui.tests

plugin@org.eclipse.ui.views.log=v20091214,:pserver:anonymous@dev.eclipse.org:/cvsroot/eclipse,,pde/ui/org.eclipse.ui.views.log
plugin@org.eclipse.pde.api.tools=v20100111,:pserver:anonymous@dev.eclipse.org:/cvsroot/eclipse,,pde/apitools/org.eclipse.pde.api.tools
plugin@org.eclipse.pde.api.tools.ui=v20100111,:pserver:anonymous@dev.eclipse.org:/cvsroot/eclipse,,pde/apitools/org.eclipse.pde.api.tools.ui
plugin@org.eclipse.pde.api.tools.tests=v20091214-1601,:pserver:anonymous@dev.eclipse.org:/cvsroot/eclipse,,pde/apitools/org.eclipse.pde.api.tools.tests
fragment@org.eclipse.pde.api.tools.ee.cdcfoundation10=v20091028-1400,:pserver:anonymous@dev.eclipse.org:/cvsroot/eclipse,,pde/apitools/org.eclipse.pde.api.tools.ee.cdcfoundation10
fragment@org.eclipse.pde.api.tools.ee.cdcfoundation11=v20091028-1400,:pserver:anonymous@dev.eclipse.org:/cvsroot/eclipse,,pde/apitools/org.eclipse.pde.api.tools.ee.cdcfoundation11
fragment@org.eclipse.pde.api.tools.ee.j2se12=v20091028-1400,:pserver:anonymous@dev.eclipse.org:/cvsroot/eclipse,,pde/apitools/org.eclipse.pde.api.tools.ee.j2se12
fragment@org.eclipse.pde.api.tools.ee.j2se13=v20091028-1400,:pserver:anonymous@dev.eclipse.org:/cvsroot/eclipse,,pde/apitools/org.eclipse.pde.api.tools.ee.j2se13
fragment@org.eclipse.pde.api.tools.ee.j2se14=v20091028-1400,:pserver:anonymous@dev.eclipse.org:/cvsroot/eclipse,,pde/apitools/org.eclipse.pde.api.tools.ee.j2se14
fragment@org.eclipse.pde.api.tools.ee.j2se15=v20091028-1400,:pserver:anonymous@dev.eclipse.org:/cvsroot/eclipse,,pde/apitools/org.eclipse.pde.api.tools.ee.j2se15
fragment@org.eclipse.pde.api.tools.ee.javase16=v20091028-1400,:pserver:anonymous@dev.eclipse.org:/cvsroot/eclipse,,pde/apitools/org.eclipse.pde.api.tools.ee.javase16
fragment@org.eclipse.pde.api.tools.ee.jre11=v20091028-1400,:pserver:anonymous@dev.eclipse.org:/cvsroot/eclipse,,pde/apitools/org.eclipse.pde.api.tools.ee.jre11
fragment@org.eclipse.pde.api.tools.ee.osgiminimum10=v20091028-1400,:pserver:anonymous@dev.eclipse.org:/cvsroot/eclipse,,pde/apitools/org.eclipse.pde.api.tools.ee.osgiminimum10
fragment@org.eclipse.pde.api.tools.ee.osgiminimum11=v20091028-1400,:pserver:anonymous@dev.eclipse.org:/cvsroot/eclipse,,pde/apitools/org.eclipse.pde.api.tools.ee.osgiminimum11
fragment@org.eclipse.pde.api.tools.ee.osgiminimum12=v20091028-1400,:pserver:anonymous@dev.eclipse.org:/cvsroot/eclipse,,pde/apitools/org.eclipse.pde.api.tools.ee.osgiminimum12

plugin@org.eclipse.pde.ds.core=v20091023,:pserver:anonymous@dev.eclipse.org:/cvsroot/eclipse,,pde/ds/org.eclipse.pde.ds.core
plugin@org.eclipse.pde.ds.ui=v20090928,:pserver:anonymous@dev.eclipse.org:/cvsroot/eclipse,,pde/ds/org.eclipse.pde.ds.ui
plugin@org.eclipse.pde.ds.tests=v20090420,:pserver:anonymous@dev.eclipse.org:/cvsroot/eclipse,,pde/ds/org.eclipse.pde.ds.tests

plugin@org.eclipse.pde.ua.core=v20090729,:pserver:anonymous@dev.eclipse.org:/cvsroot/eclipse,,pde/ua/org.eclipse.pde.ua.core
plugin@org.eclipse.pde.ua.ui=v20090914,:pserver:anonymous@dev.eclipse.org:/cvsroot/eclipse,,pde/ua/org.eclipse.pde.ua.ui