!***************  PDE CONTRIBUTION  ******************************************************** 


plugin@org.eclipse.pde=p2IU,id=org.eclipse.pde,version=,repository=http://download.eclipse.org/eclipse/updates/3.6/
plugin@org.eclipse.pde.source=p2IU,id=org.eclipse.pde.source,version=,repository=http://download.eclipse.org/eclipse/updates/3.6/
plugin@org.eclipse.pde.core=p2IU,id=org.eclipse.pde.core,version=,repository=http://download.eclipse.org/eclipse/updates/3.6/
plugin@org.eclipse.pde.core.source=p2IU,id=org.eclipse.pde.core.source,version=,repository=http://download.eclipse.org/eclipse/updates/3.6/
plugin@org.eclipse.pde.junit.runtime=p2IU,id=org.eclipse.pde.junit.runtime,version=,repository=http://download.eclipse.org/eclipse/updates/3.6/
plugin@org.eclipse.pde.junit.runtime.source=p2IU,id=org.eclipse.pde.junit.runtime.source,version=,repository=http://download.eclipse.org/eclipse/updates/3.6/
plugin@org.eclipse.pde.runtime=p2IU,id=org.eclipse.pde.runtime,version=,repository=http://download.eclipse.org/eclipse/updates/3.6/
plugin@org.eclipse.pde.runtime.source=p2IU,id=org.eclipse.pde.runtime.source,version=,repository=http://download.eclipse.org/eclipse/updates/3.6/
plugin@org.eclipse.pde.launching=p2IU,id=org.eclipse.pde.launching,version=,repository=http://download.eclipse.org/eclipse/updates/3.6/
plugin@org.eclipse.pde.launching.source=p2IU,id=org.eclipse.pde.launching.source,version=,repository=http://download.eclipse.org/eclipse/updates/3.6/
plugin@org.eclipse.pde.ui=p2IU,id=org.eclipse.pde.ui,version=,repository=http://download.eclipse.org/eclipse/updates/3.6/
plugin@org.eclipse.pde.ui.source=p2IU,id=org.eclipse.pde.ui.source,version=,repository=http://download.eclipse.org/eclipse/updates/3.6/
plugin@org.eclipse.pde.ui.templates=p2IU,id=org.eclipse.pde.ui.templates,version=,repository=http://download.eclipse.org/eclipse/updates/3.6/
plugin@org.eclipse.pde.ui.templates.source=p2IU,id=org.eclipse.pde.ui.templates.source,version=,repository=http://download.eclipse.org/eclipse/updates/3.6/
plugin@org.eclipse.pde.ui.tests=p2IU,id=org.eclipse.pde.ui.tests,version=,repository=http://download.eclipse.org/eclipse/updates/3.6/
plugin@org.eclipse.pde.ui.tests.source=p2IU,id=org.eclipse.pde.ui.tests.source,version=,repository=http://download.eclipse.org/eclipse/updates/3.6/

plugin@org.eclipse.ui.views.log=p2IU,id=org.eclipse.ui.views.log,version=,repository=http://download.eclipse.org/eclipse/updates/3.6/
plugin@org.eclipse.ui.views.log.source=p2IU,id=org.eclipse.ui.views.log.source,version=,repository=http://download.eclipse.org/eclipse/updates/3.6/
plugin@org.eclipse.pde.api.tools=p2IU,id=org.eclipse.pde.api.tools,version=,repository=http://download.eclipse.org/eclipse/updates/3.6/
plugin@org.eclipse.pde.api.tools.source=p2IU,id=org.eclipse.pde.api.tools.source,version=,repository=http://download.eclipse.org/eclipse/updates/3.6/
plugin@org.eclipse.pde.api.tools.ui=p2IU,id=org.eclipse.pde.api.tools.ui,version=,repository=http://download.eclipse.org/eclipse/updates/3.6/
plugin@org.eclipse.pde.api.tools.ui.source=p2IU,id=org.eclipse.pde.api.tools.ui.source,version=,repository=http://download.eclipse.org/eclipse/updates/3.6/
plugin@org.eclipse.pde.api.tools.tests=p2IU,id=org.eclipse.pde.api.tools.tests,version=,repository=http://download.eclipse.org/eclipse/updates/3.6/
plugin@org.eclipse.pde.api.tools.tests.source=p2IU,id=org.eclipse.pde.api.tools.tests.source,version=,repository=http://download.eclipse.org/eclipse/updates/3.6/
fragment@org.eclipse.pde.api.tools.ee.cdcfoundation10=p2IU,id=org.eclipse.pde.api.tools.ee.cdcfoundation10,version=,repository=http://download.eclipse.org/eclipse/updates/3.6/
fragment@org.eclipse.pde.api.tools.ee.cdcfoundation10.source=p2IU,id=org.eclipse.pde.api.tools.ee.cdcfoundation10.source,version=,repository=http://download.eclipse.org/eclipse/updates/3.6/
fragment@org.eclipse.pde.api.tools.ee.cdcfoundation11=p2IU,id=org.eclipse.pde.api.tools.ee.cdcfoundation11,version=,repository=http://download.eclipse.org/eclipse/updates/3.6/
fragment@org.eclipse.pde.api.tools.ee.cdcfoundation11.source=p2IU,id=org.eclipse.pde.api.tools.ee.cdcfoundation11.source,version=,repository=http://download.eclipse.org/eclipse/updates/3.6/
fragment@org.eclipse.pde.api.tools.ee.j2se12=p2IU,id=org.eclipse.pde.api.tools.ee.j2se12,version=,repository=http://download.eclipse.org/eclipse/updates/3.6/
fragment@org.eclipse.pde.api.tools.ee.j2se12.source=p2IU,id=org.eclipse.pde.api.tools.ee.j2se12.source,version=,repository=http://download.eclipse.org/eclipse/updates/3.6/
fragment@org.eclipse.pde.api.tools.ee.j2se13=p2IU,id=org.eclipse.pde.api.tools.ee.j2se13,version=,repository=http://download.eclipse.org/eclipse/updates/3.6/
fragment@org.eclipse.pde.api.tools.ee.j2se13.source=p2IU,id=org.eclipse.pde.api.tools.ee.j2se13.source,version=,repository=http://download.eclipse.org/eclipse/updates/3.6/
fragment@org.eclipse.pde.api.tools.ee.j2se14=p2IU,id=org.eclipse.pde.api.tools.ee.j2se14,version=,repository=http://download.eclipse.org/eclipse/updates/3.6/
fragment@org.eclipse.pde.api.tools.ee.j2se14.source=p2IU,id=org.eclipse.pde.api.tools.ee.j2se14.source,version=,repository=http://download.eclipse.org/eclipse/updates/3.6/
fragment@org.eclipse.pde.api.tools.ee.j2se15=p2IU,id=org.eclipse.pde.api.tools.ee.j2se15,version=,repository=http://download.eclipse.org/eclipse/updates/3.6/
fragment@org.eclipse.pde.api.tools.ee.j2se15.source=p2IU,id=org.eclipse.pde.api.tools.ee.j2se15.source,version=,repository=http://download.eclipse.org/eclipse/updates/3.6/
fragment@org.eclipse.pde.api.tools.ee.javase16=p2IU,id=org.eclipse.pde.api.tools.ee.javase16,version=,repository=http://download.eclipse.org/eclipse/updates/3.6/
fragment@org.eclipse.pde.api.tools.ee.javase16.source=p2IU,id=org.eclipse.pde.api.tools.ee.javase16.source,version=,repository=http://download.eclipse.org/eclipse/updates/3.6/
fragment@org.eclipse.pde.api.tools.ee.jre11=p2IU,id=org.eclipse.pde.api.tools.ee.jre11,version=,repository=http://download.eclipse.org/eclipse/updates/3.6/
fragment@org.eclipse.pde.api.tools.ee.jre11.source=p2IU,id=org.eclipse.pde.api.tools.ee.jre11.source,version=,repository=http://download.eclipse.org/eclipse/updates/3.6/
fragment@org.eclipse.pde.api.tools.ee.osgiminimum10=p2IU,id=org.eclipse.pde.api.tools.ee.osgiminimum10,version=,repository=http://download.eclipse.org/eclipse/updates/3.6/
fragment@org.eclipse.pde.api.tools.ee.osgiminimum10.source=p2IU,id=org.eclipse.pde.api.tools.ee.osgiminimum10.source,version=,repository=http://download.eclipse.org/eclipse/updates/3.6/
fragment@org.eclipse.pde.api.tools.ee.osgiminimum11=p2IU,id=org.eclipse.pde.api.tools.ee.osgiminimum11,version=,repository=http://download.eclipse.org/eclipse/updates/3.6/
fragment@org.eclipse.pde.api.tools.ee.osgiminimum11.source=p2IU,id=org.eclipse.pde.api.tools.ee.osgiminimum11.source,version=,repository=http://download.eclipse.org/eclipse/updates/3.6/
fragment@org.eclipse.pde.api.tools.ee.osgiminimum12=p2IU,id=org.eclipse.pde.api.tools.ee.osgiminimum12,version=,repository=http://download.eclipse.org/eclipse/updates/3.6/
fragment@org.eclipse.pde.api.tools.ee.osgiminimum12.source=p2IU,id=org.eclipse.pde.api.tools.ee.osgiminimum12.source,version=,repository=http://download.eclipse.org/eclipse/updates/3.6/

plugin@org.eclipse.pde.ds.core=p2IU,id=org.eclipse.pde.ds.core,version=,repository=http://download.eclipse.org/eclipse/updates/3.6/
plugin@org.eclipse.pde.ds.core.source=p2IU,id=org.eclipse.pde.ds.core.source,version=,repository=http://download.eclipse.org/eclipse/updates/3.6/
plugin@org.eclipse.pde.ds.ui=p2IU,id=org.eclipse.pde.ds.ui,version=,repository=http://download.eclipse.org/eclipse/updates/3.6/
plugin@org.eclipse.pde.ds.ui.source=p2IU,id=org.eclipse.pde.ds.ui.source,version=,repository=http://download.eclipse.org/eclipse/updates/3.6/
plugin@org.eclipse.pde.ds.tests=p2IU,id=org.eclipse.pde.ds.tests,version=,repository=http://download.eclipse.org/eclipse/updates/3.6/
plugin@org.eclipse.pde.ds.tests.source=p2IU,id=org.eclipse.pde.ds.tests.source,version=,repository=http://download.eclipse.org/eclipse/updates/3.6/

plugin@org.eclipse.pde.ua.core=p2IU,id=org.eclipse.pde.ua.core,version=,repository=http://download.eclipse.org/eclipse/updates/3.6/
plugin@org.eclipse.pde.ua.core.source=p2IU,id=org.eclipse.pde.ua.core.source,version=,repository=http://download.eclipse.org/eclipse/updates/3.6/
plugin@org.eclipse.pde.ua.ui=p2IU,id=org.eclipse.pde.ua.ui,version=,repository=http://download.eclipse.org/eclipse/updates/3.6/
plugin@org.eclipse.pde.ua.ui.source=p2IU,id=org.eclipse.pde.ua.ui.source,version=,repository=http://download.eclipse.org/eclipse/updates/3.6/