!***************  RELENG CONTRIBUTION  ******************************************************** 

plugin@org.eclipse.releng.tools=I20040621,:pserver:anonymous@dev.eclipse.org:/home/eclipse,

plugin@org.eclipse.test=v20040621,:pserver:anonymous@dev.eclipse.org:/home/eclipse,
fragment@org.eclipse.ant.optional.junit=v20030401,:pserver:anonymous@dev.eclipse.org:/home/eclipse,

plugin@org.eclipse.releng.tests=v20040621,:pserver:anonymous@dev.eclipse.org:/home/eclipse,

plugin@org.eclipse.perfmsr.core=v20040615,:pserver:anonymous@dev.eclipse.org:/home/eclipse,,org.eclipse.sdk.tests-feature/plugins/org.eclipse.perfmsr.core
plugin@org.eclipse.perfmsr.core.win32=v20040506,:pserver:anonymous@dev.eclipse.org:/home/eclipse,,org.eclipse.sdk.tests-feature/plugins/org.eclipse.perfmsr.core.win32
plugin@org.eclipse.perfmsr.ui=v20040615,:pserver:anonymous@dev.eclipse.org:/home/eclipse,,org.eclipse.sdk.tests-feature/plugins/org.eclipse.perfmsr.ui
plugin@org.eclipse.perfmsr.ui.client=v20040615,:pserver:anonymous@dev.eclipse.org:/home/eclipse,,org.eclipse.sdk.tests-feature/plugins/org.eclipse.perfmsr.ui.client