!****************  RELENG CONTRIBUTION  ******************************************************** 
feature@master=v20091019,:pserver:anonymous@dev.eclipse.org:/cvsroot/eclipse,,org.eclipse.sdk-feature/features/master
feature@master-equinox=v20100521,:pserver:anonymous@dev.eclipse.org:/cvsroot/eclipse,,org.eclipse.sdk-feature/features/master-equinox
feature@master-equinox-p2=v20100929,:pserver:anonymous@dev.eclipse.org:/cvsroot/eclipse,,org.eclipse.sdk-feature/features/master-equinox-p2
feature@master-equinox-weaving=v20090817,:pserver:anonymous@dev.eclipse.org:/cvsroot/eclipse,,org.eclipse.sdk-feature/features/master-equinox-weaving
feature@master-jetty=v20100923,:pserver:anonymous@dev.eclipse.org:/cvsroot/eclipse,,org.eclipse.sdk-feature/features/master-jetty
feature@master-ecf=v20090316,:pserver:anonymous@dev.eclipse.org:/cvsroot/eclipse,,org.eclipse.sdk-feature/features/master-ecf

feature@com.ibm.icu.base=v20090119,:pserver:anonymous@dev.eclipse.org:/cvsroot/eclipse,,org.eclipse.sdk-feature/features/com.ibm.icu.base

feature@org.eclipse.releng.tools=v20100923,:pserver:anonymous@dev.eclipse.org:/cvsroot/eclipse,,org.eclipse.sdk-feature/features/org.eclipse.releng.tools

plugin@org.eclipse.releng.tools=v20100629,:pserver:anonymous@dev.eclipse.org:/cvsroot/eclipse,
plugin@org.eclipse.releng.tests=v20101007,:pserver:anonymous@dev.eclipse.org:/cvsroot/eclipse,

plugin@org.eclipse.pde.tools.versioning=r20080922,:pserver:anonymous@dev.eclipse.org:/cvsroot/eclipse,,org.eclipse.sdk.tests-feature/plugins/org.eclipse.pde.tools.versioning

!sample projects
feature@org.eclipse.jdt.test.feature.sample=HEAD,:pserver:anonymous@dev.eclipse.org:/cvsroot/eclipse,,platform-releng-home/examples/org.eclipse.jdt.test.feature.sample