!****************  RELENG CONTRIBUTION  ******************************************************** 
feature@master=v20070605,:pserver:anonymous@dev.eclipse.org:/cvsroot/eclipse,,org.eclipse.sdk-feature/features/master
feature@master-equinox=v20071017,:pserver:anonymous@dev.eclipse.org:/cvsroot/eclipse,,org.eclipse.sdk-feature/features/master-equinox

feature@com.ibm.icu.base=v20060418,:pserver:anonymous@dev.eclipse.org:/cvsroot/eclipse,,org.eclipse.sdk-feature/features/com.ibm.icu.base

feature@master-root=r20070801,:pserver:anonymous@dev.eclipse.org:/cvsroot/eclipse,,org.eclipse.sdk-feature/features/master-root
feature@org.eclipse.releng.tools=v20070122,:pserver:anonymous@dev.eclipse.org:/cvsroot/eclipse,,org.eclipse.sdk-feature/features/org.eclipse.releng.tools

plugin@org.eclipse.releng.tools=v20070917a,:pserver:anonymous@dev.eclipse.org:/cvsroot/eclipse,
plugin@org.eclipse.releng.tests=v20071012,:pserver:anonymous@dev.eclipse.org:/cvsroot/eclipse,

plugin@org.eclipse.pde.tools.versioning=v20061010,:pserver:anonymous@dev.eclipse.org:/cvsroot/eclipse,,org.eclipse.sdk.tests-feature/plugins/org.eclipse.pde.tools.versioning

!sample projects
feature@org.eclipse.jdt.test.feature.sample=HEAD,:pserver:anonymous@dev.eclipse.org:/cvsroot/eclipse,,platform-releng-home/examples/org.eclipse.jdt.test.feature.sample