!***************  SWT CONTRIBUTION  ******************************************************** 

plugin@platform-launcher=v20040921,:pserver:anonymous@dev.eclipse.org:/home/eclipse,

plugin@org.eclipse.swt=v3106a, :pserver:anonymous@dev.eclipse.org:/home/eclipse,
fragment@org.eclipse.swt.carbon=v3106, :pserver:anonymous@dev.eclipse.org:/home/eclipse,
fragment@org.eclipse.swt.gtk=v3106, :pserver:anonymous@dev.eclipse.org:/home/eclipse,
fragment@org.eclipse.swt.gtk64=v3106, :pserver:anonymous@dev.eclipse.org:/home/eclipse,
fragment@org.eclipse.swt.motif=v3106, :pserver:anonymous@dev.eclipse.org:/home/eclipse,
fragment@org.eclipse.swt.photon=v3106, :pserver:anonymous@dev.eclipse.org:/home/eclipse,
fragment@org.eclipse.swt.win32=v3106, :pserver:anonymous@dev.eclipse.org:/home/eclipse,

plugin@org.eclipse.swt.examples=v3106, :pserver:anonymous@dev.eclipse.org:/home/eclipse,
plugin@org.eclipse.swt.examples.browser=v3106, :pserver:anonymous@dev.eclipse.org:/home/eclipse,
plugin@org.eclipse.swt.examples.browser.demos=v3106, :pserver:anonymous@dev.eclipse.org:/home/eclipse,
plugin@org.eclipse.swt.examples.controls=v3106, :pserver:anonymous@dev.eclipse.org:/home/eclipse,
plugin@org.eclipse.swt.examples.launcher=v3106, :pserver:anonymous@dev.eclipse.org:/home/eclipse,
plugin@org.eclipse.swt.examples.layouts=v3106, :pserver:anonymous@dev.eclipse.org:/home/eclipse,
plugin@org.eclipse.swt.examples.ole.win32=v3106, :pserver:anonymous@dev.eclipse.org:/home/eclipse,
plugin@org.eclipse.swt.examples.paint=v3106, :pserver:anonymous@dev.eclipse.org:/home/eclipse,

plugin@org.eclipse.swt.tests=v3106, :pserver:anonymous@dev.eclipse.org:/home/eclipse,
plugin@org.eclipse.swt.tools=v3106, :pserver:anonymous@dev.eclipse.org:/home/eclipse,
