!***************  SWT CONTRIBUTION  ******************************************************** 

plugin@platform-launcher=v20030428, :pserver:anonymous@dev.eclipse.org:/home/eclipse,

plugin@org.eclipse.swt=v3003, :pserver:anonymous@dev.eclipse.org:/home/eclipse,
fragment@org.eclipse.swt.carbon=v3003, :pserver:anonymous@dev.eclipse.org:/home/eclipse,
fragment@org.eclipse.swt.gtk=v3003, :pserver:anonymous@dev.eclipse.org:/home/eclipse,
fragment@org.eclipse.swt.motif=v3003, :pserver:anonymous@dev.eclipse.org:/home/eclipse,
fragment@org.eclipse.swt.photon=v3003, :pserver:anonymous@dev.eclipse.org:/home/eclipse,
fragment@org.eclipse.swt.win32=v3003, :pserver:anonymous@dev.eclipse.org:/home/eclipse,

plugin@org.eclipse.swt.examples=v3003, :pserver:anonymous@dev.eclipse.org:/home/eclipse,
plugin@org.eclipse.swt.examples.controls=v3001, :pserver:anonymous@dev.eclipse.org:/home/eclipse,
plugin@org.eclipse.swt.examples.launcher=v3001, :pserver:anonymous@dev.eclipse.org:/home/eclipse,
plugin@org.eclipse.swt.examples.layouts=v3001, :pserver:anonymous@dev.eclipse.org:/home/eclipse,
plugin@org.eclipse.swt.examples.ole.win32=v3001, :pserver:anonymous@dev.eclipse.org:/home/eclipse,
plugin@org.eclipse.swt.examples.paint=v3001, :pserver:anonymous@dev.eclipse.org:/home/eclipse,

plugin@org.eclipse.swt.tests=v3001, :pserver:anonymous@dev.eclipse.org:/home/eclipse,
