!***************  SWT CONTRIBUTION  ******************************************************** 

plugin@platform-launcher=v2109, :pserver:anonymous@dev.eclipse.org:/home/eclipse,

plugin@org.eclipse.swt=v2116d, :pserver:anonymous@dev.eclipse.org:/home/eclipse,
fragment@org.eclipse.swt.gtk=v2116, :pserver:anonymous@dev.eclipse.org:/home/eclipse,
fragment@org.eclipse.swt.motif=v2116, :pserver:anonymous@dev.eclipse.org:/home/eclipse,
fragment@org.eclipse.swt.photon=v2116, :pserver:anonymous@dev.eclipse.org:/home/eclipse,
fragment@org.eclipse.swt.win32=v2116, :pserver:anonymous@dev.eclipse.org:/home/eclipse,
fragment@org.eclipse.swt.carbon=v2116, :pserver:anonymous@dev.eclipse.org:/home/eclipse,

plugin@org.eclipse.swt.examples=v2115, :pserver:anonymous@dev.eclipse.org:/home/eclipse,
plugin@org.eclipse.swt.examples.controls=v2115, :pserver:anonymous@dev.eclipse.org:/home/eclipse,
plugin@org.eclipse.swt.examples.launcher=v2115, :pserver:anonymous@dev.eclipse.org:/home/eclipse,
plugin@org.eclipse.swt.examples.layouts=v2115, :pserver:anonymous@dev.eclipse.org:/home/eclipse,
plugin@org.eclipse.swt.examples.ole.win32=v2116, :pserver:anonymous@dev.eclipse.org:/home/eclipse,
plugin@org.eclipse.swt.examples.paint=v2115, :pserver:anonymous@dev.eclipse.org:/home/eclipse,

plugin@org.eclipse.swt.tests=v2115, :pserver:anonymous@dev.eclipse.org:/home/eclipse,
