!***************  TEAM CONTRIBUTION  ******************************************************** 

plugin@org.eclipse.team.core=I20040623,:pserver:anonymous@dev.eclipse.org:/home/eclipse,
plugin@org.eclipse.team.cvs.core=I20040617,:pserver:anonymous@dev.eclipse.org:/home/eclipse,
plugin@org.eclipse.team.cvs.ssh=I20040616,:pserver:anonymous@dev.eclipse.org:/home/eclipse,
plugin@org.eclipse.team.cvs.ssh2=I20040616,:pserver:anonymous@dev.eclipse.org:/home/eclipse,
plugin@org.eclipse.team.ui=I20040623,:pserver:anonymous@dev.eclipse.org:/home/eclipse,
plugin@org.eclipse.team.cvs.ui=I20040617a,:pserver:anonymous@dev.eclipse.org:/home/eclipse,
plugin@org.eclipse.team.webdav=I20040616,:pserver:anonymous@dev.eclipse.org:/home/eclipse,
plugin@org.eclipse.team.ftp=I20040618,:pserver:anonymous@dev.eclipse.org:/home/eclipse,

plugin@org.eclipse.team.examples.filesystem=I20040622,:pserver:anonymous@dev.eclipse.org:/home/eclipse,

plugin@org.eclipse.team.tests.core=I20040603,:pserver:anonymous@dev.eclipse.org:/home/eclipse,
plugin@org.eclipse.team.tests.cvs.core=I20040616,:pserver:anonymous@dev.eclipse.org:/home/eclipse,