!***************  TEAM CONTRIBUTION  ******************************************************** 

plugin@org.eclipse.team.core=I20040913,:pserver:anonymous@dev.eclipse.org:/home/eclipse,
plugin@org.eclipse.team.cvs.core=I20040917,:pserver:anonymous@dev.eclipse.org:/home/eclipse,
plugin@org.eclipse.team.cvs.ssh=I20040823,:pserver:anonymous@dev.eclipse.org:/home/eclipse,
plugin@org.eclipse.team.cvs.ssh2=I20040830,:pserver:anonymous@dev.eclipse.org:/home/eclipse,
plugin@org.eclipse.team.ui=I20040920,:pserver:anonymous@dev.eclipse.org:/home/eclipse,
plugin@org.eclipse.team.cvs.ui=I20040920,:pserver:anonymous@dev.eclipse.org:/home/eclipse,

plugin@org.eclipse.ftp=I20040914,:pserver:anonymous@dev.eclipse.org:/home/eclipse,,platform-vcm-home/plugins/target/org.eclipse.ftp
plugin@org.eclipse.target=I20040914,:pserver:anonymous@dev.eclipse.org:/home/eclipse,,platform-vcm-home/plugins/target/org.eclipse.target
plugin@org.eclipse.target.ftp=I20040914,:pserver:anonymous@dev.eclipse.org:/home/eclipse,,platform-vcm-home/plugins/target/org.eclipse.target.ftp
plugin@org.eclipse.target.ide=I20040914,:pserver:anonymous@dev.eclipse.org:/home/eclipse,,platform-vcm-home/plugins/target/org.eclipse.target.ide
plugin@org.eclipse.target.iofile=I20040914,:pserver:anonymous@dev.eclipse.org:/home/eclipse,,platform-vcm-home/plugins/target/org.eclipse.target.iofile
plugin@org.eclipse.target.webdav=I20040914,:pserver:anonymous@dev.eclipse.org:/home/eclipse,,platform-vcm-home/plugins/target/org.eclipse.target.webdav
plugin@org.eclipse.team.target=I20040914,:pserver:anonymous@dev.eclipse.org:/home/eclipse,,platform-vcm-home/plugins/target/org.eclipse.team.target
plugin@org.eclipse.team.webdav=I20040914,:pserver:anonymous@dev.eclipse.org:/home/eclipse,
plugin@org.eclipse.team.ftp=I20040914,:pserver:anonymous@dev.eclipse.org:/home/eclipse,

plugin@org.eclipse.team.examples.filesystem=I20040913,:pserver:anonymous@dev.eclipse.org:/home/eclipse,

plugin@org.eclipse.team.tests.core=I20040917,:pserver:anonymous@dev.eclipse.org:/home/eclipse,
plugin@org.eclipse.team.tests.cvs.core=I20040917,:pserver:anonymous@dev.eclipse.org:/home/eclipse,