!***************  TEAM CONTRIBUTION  ******************************************************** 

plugin@org.eclipse.team.core=I20050608,:pserver:anonymous@dev.eclipse.org:/home/eclipse,
plugin@org.eclipse.team.cvs.core=I20050608,:pserver:anonymous@dev.eclipse.org:/home/eclipse,
plugin@org.eclipse.team.cvs.ssh=I20050526,:pserver:anonymous@dev.eclipse.org:/home/eclipse,
plugin@org.eclipse.team.cvs.ssh2=I20050608,:pserver:anonymous@dev.eclipse.org:/home/eclipse,
plugin@org.eclipse.team.ui=I20050608,:pserver:anonymous@dev.eclipse.org:/home/eclipse,
plugin@org.eclipse.team.cvs.ui=I20050609,:pserver:anonymous@dev.eclipse.org:/home/eclipse,

plugin@org.eclipse.ftp=I20050418a,:pserver:anonymous@dev.eclipse.org:/home/eclipse,,platform-vcm-home/plugins/target/org.eclipse.ftp
plugin@org.eclipse.target=I20050418a,:pserver:anonymous@dev.eclipse.org:/home/eclipse,,platform-vcm-home/plugins/target/org.eclipse.target
plugin@org.eclipse.target.ftp=I20050608,:pserver:anonymous@dev.eclipse.org:/home/eclipse,,platform-vcm-home/plugins/target/org.eclipse.target.ftp
plugin@org.eclipse.target.ide=I20050418,:pserver:anonymous@dev.eclipse.org:/home/eclipse,,platform-vcm-home/plugins/target/org.eclipse.target.ide
plugin@org.eclipse.target.iofile=I20050418,:pserver:anonymous@dev.eclipse.org:/home/eclipse,,platform-vcm-home/plugins/target/org.eclipse.target.iofile
plugin@org.eclipse.target.webdav=I20050418,:pserver:anonymous@dev.eclipse.org:/home/eclipse,,platform-vcm-home/plugins/target/org.eclipse.target.webdav
plugin@org.eclipse.team.target=I20050506,:pserver:anonymous@dev.eclipse.org:/home/eclipse,,platform-vcm-home/plugins/target/org.eclipse.team.target
plugin@org.eclipse.team.webdav=I20050314,:pserver:anonymous@dev.eclipse.org:/home/eclipse,
plugin@org.eclipse.team.ftp=I20050608,:pserver:anonymous@dev.eclipse.org:/home/eclipse,

plugin@org.eclipse.team.examples.filesystem=I20050608,:pserver:anonymous@dev.eclipse.org:/home/eclipse,

plugin@org.eclipse.team.tests.core=I200505091600,:pserver:anonymous@dev.eclipse.org:/home/eclipse,
plugin@org.eclipse.team.tests.cvs.core=I20050526,:pserver:anonymous@dev.eclipse.org:/home/eclipse,