!***************  Test Framework CONTRIBUTION  ******************************************************** 
feature@org.eclipse.test=HEAD,:pserver:anonymous@dev.eclipse.org:/home/eclipse,,org.eclipse.test-feature

plugin@org.eclipse.test=v20040831,:pserver:anonymous@dev.eclipse.org:/home/eclipse,
fragment@org.eclipse.ant.optional.junit=v20030401,:pserver:anonymous@dev.eclipse.org:/home/eclipse,

plugin@org.eclipse.test.performance=HEAD,:pserver:anonymous@dev.eclipse.org:/home/eclipse,
fragment@org.eclipse.test.performance.win32=HEAD,:pserver:anonymous@dev.eclipse.org:/home/eclipse,

plugin@org.eclipse.perfmsr.core=v20040803,:pserver:anonymous@dev.eclipse.org:/home/eclipse,,org.eclipse.sdk.tests-feature/plugins/org.eclipse.perfmsr.core
plugin@org.eclipse.perfmsr.core.win32=v20040803,:pserver:anonymous@dev.eclipse.org:/home/eclipse,,org.eclipse.sdk.tests-feature/plugins/org.eclipse.perfmsr.core.win32
plugin@org.eclipse.perfmsr.ui=v20040803,:pserver:anonymous@dev.eclipse.org:/home/eclipse,,org.eclipse.sdk.tests-feature/plugins/org.eclipse.perfmsr.ui
plugin@org.eclipse.perfmsr.ui.client=v20040803,:pserver:anonymous@dev.eclipse.org:/home/eclipse,,org.eclipse.sdk.tests-feature/plugins/org.eclipse.perfmsr.ui.client