!***************  Test Framework CONTRIBUTION  ******************************************************** 
feature@org.eclipse.test=v20100427,:pserver:anonymous@dev.eclipse.org:/cvsroot/eclipse,,org.eclipse.test-feature

plugin@org.eclipse.test=p2IU,id=org.eclipse.test,version=,repository=http://download.eclipse.org/eclipse/updates/3.6/
plugin@org.eclipse.test.source=p2IU,id=org.eclipse.test.source,version=,repository=http://download.eclipse.org/eclipse/updates/3.6/
fragment@org.eclipse.ant.optional.junit=p2IU,id=org.eclipse.ant.optional.junit,version=,repository=http://download.eclipse.org/eclipse/updates/3.6/
fragment@org.eclipse.ant.optional.junit.source=p2IU,id=org.eclipse.ant.optional.junit.source,version=,repository=http://download.eclipse.org/eclipse/updates/3.6/

plugin@org.eclipse.test.performance=p2IU,id=org.eclipse.test.performance,version=,repository=http://download.eclipse.org/eclipse/updates/3.6/
plugin@org.eclipse.test.performance.source=p2IU,id=org.eclipse.test.performance.source,version=,repository=http://download.eclipse.org/eclipse/updates/3.6/
fragment@org.eclipse.test.performance.win32=p2IU,id=org.eclipse.test.performance.win32,version=,repository=http://download.eclipse.org/eclipse/updates/3.6/
fragment@org.eclipse.test.performance.win32.source=p2IU,id=org.eclipse.test.performance.win32.source,version=,repository=http://download.eclipse.org/eclipse/updates/3.6/

plugin@org.eclipse.test.performance.data=p2IU,id=org.eclipse.test.performance.data,version=,repository=http://download.eclipse.org/eclipse/updates/3.6/
plugin@org.eclipse.test.performance.data.source=p2IU,id=org.eclipse.test.performance.data.source,version=,repository=http://download.eclipse.org/eclipse/updates/3.6/

plugin@org.eclipse.test.dispatcher=p2IU,id=org.eclipse.test.dispatcher,version=,repository=http://download.eclipse.org/eclipse/updates/3.6/
plugin@org.eclipse.test.dispatcher.source=p2IU,id=org.eclipse.test.dispatcher.source,version=,repository=http://download.eclipse.org/eclipse/updates/3.6/