!***************  TEXT CONTRIBUTION  ******************************************************** 

plugin@org.eclipse.text=v200405250800,:pserver:anonymous@dev.eclipse.org:/home/eclipse,
plugin@org.eclipse.jface.text=v200405250800,:pserver:anonymous@dev.eclipse.org:/home/eclipse,
plugin@org.eclipse.ui.workbench.texteditor=v200405250800,:pserver:anonymous@dev.eclipse.org:/home/eclipse,
plugin@org.eclipse.ui.editors=v200405250800,:pserver:anonymous@dev.eclipse.org:/home/eclipse,
plugin@org.eclipse.core.filebuffers=v200405250800,:pserver:anonymous@dev.eclipse.org:/home/eclipse,

plugin@org.eclipse.ui.examples.javaeditor=v200405250800,:pserver:anonymous@dev.eclipse.org:/home/eclipse,

plugin@org.eclipse.text.tests=v200405250800,:pserver:anonymous@dev.eclipse.org:/home/eclipse,
plugin@org.eclipse.jface.text.tests=v200405250800,:pserver:anonymous@dev.eclipse.org:/home/eclipse,
plugin@org.eclipse.core.filebuffers.tests=v200405250800,:pserver:anonymous@dev.eclipse.org:/home/eclipse,
plugin@org.eclipse.jdt.text.tests=v200405250800,:pserver:anonymous@dev.eclipse.org:/home/eclipse,