!***************  UI CONTRIBUTION  ******************************************************** 

plugin@org.eclipse.jface=v200408240800,:pserver:anonymous@dev.eclipse.org:/home/eclipse,
plugin@org.eclipse.ui=v200408240800,:pserver:anonymous@dev.eclipse.org:/home/eclipse,
plugin@org.eclipse.ui.ide=v200408240800,:pserver:anonymous@dev.eclipse.org:/home/eclipse,
plugin@org.eclipse.ui.presentations.r21=v200408240800,:pserver:anonymous@dev.eclipse.org:/home/eclipse,
plugin@org.eclipse.ui.views=v200408240800,:pserver:anonymous@dev.eclipse.org:/home/eclipse,
plugin@org.eclipse.ui.workbench=v200408240800,:pserver:anonymous@dev.eclipse.org:/home/eclipse,
fragment@org.eclipse.ui.workbench.compatibility=v2004071455,:pserver:anonymous@dev.eclipse.org:/home/eclipse,
fragment@org.eclipse.ui.win32=v2004071455,:pserver:anonymous@dev.eclipse.org:/home/eclipse,
fragment@org.eclipse.ui.carbon=v2004071455,:pserver:anonymous@dev.eclipse.org:/home/eclipse,

plugin@org.eclipse.ui.forms=v20040623,:pserver:anonymous@dev.eclipse.org:/home/eclipse,

plugin@org.eclipse.ui.cheatsheets=v20040624a,:pserver:anonymous@dev.eclipse.org:/home/eclipse,
plugin@org.eclipse.ui.intro=v20040624a,:pserver:anonymous@dev.eclipse.org:/home/eclipse,

plugin@org.eclipse.ui.examples.multipageeditor=v2004071455,:pserver:anonymous@dev.eclipse.org:/home/eclipse,
plugin@org.eclipse.ui.examples.propertysheet=v2004071455,:pserver:anonymous@dev.eclipse.org:/home/eclipse,
plugin@org.eclipse.ui.examples.readmetool=v2004071455,:pserver:anonymous@dev.eclipse.org:/home/eclipse,

plugin@org.eclipse.ui.tests=v200408240800,:pserver:anonymous@dev.eclipse.org:/home/eclipse,
plugin@org.eclipse.ui.tests.rcp=v20040726,:pserver:anonymous@dev.eclipse.org:/home/eclipse,