!***************  UI CONTRIBUTION  ********************************************************* 

plugin@org.eclipse.core.commands=I20090525-2000,:pserver:anonymous@dev.eclipse.org:/cvsroot/eclipse,
plugin@org.eclipse.jface=I20100105-1530,:pserver:anonymous@dev.eclipse.org:/cvsroot/eclipse,
plugin@org.eclipse.core.databinding=I20090825-0800,:pserver:anonymous@dev.eclipse.org:/cvsroot/eclipse,
plugin@org.eclipse.core.databinding.observable=I20090901-0800,:pserver:anonymous@dev.eclipse.org:/cvsroot/eclipse,
plugin@org.eclipse.core.databinding.property=I20090825-0800,:pserver:anonymous@dev.eclipse.org:/cvsroot/eclipse,
plugin@org.eclipse.core.databinding.beans=I20091117-0800,:pserver:anonymous@dev.eclipse.org:/cvsroot/eclipse,
plugin@org.eclipse.jface.databinding=I20091204-0800,:pserver:anonymous@dev.eclipse.org:/cvsroot/eclipse,
plugin@org.eclipse.ui=I20100105-1530,:pserver:anonymous@dev.eclipse.org:/cvsroot/eclipse,
plugin@org.eclipse.ui.ide=I20100105-1530,:pserver:anonymous@dev.eclipse.org:/cvsroot/eclipse,
plugin@org.eclipse.ui.ide.application=I20091013-0800,:pserver:anonymous@dev.eclipse.org:/cvsroot/eclipse,
plugin@org.eclipse.ui.presentations.r21=I20081007-0800,:pserver:anonymous@dev.eclipse.org:/cvsroot/eclipse,
plugin@org.eclipse.ui.views=I20090914-0830,:pserver:anonymous@dev.eclipse.org:/cvsroot/eclipse,
plugin@org.eclipse.ui.workbench=I20100105-1530,:pserver:anonymous@dev.eclipse.org:/cvsroot/eclipse,
fragment@org.eclipse.ui.workbench.compatibility=I20090429-1800,:pserver:anonymous@dev.eclipse.org:/cvsroot/eclipse,
fragment@org.eclipse.ui.win32=v20090429-1800,:pserver:anonymous@dev.eclipse.org:/cvsroot/eclipse,
fragment@org.eclipse.ui.carbon=I20091204-0800,:pserver:anonymous@dev.eclipse.org:/cvsroot/eclipse,
fragment@org.eclipse.ui.cocoa=I20091204-0800,:pserver:anonymous@dev.eclipse.org:/cvsroot/eclipse,


plugin@org.eclipse.jface.examples.databinding=I20090825-0800,:pserver:anonymous@dev.eclipse.org:/cvsroot/eclipse,
plugin@org.eclipse.ui.examples.multipageeditor=I20070605-0010,:pserver:anonymous@dev.eclipse.org:/cvsroot/eclipse,
plugin@org.eclipse.ui.examples.propertysheet=I20070319-0010,:pserver:anonymous@dev.eclipse.org:/cvsroot/eclipse,
plugin@org.eclipse.ui.examples.readmetool=I20090526-2000,:pserver:anonymous@dev.eclipse.org:/cvsroot/eclipse,
plugin@org.eclipse.ui.examples.undo=I20080204-0800a,:pserver:anonymous@dev.eclipse.org:/cvsroot/eclipse,
plugin@org.eclipse.ui.examples.views.properties.tabbed.article=I20060605-1400,:pserver:anonymous@dev.eclipse.org:/cvsroot/eclipse,,org.eclipse.ui.examples.views.properties.tabbed/org.eclipse.ui.examples.views.properties.tabbed.article
plugin@org.eclipse.ui.examples.fieldassist=I20091006-0800,:pserver:anonymous@dev.eclipse.org:/cvsroot/eclipse,
plugin@org.eclipse.ui.examples.contributions=I20090526-2000,:pserver:anonymous@dev.eclipse.org:/cvsroot/eclipse,

plugin@org.eclipse.ui.navigator=I20091124-0800,:pserver:anonymous@dev.eclipse.org:/cvsroot/eclipse,
plugin@org.eclipse.ui.navigator.resources=I20091124-0800,:pserver:anonymous@dev.eclipse.org:/cvsroot/eclipse,

plugin@org.eclipse.ui.views.properties.tabbed=I20090429-1800,:pserver:anonymous@dev.eclipse.org:/cvsroot/eclipse,

plugin@org.eclipse.jface.tests.databinding=I20091204-0800,:pserver:anonymous@dev.eclipse.org:/cvsroot/eclipse,
plugin@org.eclipse.jface.tests.databinding.conformance=I20090818-0800,:pserver:anonymous@dev.eclipse.org:/cvsroot/eclipse,
plugin@org.eclipse.ui.tests=I20100105-1530,:pserver:anonymous@dev.eclipse.org:/cvsroot/eclipse,
plugin@org.eclipse.ui.tests.rcp=I20090525-2000,:pserver:anonymous@dev.eclipse.org:/cvsroot/eclipse,
plugin@org.eclipse.ui.tests.navigator=I20090914-0830,:pserver:anonymous@dev.eclipse.org:/cvsroot/eclipse,
plugin@org.eclipse.ui.tests.views.properties.tabbed=I20090525-2000,:pserver:anonymous@dev.eclipse.org:/cvsroot/eclipse,
plugin@org.eclipse.ui.tests.performance=I20090914-0830,:pserver:anonymous@dev.eclipse.org:/cvsroot/eclipse,
plugin@org.eclipse.ui.tests.harness=I20100105-1530,:pserver:anonymous@dev.eclipse.org:/cvsroot/eclipse,