!***************  UI CONTRIBUTION  ********************************************************* 

plugin@org.eclipse.core.commands=I20060210-1600,:pserver:anonymous@dev.eclipse.org:/cvsroot/eclipse,
plugin@org.eclipse.jface=I20060210-0800,:pserver:anonymous@dev.eclipse.org:/cvsroot/eclipse,
plugin@org.eclipse.jface.databinding=I20060210-0800,:pserver:anonymous@dev.eclipse.org:/cvsroot/eclipse,
plugin@org.eclipse.ui=I20060210-1600,:pserver:anonymous@dev.eclipse.org:/cvsroot/eclipse,
plugin@org.eclipse.ui.ide=I20060210-1600,:pserver:anonymous@dev.eclipse.org:/cvsroot/eclipse,
plugin@org.eclipse.ui.presentations.r21=I20060207-0800,:pserver:anonymous@dev.eclipse.org:/cvsroot/eclipse,
plugin@org.eclipse.ui.views=I20060207-0800,:pserver:anonymous@dev.eclipse.org:/cvsroot/eclipse,
plugin@org.eclipse.ui.workbench=I20060210-1600,:pserver:anonymous@dev.eclipse.org:/cvsroot/eclipse,
fragment@org.eclipse.ui.workbench.compatibility=I20060207-0800,:pserver:anonymous@dev.eclipse.org:/cvsroot/eclipse,
fragment@org.eclipse.ui.win32=I20060207-0800,:pserver:anonymous@dev.eclipse.org:/cvsroot/eclipse,
fragment@org.eclipse.ui.carbon=I20060207-0800,:pserver:anonymous@dev.eclipse.org:/cvsroot/eclipse,

plugin@org.eclipse.jface.examples.databinding=I20060207-0800,:pserver:anonymous@dev.eclipse.org:/cvsroot/eclipse,
plugin@org.eclipse.ui.examples.multipageeditor=I20060207-0800,:pserver:anonymous@dev.eclipse.org:/cvsroot/eclipse,
plugin@org.eclipse.ui.examples.propertysheet=I20060207-0800,:pserver:anonymous@dev.eclipse.org:/cvsroot/eclipse,
plugin@org.eclipse.ui.examples.readmetool=I20060207-0800,:pserver:anonymous@dev.eclipse.org:/cvsroot/eclipse,
plugin@org.eclipse.ui.examples.undo=I20060117-0800,:pserver:anonymous@dev.eclipse.org:/cvsroot/eclipse,
plugin@org.eclipse.ui.examples.views.properties.tabbed.article=I20060207-0800,:pserver:anonymous@dev.eclipse.org:/cvsroot/eclipse,,org.eclipse.ui.examples.views.properties.tabbed/org.eclipse.ui.examples.views.properties.tabbed.article

plugin@org.eclipse.ui.navigator=I20060210-0800,:pserver:anonymous@dev.eclipse.org:/cvsroot/eclipse,
plugin@org.eclipse.ui.navigator.resources=I20060210-0800,:pserver:anonymous@dev.eclipse.org:/cvsroot/eclipse,

plugin@org.eclipse.ui.views.properties.tabbed=I20060207-0800,:pserver:anonymous@dev.eclipse.org:/cvsroot/eclipse,

plugin@org.eclipse.jface.tests.databinding=I20060207-0800,:pserver:anonymous@dev.eclipse.org:/cvsroot/eclipse,
plugin@org.eclipse.ui.tests=I20060210-1600,:pserver:anonymous@dev.eclipse.org:/cvsroot/eclipse,
plugin@org.eclipse.ui.tests.rcp=I20060210-1600,:pserver:anonymous@dev.eclipse.org:/cvsroot/eclipse,
plugin@org.eclipse.ui.tests.navigator=I20060210-1600,:pserver:anonymous@dev.eclipse.org:/cvsroot/eclipse,
plugin@org.eclipse.ui.tests.views.properties.tabbed=I20060207-0800,:pserver:anonymous@dev.eclipse.org:/cvsroot/eclipse,
plugin@org.eclipse.ui.tests.performance=I20060210-1600,:pserver:anonymous@dev.eclipse.org:/cvsroot/eclipse,
plugin@org.eclipse.ui.tests.harness=I20060207-0800,:pserver:anonymous@dev.eclipse.org:/cvsroot/eclipse,

!**com.ibm.icu **!
#plugin@com.ibm.icu=v20060123,:pserver:anonymous@dev.eclipse.org:/cvsroot/eclipse,,org.eclipse.sdk-feature/plugins/com.ibm.icu