!***************  UPDATE CONTRIBUTION  ******************************************************** 

plugin@org.eclipse.update.configurator=GIT,tag=v20100512,repo=git://git.eclipse.org/gitroot/platform/eclipse.platform.git,path=update
plugin@org.eclipse.update.core=GIT,tag=v20110330,repo=git://git.eclipse.org/gitroot/platform/eclipse.platform.git,path=update
plugin@org.eclipse.update.scheduler=GIT,tag=v20100512,repo=git://git.eclipse.org/gitroot/platform/eclipse.platform.git,path=update
plugin@org.eclipse.update.ui=GIT,tag=v20110705,repo=git://git.eclipse.org/gitroot/platform/eclipse.platform.git,path=update

fragment@org.eclipse.update.core.win32=GIT,tag=v20100512,repo=git://git.eclipse.org/gitroot/platform/eclipse.platform.git,path=update
fragment@org.eclipse.update.core.linux=GIT,tag=v20100512,repo=git://git.eclipse.org/gitroot/platform/eclipse.platform.git,path=update
#
plugin@org.eclipse.update.tests.core=GIT,tag=v20100512,repo=git://git.eclipse.org/gitroot/platform/eclipse.platform.git,path=update