!***************  UPDATE CONTRIBUTION  ******************************************************** 

plugin@org.eclipse.update.configurator=p2IU,id=org.eclipse.update.configurator,version=,repository=http://download.eclipse.org/eclipse/updates/3.6/
plugin@org.eclipse.update.core=p2IU,id=org.eclipse.update.core,version=,repository=http://download.eclipse.org/eclipse/updates/3.6/
plugin@org.eclipse.update.scheduler=p2IU,id=org.eclipse.update.scheduler,version=,repository=http://download.eclipse.org/eclipse/updates/3.6/
plugin@org.eclipse.update.ui=p2IU,id=org.eclipse.update.ui,version=,repository=http://download.eclipse.org/eclipse/updates/3.6/

fragment@org.eclipse.update.core.win32=p2IU,id=org.eclipse.update.core.win32,version=,repository=http://download.eclipse.org/eclipse/updates/3.6/
fragment@org.eclipse.update.core.linux=p2IU,id=org.eclipse.update.core.linux,version=,repository=http://download.eclipse.org/eclipse/updates/3.6/

plugin@org.eclipse.update.tests.core=p2IU,id=org.eclipse.update.tests.core,version=,repository=http://download.eclipse.org/eclipse/updates/3.6/