!***************  UA CONTRIBUTION  *********************************************

!**** Help
plugin@org.eclipse.help=GIT,tag=v20110426,repo=git://git.eclipse.org/gitroot/platform/eclipse.platform.ua.git,path=org.eclipse.help
plugin@org.eclipse.help.appserver=GIT,tag=v20110425,repo=git://git.eclipse.org/gitroot/platform/eclipse.platform.ua.git,path=org.eclipse.help.appserver
plugin@org.eclipse.help.base=GIT,tag=v20110819,repo=git://git.eclipse.org/gitroot/platform/eclipse.platform.ua.git,path=org.eclipse.help.base
plugin@org.eclipse.help.ui=GIT,tag=v20110819,repo=git://git.eclipse.org/gitroot/platform/eclipse.platform.ua.git,path=org.eclipse.help.ui
plugin@org.eclipse.help.webapp=GIT,tag=v20110830,repo=git://git.eclipse.org/gitroot/platform/eclipse.platform.ua.git,path=org.eclipse.help.webapp

!**** Welcome
plugin@org.eclipse.ui.intro=GIT,tag=v20110627,repo=git://git.eclipse.org/gitroot/platform/eclipse.platform.ua.git,path=org.eclipse.ui.intro
plugin@org.eclipse.ui.intro.universal=GIT,tag=v20110510,repo=git://git.eclipse.org/gitroot/platform/eclipse.platform.ua.git,path=org.eclipse.ui.intro.universal

!**** Cheat sheets
plugin@org.eclipse.ui.cheatsheets=GIT,tag=v20110425,repo=git://git.eclipse.org/gitroot/platform/eclipse.platform.ua.git,path=org.eclipse.ui.cheatsheets


!**** Tests
plugin@org.eclipse.ua.tests=GIT,tag=v20110819,repo=git://git.eclipse.org/gitroot/platform/eclipse.platform.ua.git,path=org.eclipse.ua.tests
plugin@org.eclipse.ua.tests.doc=GIT,tag=v20110425,repo=git://git.eclipse.org/gitroot/platform/eclipse.platform.ua.git,path=org.eclipse.ua.tests.doc