!***************  UA CONTRIBUTION  *********************************************

!**** Help
plugin@org.eclipse.help=v20100322,:pserver:anonymous@dev.eclipse.org:/cvsroot/eclipse,
plugin@org.eclipse.help.appserver=v20090429_1800,:pserver:anonymous@dev.eclipse.org:/cvsroot/eclipse,
plugin@org.eclipse.help.base=v20100322,:pserver:anonymous@dev.eclipse.org:/cvsroot/eclipse,
plugin@org.eclipse.help.ui=v20100322,:pserver:anonymous@dev.eclipse.org:/cvsroot/eclipse,
plugin@org.eclipse.help.webapp=v20100322,:pserver:anonymous@dev.eclipse.org:/cvsroot/eclipse,

!**** Welcome
plugin@org.eclipse.ui.intro=v20100301,:pserver:anonymous@dev.eclipse.org:/cvsroot/eclipse,
plugin@org.eclipse.ui.intro.universal=v20100315,:pserver:anonymous@dev.eclipse.org:/cvsroot/eclipse,

!**** Cheat sheets
plugin@org.eclipse.ui.cheatsheets=v20100111,:pserver:anonymous@dev.eclipse.org:/cvsroot/eclipse,

!**** Browser
plugin@org.eclipse.ui.browser=v20100126,:pserver:anonymous@dev.eclipse.org:/cvsroot/eclipse,

!**** Forms
plugin@org.eclipse.ui.forms=v20100322,:pserver:anonymous@dev.eclipse.org:/cvsroot/eclipse,

!**** Tests
plugin@org.eclipse.ua.tests=v20100322,:pserver:anonymous@dev.eclipse.org:/cvsroot/eclipse,
plugin@org.eclipse.ua.tests.doc=v20090904,:pserver:anonymous@dev.eclipse.org:/cvsroot/eclipse,
plugin@org.eclipse.ui.tests.forms=v20100301,:pserver:anonymous@dev.eclipse.org:/cvsroot/eclipse,