!***************  UA CONTRIBUTION  *********************************************

!**** Help
plugin@org.eclipse.help=v20090320,:pserver:anonymous@dev.eclipse.org:/cvsroot/eclipse,
plugin@org.eclipse.help.appserver=v20090302,:pserver:anonymous@dev.eclipse.org:/cvsroot/eclipse,
plugin@org.eclipse.help.base=v20090320,:pserver:anonymous@dev.eclipse.org:/cvsroot/eclipse,
plugin@org.eclipse.help.ui=v20090306,:pserver:anonymous@dev.eclipse.org:/cvsroot/eclipse,
plugin@org.eclipse.help.webapp=v20090302,:pserver:anonymous@dev.eclipse.org:/cvsroot/eclipse,

!**** Welcome
plugin@org.eclipse.ui.intro=v20090320,:pserver:anonymous@dev.eclipse.org:/cvsroot/eclipse,
plugin@org.eclipse.ui.intro.universal=v20090320,:pserver:anonymous@dev.eclipse.org:/cvsroot/eclipse,

!**** Cheat sheets
plugin@org.eclipse.ui.cheatsheets=v20081205,:pserver:anonymous@dev.eclipse.org:/cvsroot/eclipse,

!**** Browser
plugin@org.eclipse.ui.browser=v20090302,:pserver:anonymous@dev.eclipse.org:/cvsroot/eclipse,

!**** Forms
plugin@org.eclipse.ui.forms=v20090316,:pserver:anonymous@dev.eclipse.org:/cvsroot/eclipse,

!**** Tests
plugin@org.eclipse.ua.tests=v20090320,:pserver:anonymous@dev.eclipse.org:/cvsroot/eclipse,
plugin@org.eclipse.ui.tests.forms=v20080707,:pserver:anonymous@dev.eclipse.org:/cvsroot/eclipse,